11-11 16:36:46.415  2071  2419 W BroadcastQueue: Permission Denial: receiving Intent { act=android.intent.action.SERVICE_STATE flg=0x1000010 (has extras) } to com.google.android.cellbroadcastreceiver/com.android.cellbroadcastreceiver.CellBroadcastReceiver requires android.permission.ACCESS_FINE_LOCATION due to sender android (uid 1001)
11-11 16:36:46.416  2071  3779 W ContextImpl: Calling a method in the system process without a qualified user: android.app.ContextImpl.sendBroadcastMultiplePermissions:1258 android.content.Context.sendBroadcastMultiplePermissions:2215 com.android.server.TelephonyRegistry.broadcastServiceStateChanged:2986 com.android.server.TelephonyRegistry.notifyServiceStateForPhoneId:1614 com.android.internal.telephony.ITelephonyRegistry$Stub.onTransact:455 
11-11 16:36:46.416  2071  2419 W BroadcastQueue: Permission Denial: receiving Intent { act=android.intent.action.SERVICE_STATE flg=0x1000010 (has extras) } to com.google.android.cellbroadcastreceiver/com.android.cellbroadcastreceiver.CellBroadcastReceiver requires android.permission.READ_PHONE_STATE due to sender android (uid 1001)
11-11 16:36:46.448  2071  6783 I OplusCustomizeService: pkg:com.ses.entitlement.o2 isPlatformSigned, return true drectly 
11-11 16:36:46.448  2071  6783 E OplusCustomizeRestrictionManagerService: getMobileDataMode error :s == null
11-11 16:36:46.449  2071  6783 I OplusCustomizeService: pkg:com.ses.entitlement.o2 isPlatformSigned, return true drectly 
11-11 16:36:46.449  2071  6783 I OplusCustomizeService: pkg:com.ses.entitlement.o2 isPlatformSigned, return true drectly 
11-11 16:36:46.452  2071  3779 I OplusCustomizeService: pkg:com.ses.entitlement.o2 isPlatformSigned, return true drectly 
11-11 16:36:46.452  2071  3779 E OplusCustomizeRestrictionManagerService: getMobileDataMode error :s == null
11-11 16:36:46.452  2071  6783 I OplusCustomizeService: pkg:com.ses.entitlement.o2 isPlatformSigned, return true drectly 
11-11 16:36:46.453  2071  3779 I OplusCustomizeService: pkg:com.ses.entitlement.o2 isPlatformSigned, return true drectly 
11-11 16:36:46.455  2071  3779 I OplusCustomizeService: pkg:com.ses.entitlement.o2 isPlatformSigned, return true drectly 
11-11 16:36:46.455  2071  3779 E OplusCustomizeRestrictionManagerService: getMobileDataMode error :s == null
11-11 16:36:46.456  2071  6094 I OplusCustomizeService: pkg:com.ses.entitlement.o2 isPlatformSigned, return true drectly 
11-11 16:36:46.456  2071  6094 I OplusCustomizeService: pkg:com.ses.entitlement.o2 isPlatformSigned, return true drectly 
11-11 16:36:46.461  2071  3779 I OplusCustomizeService: pkg:com.ses.entitlement.o2 isPlatformSigned, return true drectly 
11-11 16:36:46.461  2071  3779 E OplusCustomizeRestrictionManagerService: getMobileDataMode error :s == null
11-11 16:36:46.461  2071  3779 I OplusCustomizeService: pkg:com.ses.entitlement.o2 isPlatformSigned, return true drectly 
11-11 16:36:46.461  2071  3779 I OplusCustomizeService: pkg:com.ses.entitlement.o2 isPlatformSigned, return true drectly 
11-11 16:36:46.476  2071  3398 V OplusNPMS: getWarningNotification numWarningNotificaion10
11-11 16:36:46.476  2071  3398 V OplusNPMS: getWarningNotification numWarningNotificaion10
11-11 16:36:46.476  2071  3398 V OplusNPMS: getLimitNotificationState subID=1
11-11 16:36:46.476  2071  3398 V OplusNPMS: getLimitNotificationState mSubidToIccId != null
11-11 16:36:46.484  2071  3398 V OplusNPMS: getWarningNotification numWarningNotificaion10
11-11 16:36:46.484  2071  3398 V OplusNPMS: getWarningNotification numWarningNotificaion10
11-11 16:36:46.484  2071  3398 V OplusNPMS: getLimitNotificationState subID=1
11-11 16:36:46.484  2071  3398 V OplusNPMS: getLimitNotificationState mSubidToIccId != null
11-11 16:36:47.374  2071  2461 D OplusFeatureBrightnessBarController: mDarkLevel: 0
11-11 16:36:51.068  2071  2071 W ActivityManager: Receiver with filter android.content.IntentFilter@2b5cae9 already registered for pid 2071, callerPackage is android
11-11 16:36:51.309  2071  2071 D CompatibilityChangeReporter: Compat change id reported: 135634846; UID 10292; state: DISABLED
11-11 16:36:51.309  2071  2071 D CompatibilityChangeReporter: Compat change id reported: 177438394; UID 10292; state: DISABLED
11-11 16:36:51.310  2071  2071 D CompatibilityChangeReporter: Compat change id reported: 135772972; UID 10292; state: DISABLED
11-11 16:36:51.310  2071  2071 D CompatibilityChangeReporter: Compat change id reported: 135754954; UID 10292; state: ENABLED
11-11 16:36:51.311  2071  2413 D CompatibilityChangeReporter: Compat change id reported: 143937733; UID 10292; state: ENABLED
11-11 16:36:51.313  2071  2071 D CompatibilityChangeReporter: Compat change id reported: 135634846; UID 10310; state: DISABLED
11-11 16:36:51.313  2071  2071 D CompatibilityChangeReporter: Compat change id reported: 177438394; UID 10310; state: DISABLED
11-11 16:36:51.313  2071  2071 D CompatibilityChangeReporter: Compat change id reported: 135772972; UID 10310; state: DISABLED
11-11 16:36:51.313  2071  2071 D CompatibilityChangeReporter: Compat change id reported: 135754954; UID 10310; state: ENABLED
11-11 16:36:51.335  2071  2413 I ActivityManager: Start proc 26182:com.et.reader.activities/u0a292 for service {com.et.reader.activities/androidx.work.impl.background.systemjob.SystemJobService}
11-11 16:36:51.335  2071  2413 D CompatibilityChangeReporter: Compat change id reported: 143937733; UID 10310; state: ENABLED
11-11 16:36:51.356  2071  2413 I ActivityManager: Start proc 26185:com.reddit.frontpage/u0a310 for service {com.reddit.frontpage/androidx.work.impl.background.systemjob.SystemJobService}
11-11 16:36:51.364  2071  3779 D CompatibilityChangeReporter: Compat change id reported: 168419799; UID 10292; state: DISABLED
11-11 16:36:51.381  2071  3779 D CompatibilityChangeReporter: Compat change id reported: 168419799; UID 10310; state: DISABLED
11-11 16:36:51.522 26182 26182 E LoadedApk: Unable to instantiate appComponentFactory
11-11 16:36:51.522 26182 26182 E LoadedApk: java.lang.ClassNotFoundException: Didn't find class "com.et.reader.activities.androidx" on path: DexPathList[[zip file "/data/app/~~uqFJKpoOuODxsc_2dtdVmw==/com.et.reader.activities-H3EM6fcidECDRyAlezlFxA==/base.apk", zip file "/data/app/~~uqFJKpoOuODxsc_2dtdVmw==/com.et.reader.activities-H3EM6fcidECDRyAlezlFxA==/split_config.arm64_v8a.apk", zip file "/data/app/~~uqFJKpoOuODxsc_2dtdVmw==/com.et.reader.activities-H3EM6fcidECDRyAlezlFxA==/split_config.xxhdpi.apk"],nativeLibraryDirectories=[/data/app/~~uqFJKpoOuODxsc_2dtdVmw==/com.et.reader.activities-H3EM6fcidECDRyAlezlFxA==/lib/arm64, /data/app/~~uqFJKpoOuODxsc_2dtdVmw==/com.et.reader.activities-H3EM6fcidECDRyAlezlFxA==/base.apk!/lib/arm64-v8a, /data/app/~~uqFJKpoOuODxsc_2dtdVmw==/com.et.reader.activities-H3EM6fcidECDRyAlezlFxA==/split_config.arm64_v8a.apk!/lib/arm64-v8a, /data/app/~~uqFJKpoOuODxsc_2dtdVmw==/com.et.reader.activities-H3EM6fcidECDRyAlezlFxA==/split_config.xxhdpi.apk!/lib/arm64-v8a, /system/lib64, /system_ext/lib64]]
11-11 16:36:51.522 26182 26182 E LoadedApk: 	at dalvik.system.BaseDexClassLoader.findClass(BaseDexClassLoader.java:218)
11-11 16:36:51.522 26182 26182 E LoadedApk: 	at java.lang.ClassLoader.loadClass(ClassLoader.java:379)
11-11 16:36:51.522 26182 26182 E LoadedApk: 	at java.lang.ClassLoader.loadClass(ClassLoader.java:312)
11-11 16:36:51.522 26182 26182 E LoadedApk: 	at android.app.LoadedApk.createAppFactory(LoadedApk.java:267)
11-11 16:36:51.522 26182 26182 E LoadedApk: 	at android.app.LoadedApk.createOrUpdateClassLoaderLocked(LoadedApk.java:990)
11-11 16:36:51.522 26182 26182 E LoadedApk: 	at android.app.LoadedApk.getClassLoader(LoadedApk.java:1080)
11-11 16:36:51.522 26182 26182 E LoadedApk: 	at android.app.LoadedApk.getResources(LoadedApk.java:1335)
11-11 16:36:51.522 26182 26182 E LoadedApk: 	at android.app.ContextImpl.createAppContext(ContextImpl.java:3045)
11-11 16:36:51.522 26182 26182 E LoadedApk: 	at android.app.ContextImpl.createAppContext(ContextImpl.java:3037)
11-11 16:36:51.522 26182 26182 E LoadedApk: 	at android.app.ActivityThread.handleBindApplication(ActivityThread.java:6928)
11-11 16:36:51.522 26182 26182 E LoadedApk: 	at android.app.ActivityThread.access$1800(ActivityThread.java:254)
11-11 16:36:51.522 26182 26182 E LoadedApk: 	at android.app.ActivityThread$H.handleMessage(ActivityThread.java:2184)
11-11 16:36:51.522 26182 26182 E LoadedApk: 	at android.os.Handler.dispatchMessage(Handler.java:106)
11-11 16:36:51.522 26182 26182 E LoadedApk: 	at android.os.Looper.loopOnce(Looper.java:233)
11-11 16:36:51.522 26182 26182 E LoadedApk: 	at android.os.Looper.loop(Looper.java:344)
11-11 16:36:51.522 26182 26182 E LoadedApk: 	at android.app.ActivityThread.main(ActivityThread.java:8212)
11-11 16:36:51.522 26182 26182 E LoadedApk: 	at java.lang.reflect.Method.invoke(Native Method)
11-11 16:36:51.522 26182 26182 E LoadedApk: 	at com.android.internal.os.RuntimeInit$MethodAndArgsCaller.run(RuntimeInit.java:584)
11-11 16:36:51.522 26182 26182 E LoadedApk: 	at com.android.internal.os.ZygoteInit.main(ZygoteInit.java:1034)
11-11 16:36:51.522 26182 26182 E LoadedApk: 	Suppressed: java.io.IOException: Failed to open dex files from /data/app/~~uqFJKpoOuODxsc_2dtdVmw==/com.et.reader.activities-H3EM6fcidECDRyAlezlFxA==/split_config.arm64_v8a.apk because: Entry not found
11-11 16:36:51.522 26182 26182 E LoadedApk: 		at dalvik.system.DexFile.openDexFileNative(Native Method)
11-11 16:36:51.522 26182 26182 E LoadedApk: 		at dalvik.system.DexFile.openDexFile(DexFile.java:371)
11-11 16:36:51.522 26182 26182 E LoadedApk: 		at dalvik.system.DexFile.<init>(DexFile.java:113)
11-11 16:36:51.522 26182 26182 E LoadedApk: 		at dalvik.system.DexFile.<init>(DexFile.java:86)
11-11 16:36:51.522 26182 26182 E LoadedApk: 		at dalvik.system.DexPathList.loadDexFile(DexPathList.java:438)
11-11 16:36:51.522 26182 26182 E LoadedApk: 		at dalvik.system.DexPathList.makeDexElements(DexPathList.java:397)
11-11 16:36:51.522 26182 26182 E LoadedApk: 		at dalvik.system.DexPathList.<init>(DexPathList.java:166)
11-11 16:36:51.522 26182 26182 E LoadedApk: 		at dalvik.system.BaseDexClassLoader.<init>(BaseDexClassLoader.java:134)
11-11 16:36:51.522 26182 26182 E LoadedApk: 		at dalvik.system.BaseDexClassLoader.<init>(BaseDexClassLoader.java:109)
11-11 16:36:51.522 26182 26182 E LoadedApk: 		at dalvik.system.PathClassLoader.<init>(PathClassLoader.java:107)
11-11 16:36:51.522 26182 26182 E LoadedApk: 		at com.android.internal.os.ClassLoaderFactory.createClassLoader(ClassLoaderFactory.java:88)
11-11 16:36:51.522 26182 26182 E LoadedApk: 		at com.android.internal.os.ClassLoaderFactory.createClassLoader(ClassLoaderFactory.java:117)
11-11 16:36:51.522 26182 26182 E LoadedApk: 		at android.app.ApplicationLoaders.getClassLoader(ApplicationLoaders.java:127)
11-11 16:36:51.522 26182 26182 E LoadedApk: 		at android.app.ApplicationLoaders.getClassLoaderWithSharedLibraries(ApplicationLoaders.java:62)
11-11 16:36:51.522 26182 26182 E LoadedApk: 		at android.app.LoadedApk.createOrUpdateClassLoaderLocked(LoadedApk.java:986)
11-11 16:36:51.522 26182 26182 E LoadedApk: 		... 14 more
11-11 16:36:51.522 26182 26182 E LoadedApk: 	Suppressed: java.io.IOException: Failed to open dex files from /data/app/~~uqFJKpoOuODxsc_2dtdVmw==/com.et.reader.activities-H3EM6fcidECDRyAlezlFxA==/split_config.xxhdpi.apk because: Entry not found
11-11 16:36:51.522 26182 26182 E LoadedApk: 		at dalvik.system.DexFile.openDexFileNative(Native Method)
11-11 16:36:51.522 26182 26182 E LoadedApk: 		at dalvik.system.DexFile.openDexFile(DexFile.java:371)
11-11 16:36:51.522 26182 26182 E LoadedApk: 		at dalvik.system.DexFile.<init>(DexFile.java:113)
11-11 16:36:51.522 26182 26182 E LoadedApk: 		at dalvik.system.DexFile.<init>(DexFile.java:86)
11-11 16:36:51.522 26182 26182 E LoadedApk: 		at dalvik.system.DexPathList.loadDexFile(DexPathList.java:438)
11-11 16:36:51.522 26182 26182 E LoadedApk: 		at dalvik.system.DexPathList.makeDexElements(DexPathList.java:397)
11-11 16:36:51.522 26182 26182 E LoadedApk: 		at dalvik.system.DexPathList.<init>(DexPathList.java:166)
11-11 16:36:51.522 26182 26182 E LoadedApk: 		at dalvik.system.BaseDexClassLoader.<init>(BaseDexClassLoader.java:134)
11-11 16:36:51.522 26182 26182 E LoadedApk: 		at dalvik.system.BaseDexClassLoader.<init>(BaseDexClassLoader.java:109)
11-11 16:36:51.522 26182 26182 E LoadedApk: 		at dalvik.system.PathClassLoader.<init>(PathClassLoader.java:107)
11-11 16:36:51.522 26182 26182 E LoadedApk: 		at com.android.internal.os.ClassLoaderFactory.createClassLoader(ClassLoaderFactory.java:88)
11-11 16:36:51.522 26182 26182 E LoadedApk: 		at com.android.internal.os.ClassLoaderFactory.createClassLoader(ClassLoaderFactory.java:117)
11-11 16:36:51.522 26182 26182 E LoadedApk: 		at android.app.ApplicationLoaders.getClassLoader(ApplicationLoaders.java:127)
11-11 16:36:51.522 26182 26182 E LoadedApk: 		at android.app.ApplicationLoaders.getClassLoaderWithSharedLibraries(ApplicationLoaders.java:62)
11-11 16:36:51.522 26182 26182 E LoadedApk: 		at android.app.LoadedApk.createOrUpdateClassLoaderLocked(LoadedApk.java:986)
11-11 16:36:51.522 26182 26182 E LoadedApk: 		... 14 more
11-11 16:36:51.556  2071  6094 W PackageManager: package unknown uid 10292 pid 26182 call SetEnabledSetting(com.et.reader.activities component = androidx.work.impl.background.systemjob.SystemJobService, 1, 0x1, 0)
11-11 16:36:51.740  2071  3670 W PackageManager: package unknown uid 10310 pid 26185 call SetEnabledSetting(com.reddit.frontpage component = androidx.work.impl.background.systemjob.SystemJobService, 1, 0x1, 0)
11-11 16:36:51.758  2071  2071 V DebugLogService: LFEService, onServiceDisconnected
11-11 16:36:51.758  2071  3779 I ActivityManager: Process com.oplus.lfeh (pid 25231) has died: vis IMPF
11-11 16:36:51.764  2071  3779 W ContextImpl: Calling a method in the system process without a qualified user: android.app.ContextImpl.sendBroadcast:1175 com.android.server.am.OplusExtraActivityManagerService.setKeyLockModeNormal:51 com.android.server.am.ActivityManagerServiceExtImpl.setKeyLockModeNormal:846 com.android.server.am.ActivityManagerService.appDiedLocked:3389 com.android.server.am.ActivityManagerService$AppDeathRecipient.binderDied:1531 
11-11 16:36:51.766  2071  3779 W ActivityManager: Scheduling restart of crashed service com.oplus.lfeh/.service.LogFileEncrypterService in 1000ms for connection
11-11 16:36:51.783  2071  4808 D OplusProxyWakeLock: remove uid: 10287 wiht all pids from wakelockUidInfo list
11-11 16:36:51.783  2071  4808 D OplusProxyWakeLock: remove uid: 10296 wiht all pids from wakelockUidInfo list
11-11 16:36:51.783  2071  4808 D OplusProxyWakeLock: remove uid: 10436 wiht all pids from wakelockUidInfo list
11-11 16:36:51.796  2071  3779 D AppProfilerExtImpl: Skipped pss collection for CPU busy
11-11 16:36:51.972  2071  3778 W PackageManager: package unknown uid 10310 pid 26185 call SetEnabledSetting(com.reddit.frontpage component = androidx.work.impl.background.systemalarm.RescheduleReceiver, 1, 0x1, 0)
11-11 16:36:51.999  2071  6782 W PackageManager: package unknown uid 10310 pid 26185 call SetEnabledSetting(com.reddit.frontpage component = androidx.work.impl.background.systemalarm.RescheduleReceiver, 1, 0x1, 0)
11-11 16:36:52.024  2071  3670 W PackageManager: package unknown uid 10310 pid 26185 call SetEnabledSetting(com.reddit.frontpage component = androidx.work.impl.background.systemalarm.RescheduleReceiver, 1, 0x1, 0)
11-11 16:36:52.040  2071  4222 W PackageManager: package unknown uid 10310 pid 26185 call SetEnabledSetting(com.reddit.frontpage component = androidx.work.impl.background.systemalarm.RescheduleReceiver, 1, 0x1, 0)
11-11 16:36:52.349  2071  6100 D CompatibilityChangeReporter: Compat change id reported: 135634846; UID 10292; state: DISABLED
11-11 16:36:52.349  2071  6100 D CompatibilityChangeReporter: Compat change id reported: 177438394; UID 10292; state: DISABLED
11-11 16:36:52.349  2071  6100 D CompatibilityChangeReporter: Compat change id reported: 135772972; UID 10292; state: DISABLED
11-11 16:36:52.349  2071  6100 D CompatibilityChangeReporter: Compat change id reported: 135754954; UID 10292; state: ENABLED
11-11 16:36:52.349  2071  2413 D CompatibilityChangeReporter: Compat change id reported: 143937733; UID 10292; state: ENABLED
11-11 16:36:52.366  2071  2413 I ActivityManager: Start proc 26473:com.google.android.webview:sandboxed_process0:org.chromium.content.app.SandboxedProcessService0:0/u0i949 for  {com.et.reader.activities/org.chromium.content.app.SandboxedProcessService0:0}
11-11 16:36:52.560  2071  4222 I ActivityManager: Killing 24756:com.humblemobile.consumer/u0a296 (adj 925): empty #17
11-11 16:36:52.595  2071  3778 I ActivityManager: Killing 19526:com.mpl.androidapp:pushservice/u0a436 (adj 935): empty #17
11-11 16:36:52.598  2071  3778 I ActivityManager: Killing 24757:com.linkedin.android/u0a268 (adj 985): empty #18
11-11 16:36:52.686  2071  2415 I ActivityManager: Process PhantomProcessRecord {dc4d56f 19747:19526:com.mpl.androidapp:pushservice/u0a436} died
11-11 16:36:52.691  2071  2415 I ActivityManager: Process PhantomProcessRecord {8b0e27c 19721:19526:com.mpl.androidapp:pushservice/u0a436} died
11-11 16:36:52.759  2071  6782 W ActivityManager: Scheduling restart of crashed service com.mpl.androidapp/com.xiaomi.push.service.XMPushService in 1000ms for connection
11-11 16:36:53.763  2071  2412 D CompatibilityChangeReporter: Compat change id reported: 135634846; UID 10436; state: DISABLED
11-11 16:36:53.766  2071  2413 D CompatibilityChangeReporter: Compat change id reported: 143937733; UID 10436; state: DISABLED
11-11 16:36:53.792  2071  2413 I ActivityManager: Start proc 26517:com.mpl.androidapp:pushservice/u0a436 for service {com.mpl.androidapp/com.xiaomi.push.service.XMPushService}
11-11 16:36:53.863  2071  6100 D CompatibilityChangeReporter: Compat change id reported: 168419799; UID 10436; state: DISABLED
11-11 16:36:57.265  2071  4222 I ActivityManager: Killing 25172:com.google.process.gapps/u0a132 (adj 995): empty #17
11-11 16:37:00.050  2071  3778 E OplusCustomizeRestrictionManagerService: isBiometricDisabled start
11-11 16:37:00.051  2071  4628 E OplusCustomizeRestrictionManagerService: isBiometricDisabled start
11-11 16:37:00.078  1466  1466 I Quality : SFJankCountInfo: 20; 0; 0; 0; 0; 0; 1; 1; 2; 0; 14
11-11 16:37:07.373  2071  2461 D OplusFeatureBrightnessBarController: mDarkLevel: 0
11-11 16:37:08.976  2071  2461 D OplusFeatureBrightnessBarController: mDarkLevel: 0
11-11 16:37:10.374  2071  2461 D OplusFeatureBrightnessBarController: mDarkLevel: 0
11-11 16:37:23.423  2071  4808 D OplusProxyWakeLock: remove uid: 10292 wiht all pids from wakelockUidInfo list
11-11 16:37:23.430  2071  4808 D OplusProxyWakeLock: remove uid: 10310 wiht all pids from wakelockUidInfo list
11-11 16:37:25.574  2071  2461 D OplusFeatureBrightnessBarController: mDarkLevel: 0
11-11 16:37:29.574  2071  2461 D OplusFeatureBrightnessBarController: mDarkLevel: 0
11-11 16:37:35.374  2071  2461 D OplusFeatureBrightnessBarController: mDarkLevel: 0
11-11 16:37:37.175  2071  2461 D OplusFeatureBrightnessBarController: mDarkLevel: 0
11-11 16:37:38.175  2071  2461 D OplusFeatureBrightnessBarController: mDarkLevel: 0
11-11 16:37:39.375  2071  2461 D OplusFeatureBrightnessBarController: mDarkLevel: 0
11-11 16:37:41.376  2071  2461 D OplusFeatureBrightnessBarController: mDarkLevel: 0
11-11 16:37:42.576  2071  2461 D OplusFeatureBrightnessBarController: mDarkLevel: 0
11-11 16:37:43.976  2071  2461 D OplusFeatureBrightnessBarController: mDarkLevel: 0
11-11 16:37:45.375  2071  2461 D OplusFeatureBrightnessBarController: mDarkLevel: 0
11-11 16:37:50.977  2071  2461 D OplusFeatureBrightnessBarController: mDarkLevel: 0
11-11 16:37:51.079  2071  2071 W ActivityManager: Receiver with filter android.content.IntentFilter@f6e26bd already registered for pid 2071, callerPackage is android
11-11 16:37:52.977  2071  2461 D OplusFeatureBrightnessBarController: mDarkLevel: 0
11-11 16:37:56.777  2071  2461 D OplusFeatureBrightnessBarController: mDarkLevel: 0
11-11 16:37:59.577  2071  2461 D OplusFeatureBrightnessBarController: mDarkLevel: 0
11-11 16:38:00.052  2071  4628 E OplusCustomizeRestrictionManagerService: isBiometricDisabled start
11-11 16:38:00.054  2071  3778 E OplusCustomizeRestrictionManagerService: isBiometricDisabled start
11-11 16:38:00.575  2071  2461 D OplusFeatureBrightnessBarController: mDarkLevel: 0
11-11 16:38:01.105  1466  1466 I Quality : SFJankCountInfo: 13; 0; 0; 0; 0; 0; 0; 1; 0; 0; 10
11-11 16:38:01.778  2071  2461 D OplusFeatureBrightnessBarController: mDarkLevel: 0
11-11 16:38:07.176  2071  2461 D OplusFeatureBrightnessBarController: mDarkLevel: 0
11-11 16:38:10.576  2071  2461 D OplusFeatureBrightnessBarController: mDarkLevel: 0
11-11 16:38:12.519  2071  2071 D CompatibilityChangeReporter: Compat change id reported: 135634846; UID 10145; state: DISABLED
11-11 16:38:12.519  2071  2071 D CompatibilityChangeReporter: Compat change id reported: 177438394; UID 10145; state: DISABLED
11-11 16:38:12.519  2071  2071 D CompatibilityChangeReporter: Compat change id reported: 135772972; UID 10145; state: DISABLED
11-11 16:38:12.519  2071  2071 D CompatibilityChangeReporter: Compat change id reported: 135754954; UID 10145; state: ENABLED
11-11 16:38:12.520  2071  2413 D CompatibilityChangeReporter: Compat change id reported: 143937733; UID 10145; state: ENABLED
11-11 16:38:12.542  2071  2413 I ActivityManager: Start proc 26800:com.google.android.apps.photos/u0a145 for service {com.google.android.apps.photos/androidx.work.impl.background.systemjob.SystemJobService}
11-11 16:38:12.806  2071  4628 W PackageManager: package unknown uid 10145 pid 26800 call SetEnabledSetting(com.google.android.apps.photos component = androidx.work.impl.background.systemjob.SystemJobService, 1, 0x1, 0)
11-11 16:38:12.869 26800 26821 E OplusCustomizeRestrictionManager: sInstance is null, start a new sInstance
11-11 16:38:13.283  2071  3778 I ActivityManager: Killing 25191:com.android.providers.calendar/u0a85 (adj 995): empty #17
11-11 16:38:13.574  2071  2461 D OplusFeatureBrightnessBarController: mDarkLevel: 0
11-11 16:38:15.176  2071  2461 D OplusFeatureBrightnessBarController: mDarkLevel: 0
11-11 16:38:16.176  2071  2461 D OplusFeatureBrightnessBarController: mDarkLevel: 0
11-11 16:38:18.975  2071  2461 D OplusFeatureBrightnessBarController: mDarkLevel: 0
11-11 16:38:20.776  2071  2461 D OplusFeatureBrightnessBarController: mDarkLevel: 0
11-11 16:38:23.463  2071  2461 D OplusFeatureBrightnessBarController: mDarkLevel: 0
11-11 16:38:25.489  2071  2461 D OplusFeatureBrightnessBarController: mDarkLevel: 0
11-11 16:38:26.776  2071  2461 D OplusFeatureBrightnessBarController: mDarkLevel: 0
11-11 16:38:28.274  2071  2071 I SoundTriggerHelper: Recognition success
11-11 16:38:28.276  5969 20889 I AlwaysOnHotwordDetector: onDetected
11-11 16:38:28.576  2071  2461 D OplusFeatureBrightnessBarController: mDarkLevel: 0
11-11 16:38:29.490  2071  2461 D OplusFeatureBrightnessBarController: mDarkLevel: 0
11-11 16:38:29.563  2071  3460 I SoundTriggerHelper: startRecognition successful.
11-11 16:38:29.576  2071  3130 I UsageStatsService: User[0] Flushing usage stats to disk
11-11 16:38:33.512  2071  2461 D OplusFeatureBrightnessBarController: mDarkLevel: 0
11-11 16:38:35.176  2071  2461 D OplusFeatureBrightnessBarController: mDarkLevel: 0
11-11 16:38:36.515  2071  2461 D OplusFeatureBrightnessBarController: mDarkLevel: 0
11-11 16:38:37.776  2071  2461 D OplusFeatureBrightnessBarController: mDarkLevel: 0
11-11 16:38:44.176  2071  2461 D OplusFeatureBrightnessBarController: mDarkLevel: 0
11-11 16:38:45.191  2071  9097 D UsageStatsService: User[0] type=0 b=1668164731843 e=1668164925190 cb=1668083142177 ce=1668164919553 disk=0 all=1
11-11 16:38:47.174  2071  2461 D OplusFeatureBrightnessBarController: mDarkLevel: 0
11-11 16:38:51.067  2071  2071 W ActivityManager: Receiver with filter android.content.IntentFilter@30805bc already registered for pid 2071, callerPackage is android
11-11 16:38:54.975  2071  2461 D OplusFeatureBrightnessBarController: mDarkLevel: 0
11-11 16:38:59.976  2071  2461 D OplusFeatureBrightnessBarController: mDarkLevel: 0
11-11 16:39:00.043  2071  4628 E OplusCustomizeRestrictionManagerService: isBiometricDisabled start
11-11 16:39:00.044  2071  4628 E OplusCustomizeRestrictionManagerService: isBiometricDisabled start
11-11 16:39:00.974  2071  2461 D OplusFeatureBrightnessBarController: mDarkLevel: 0
11-11 16:39:04.108  1466  1466 I Quality : SFJankCountInfo: 16; 0; 0; 0; 0; 0; 1; 0; 0; 0; 13
11-11 16:39:07.175  2071  2461 D OplusFeatureBrightnessBarController: mDarkLevel: 0
11-11 16:39:07.928  2071  6100 W ContextImpl: Calling a method in the system process without a qualified user: android.app.ContextImpl.sendBroadcastMultiplePermissions:1208 com.android.server.TelephonyRegistry.broadcastServiceStateChanged:2971 com.android.server.TelephonyRegistry.notifyServiceStateForPhoneId:1614 com.android.internal.telephony.ITelephonyRegistry$Stub.onTransact:455 android.os.Binder.execTransactInternal:1226 
11-11 16:39:07.930  2071  2419 W BroadcastQueue: Permission Denial: receiving Intent { act=android.intent.action.SERVICE_STATE flg=0x1000010 (has extras) } to ProcessRecord{49f5e84 3581:com.android.systemui/u0a175} (pid=3581, uid=10175) requires android.permission.ACCESS_FINE_LOCATION due to sender android (uid 1001)
11-11 16:39:07.930  2071  6100 W ContextImpl: Calling a method in the system process without a qualified user: android.app.ContextImpl.sendBroadcastMultiplePermissions:1258 android.content.Context.sendBroadcastMultiplePermissions:2215 com.android.server.TelephonyRegistry.broadcastServiceStateChanged:2975 com.android.server.TelephonyRegistry.notifyServiceStateForPhoneId:1614 com.android.internal.telephony.ITelephonyRegistry$Stub.onTransact:455 
11-11 16:39:07.931  2071  2419 W BroadcastQueue: Permission Denial: receiving Intent { act=android.intent.action.SERVICE_STATE flg=0x1000010 (has extras) } to com.google.android.cellbroadcastreceiver/com.android.cellbroadcastreceiver.CellBroadcastReceiver requires android.permission.READ_PHONE_STATE due to sender android (uid 1001)
11-11 16:39:07.931  2071  2419 W BroadcastQueue: Permission Denial: receiving Intent { act=android.intent.action.SERVICE_STATE flg=0x1000010 (has extras) } to ProcessRecord{49f5e84 3581:com.android.systemui/u0a175} (pid=3581, uid=10175) requires android.permission.ACCESS_FINE_LOCATION due to sender android (uid 1001)
11-11 16:39:07.932  2071  6100 W ContextImpl: Calling a method in the system process without a qualified user: android.app.ContextImpl.sendBroadcastMultiplePermissions:1258 android.content.Context.sendBroadcastMultiplePermissions:2215 com.android.server.TelephonyRegistry.broadcastServiceStateChanged:2982 com.android.server.TelephonyRegistry.notifyServiceStateForPhoneId:1614 com.android.internal.telephony.ITelephonyRegistry$Stub.onTransact:455 
11-11 16:39:07.932  2071  2419 W BroadcastQueue: Permission Denial: receiving Intent { act=android.intent.action.SERVICE_STATE flg=0x1000010 (has extras) } to com.google.android.cellbroadcastreceiver/com.android.cellbroadcastreceiver.CellBroadcastReceiver requires android.permission.ACCESS_FINE_LOCATION due to sender android (uid 1001)
11-11 16:39:07.933  2071  6100 W ContextImpl: Calling a method in the system process without a qualified user: android.app.ContextImpl.sendBroadcastMultiplePermissions:1258 android.content.Context.sendBroadcastMultiplePermissions:2215 com.android.server.TelephonyRegistry.broadcastServiceStateChanged:2986 com.android.server.TelephonyRegistry.notifyServiceStateForPhoneId:1614 com.android.internal.telephony.ITelephonyRegistry$Stub.onTransact:455 
11-11 16:39:07.935  2071  2419 W BroadcastQueue: Permission Denial: receiving Intent { act=android.intent.action.SERVICE_STATE flg=0x1000010 (has extras) } to com.google.android.cellbroadcastreceiver/com.android.cellbroadcastreceiver.CellBroadcastReceiver requires android.permission.READ_PHONE_STATE due to sender android (uid 1001)
11-11 16:39:07.964  2071  3670 I OplusCustomizeService: pkg:com.ses.entitlement.o2 isPlatformSigned, return true drectly 
11-11 16:39:07.964  2071  3670 E OplusCustomizeRestrictionManagerService: getMobileDataMode error :s == null
11-11 16:39:07.965  2071  3460 I OplusCustomizeService: pkg:com.ses.entitlement.o2 isPlatformSigned, return true drectly 
11-11 16:39:07.965  2071  6100 I OplusCustomizeService: pkg:com.ses.entitlement.o2 isPlatformSigned, return true drectly 
11-11 16:39:07.977  2071  6100 I OplusCustomizeService: pkg:com.ses.entitlement.o2 isPlatformSigned, return true drectly 
11-11 16:39:07.977  2071  6100 E OplusCustomizeRestrictionManagerService: getMobileDataMode error :s == null
11-11 16:39:07.978  2071  6100 I OplusCustomizeService: pkg:com.ses.entitlement.o2 isPlatformSigned, return true drectly 
11-11 16:39:07.978  2071  6100 I OplusCustomizeService: pkg:com.ses.entitlement.o2 isPlatformSigned, return true drectly 
11-11 16:39:07.983  2071  6100 I OplusCustomizeService: pkg:com.ses.entitlement.o2 isPlatformSigned, return true drectly 
11-11 16:39:07.983  2071  6100 E OplusCustomizeRestrictionManagerService: getMobileDataMode error :s == null
11-11 16:39:07.983  2071  6100 I OplusCustomizeService: pkg:com.ses.entitlement.o2 isPlatformSigned, return true drectly 
11-11 16:39:07.983  2071  6100 I OplusCustomizeService: pkg:com.ses.entitlement.o2 isPlatformSigned, return true drectly 
11-11 16:39:07.988  2071  6100 I OplusCustomizeService: pkg:com.ses.entitlement.o2 isPlatformSigned, return true drectly 
11-11 16:39:07.988  2071  6100 E OplusCustomizeRestrictionManagerService: getMobileDataMode error :s == null
11-11 16:39:07.988  2071  6100 I OplusCustomizeService: pkg:com.ses.entitlement.o2 isPlatformSigned, return true drectly 
11-11 16:39:07.990  2071  6100 I OplusCustomizeService: pkg:com.ses.entitlement.o2 isPlatformSigned, return true drectly 
11-11 16:39:08.174  2071  2461 D OplusFeatureBrightnessBarController: mDarkLevel: 0
11-11 16:39:08.888  4059  4582 E ActivityThread: Failed to find provider info for com.oplus.provider.BlackListProvider
11-11 16:39:08.889  4059  4582 E ActivityThread: Failed to find provider info for com.oplus.provider.BlackListProvider
11-11 16:39:08.918  4059  4582 E ActivityThread: Failed to find provider info for com.oplus.provider.BlackListProvider
11-11 16:39:08.918  4059  4582 E ActivityThread: Failed to find provider info for com.oplus.provider.BlackListProvider
11-11 16:39:08.927  2071  3460 I OplusCustomizeService: pkg:com.ses.entitlement.o2 isPlatformSigned, return true drectly 
11-11 16:39:08.927  2071  3460 I OplusCustomizeService: pkg:com.ses.entitlement.o2 isPlatformSigned, return true drectly 
11-11 16:39:08.928  2071  3460 I OplusCustomizeService: pkg:com.ses.entitlement.o2 isPlatformSigned, return true drectly 
11-11 16:39:08.928  2071  3460 I OplusCustomizeService: pkg:com.ses.entitlement.o2 isPlatformSigned, return true drectly 
11-11 16:39:08.928  2071  3460 D OplusCustomizeRestrictionManagerService: isSmsreceiveDisabled null
11-11 16:39:08.928  2071  3460 I OplusCustomizeService: pkg:com.ses.entitlement.o2 isPlatformSigned, return true drectly 
11-11 16:39:08.929  2071  3460 I OplusCustomizeService: pkg:com.ses.entitlement.o2 isPlatformSigned, return true drectly 
11-11 16:39:08.982  2071  3670 D CompatibilityChangeReporter: Compat change id reported: 171306433; UID 10161; state: ENABLED
11-11 16:39:09.159  2071  3670 W PackageManager: package unknown uid 10161 pid 23980 call SetEnabledSetting(com.google.android.apps.messaging component = androidx.work.impl.background.systemalarm.RescheduleReceiver, 1, 0x1, 0)
11-11 16:39:09.378  2071  3460 W PackageManager: package unknown uid 10161 pid 23980 call SetEnabledSetting(com.google.android.apps.messaging component = androidx.work.impl.background.systemalarm.RescheduleReceiver, 1, 0x1, 0)
11-11 16:39:09.462  2071  4628 W PackageManager: package unknown uid 10161 pid 23980 call SetEnabledSetting(com.google.android.apps.messaging component = androidx.work.impl.background.systemalarm.RescheduleReceiver, 1, 0x1, 0)
11-11 16:39:09.496  2071  3670 D CompatibilityChangeReporter: Compat change id reported: 135634846; UID 10132; state: DISABLED
11-11 16:39:09.496  2071  3670 D CompatibilityChangeReporter: Compat change id reported: 177438394; UID 10132; state: DISABLED
11-11 16:39:09.496  2071  3670 D CompatibilityChangeReporter: Compat change id reported: 135772972; UID 10132; state: DISABLED
11-11 16:39:09.496  2071  3670 D CompatibilityChangeReporter: Compat change id reported: 135754954; UID 10132; state: ENABLED
11-11 16:39:09.496  2071  2413 D CompatibilityChangeReporter: Compat change id reported: 143937733; UID 10132; state: ENABLED
11-11 16:39:09.514  2071  2413 I ActivityManager: Start proc 27006:com.google.android.gms.unstable/u0a132 for service {com.google.android.gms/com.google.android.gms.droidguard.DroidGuardService}
11-11 16:39:09.613  2071  6100 D CompatibilityChangeReporter: Compat change id reported: 135634846; UID 10280; state: DISABLED
11-11 16:39:09.613  2071  6100 D CompatibilityChangeReporter: Compat change id reported: 177438394; UID 10280; state: DISABLED
11-11 16:39:09.613  2071  6100 D CompatibilityChangeReporter: Compat change id reported: 135772972; UID 10280; state: DISABLED
11-11 16:39:09.613  2071  6100 D CompatibilityChangeReporter: Compat change id reported: 135754954; UID 10280; state: ENABLED
11-11 16:39:09.614  2071  2413 D CompatibilityChangeReporter: Compat change id reported: 143937733; UID 10280; state: ENABLED
11-11 16:39:09.632  2071  2413 I ActivityManager: Start proc 27027:com.truecaller/u0a280 for broadcast {com.truecaller/com.truecaller.messaging.transport.sms.SmsReceiver}
11-11 16:39:09.678  2071  3460 W PackageManager: package unknown uid 10161 pid 23980 call SetEnabledSetting(com.google.android.apps.messaging component = androidx.work.impl.background.systemalarm.RescheduleReceiver, 1, 0x1, 0)
11-11 16:39:10.054  2071  3670 W PackageManager: package unknown uid 10280 pid 27027 call SetEnabledSetting(com.truecaller component = androidx.work.impl.background.systemjob.SystemJobService, 1, 0x1, 0)
11-11 16:39:10.213  2071  6100 W PackageManager: package unknown uid 10280 pid 27027 call SetEnabledSetting(com.truecaller component = com.truecaller.incallui.service.InCallUIService, 2, 0x1, 0)
11-11 16:39:10.225  2071  4628 W PackageManager: package unknown uid 10280 pid 27027 call SetEnabledSetting(com.truecaller component = androidx.work.impl.background.systemalarm.RescheduleReceiver, 1, 0x1, 0)
11-11 16:39:10.234  2071  3460 W PackageManager: package unknown uid 10280 pid 27027 call SetEnabledSetting(com.truecaller component = androidx.work.impl.background.systemalarm.RescheduleReceiver, 1, 0x1, 0)
11-11 16:39:10.243  2071  6100 W PackageManager: package unknown uid 10280 pid 27027 call SetEnabledSetting(com.truecaller component = androidx.work.impl.background.systemalarm.RescheduleReceiver, 1, 0x1, 0)
11-11 16:39:10.261  2071  4628 W PackageManager: package unknown uid 10280 pid 27027 call SetEnabledSetting(com.truecaller component = androidx.work.impl.background.systemalarm.RescheduleReceiver, 1, 0x1, 0)
11-11 16:39:10.267  2071  3778 W PackageManager: package unknown uid 10280 pid 27027 call SetEnabledSetting(com.truecaller component = androidx.work.impl.background.systemalarm.RescheduleReceiver, 1, 0x1, 0)
11-11 16:39:10.268  2071  4628 W BroadcastQueue: Permission Denial: receiving Intent { act=android.provider.Telephony.SMS_RECEIVED flg=0x11000010 (has extras) } to com.disha.quickride/in.freecharge.checkout.android.utils.OtpAutoDetect requires android.permission.RECEIVE_SMS due to sender com.android.phone (uid 1001)
11-11 16:39:10.269  2071  2419 W BroadcastQueue: Permission Denial: receiving Intent { act=android.provider.Telephony.SMS_RECEIVED flg=0x11000010 (has extras) } to com.poncho.eatclub/com.citruspay.lazypay.sms_parsing.LpSmsReceiver requires android.permission.RECEIVE_SMS due to sender com.android.phone (uid 1001)
11-11 16:39:10.269  2071  2419 W BroadcastQueue: Permission Denial: receiving Intent { act=android.provider.Telephony.SMS_RECEIVED flg=0x11000010 (has extras) } to com.infrasoft.uboi/com.infrasoft.otpreader.SMR requires android.permission.RECEIVE_SMS due to sender com.android.phone (uid 1001)
11-11 16:39:10.270  2071  2419 D CompatibilityChangeReporter: Compat change id reported: 135634846; UID 10263; state: DISABLED
11-11 16:39:10.271  2071  2419 D CompatibilityChangeReporter: Compat change id reported: 177438394; UID 10263; state: DISABLED
11-11 16:39:10.271  2071  2419 D CompatibilityChangeReporter: Compat change id reported: 135772972; UID 10263; state: DISABLED
11-11 16:39:10.271  2071  2419 D CompatibilityChangeReporter: Compat change id reported: 135754954; UID 10263; state: ENABLED
11-11 16:39:10.271  2071  2413 D CompatibilityChangeReporter: Compat change id reported: 143937733; UID 10263; state: ENABLED
11-11 16:39:10.281  2071  2413 I ActivityManager: Start proc 27234:com.myairtelapp/u0a263 for broadcast {com.myairtelapp/com.airtel.pay.receiver.SmsBroadcastReceiver}
11-11 16:39:10.303  2071  3460 I ClipboardManagerTransactionHelper: Invalid transaction code = 8
11-11 16:39:10.304  2071  3460 I ClipboardManagerTransactionHelper: Invalid transaction code = 7
11-11 16:39:10.331  2071  4628 D CompatibilityChangeReporter: Compat change id reported: 168419799; UID 10263; state: DISABLED
11-11 16:39:10.665 23980 23999 I Quality : SlowSQLite: /executeForCursorWindow SELECT COUNT(*) FROM (SELECT parts._id,parts.message_id,parts.uri,parts.content_type,parts.width,parts.height,parts.timestamp,parts.conversation_id,messages._id,messages.sender_id,messages.received_timestamp,messages.self_id,particip/ cost= /583
11-11 16:39:10.766  2071  3460 W PackageManager: package unknown uid 10263 pid 27234 call SetEnabledSetting(com.myairtelapp component = androidx.work.impl.background.systemjob.SystemJobService, 1, 0x1, 0)
11-11 16:39:10.772  2071  3460 W BroadcastQueue: Unable to launch app com.snapwork.hdfc/10262 for broadcast Intent { act=android.provider.Telephony.SMS_RECEIVED flg=0x11000010 (has extras) }: process is bad
11-11 16:39:10.774  2071  2419 W BroadcastQueue: Permission Denial: receiving Intent { act=android.provider.Telephony.SMS_RECEIVED flg=0x11000010 (has extras) } to in.zestmoney.android.zestlife/in.finbox.mobileriskmanager.sms.inbox.rt.capture.IncomingSmsReceiver requires android.permission.RECEIVE_SMS due to sender com.android.phone (uid 1001)
11-11 16:39:10.851  2071  3460 W PackageManager: package unknown uid 10161 pid 23980 call SetEnabledSetting(com.google.android.apps.messaging component = androidx.work.impl.background.systemalarm.RescheduleReceiver, 1, 0x1, 0)
11-11 16:39:10.892  2071  2071 D NotificationService: vibrateLinearmotorIfNeed, null
11-11 16:39:10.892  2071  2071 D LinearMotorVibratorControler: not PatternHeParameter effect, do nothing!!
11-11 16:39:10.892  2071  2071 W VibratorManagerServiceExtImpl: impl ignoreVibrateForOneShotEffect: illegel effect params, curVibEffect=null ,newEffect=Composed{segments=[Step{amplitude=0.0, frequency=0.0, duration=0}, Step{amplitude=-1.0, frequency=0.0, duration=200}, Step{amplitude=0.0, frequency=0.0, duration=200}, Step{amplitude=-1.0, frequency=0.0, duration=0}], repeat=-1}
11-11 16:39:10.892  2071  2071 W VibrationScaler: Got unexpected vibration intensity: 1600
11-11 16:39:10.893  2071  2071 E VibrationScaler: No configured scaling level! (current=1600, default= 2)
11-11 16:39:10.893  2071  2071 D VibratorManagerServiceExtImpl: startCustomizeVibratorLocked id= 0,size=1
11-11 16:39:10.893  2071  2071 D VibratorManagerServiceExtImpl: startCustomizeVibratorLocked withCallback=true
11-11 16:39:10.902  2071 27337 D VibrationThread: startVibrating: vibratorCount = 1
11-11 16:39:10.902  2071 27337 D VibrationThread: startVibrating: index = 0, effectMapping.size() = 1
11-11 16:39:10.904  2071  2071 W NotificationHistory: Attempted to add notif for locked/gone/disabled user 0
11-11 16:39:10.913  2071  6783 D UserManagerServiceExtImpl: getMultiSystemUserId  res = -10000
11-11 16:39:11.025  2071  2419 D CompatibilityChangeReporter: Compat change id reported: 135634846; UID 10171; state: DISABLED
11-11 16:39:11.025  2071  2419 D CompatibilityChangeReporter: Compat change id reported: 177438394; UID 10171; state: DISABLED
11-11 16:39:11.025  2071  2419 D CompatibilityChangeReporter: Compat change id reported: 135772972; UID 10171; state: DISABLED
11-11 16:39:11.025  2071  2419 D CompatibilityChangeReporter: Compat change id reported: 135754954; UID 10171; state: ENABLED
11-11 16:39:11.025  2071  2413 D CompatibilityChangeReporter: Compat change id reported: 143937733; UID 10171; state: ENABLED
11-11 16:39:11.034  2071  3778 W PackageManager: package unknown uid 10161 pid 23980 call SetEnabledSetting(com.google.android.apps.messaging component = androidx.work.impl.background.systemalarm.RescheduleReceiver, 1, 0x1, 0)
11-11 16:39:11.064  2071  2413 I ActivityManager: Start proc 27350:com.oneplus.opwlb/u0a171 for broadcast {com.oneplus.opwlb/com.oneplus.opwlb.receivers.WLBReceiver}
11-11 16:39:11.074  2071  3778 D CompatibilityChangeReporter: Compat change id reported: 168419799; UID 10171; state: DISABLED
11-11 16:39:11.246  2071  4628 W PackageManager: package unknown uid 10280 pid 27027 call SetEnabledSetting(com.truecaller component = androidx.work.impl.background.systemalarm.RescheduleReceiver, 1, 0x1, 0)
11-11 16:39:11.616  2071  3778 D CompatibilityChangeReporter: Compat change id reported: 135634846; UID 10280; state: DISABLED
11-11 16:39:11.616  2071  3778 D CompatibilityChangeReporter: Compat change id reported: 177438394; UID 10280; state: DISABLED
11-11 16:39:11.616  2071  3778 D CompatibilityChangeReporter: Compat change id reported: 135772972; UID 10280; state: DISABLED
11-11 16:39:11.616  2071  3778 D CompatibilityChangeReporter: Compat change id reported: 135754954; UID 10280; state: ENABLED
11-11 16:39:11.617  2071  2413 D CompatibilityChangeReporter: Compat change id reported: 143937733; UID 10280; state: ENABLED
11-11 16:39:11.645  2071  2413 I ActivityManager: Start proc 27473:com.google.android.webview:sandboxed_process0:org.chromium.content.app.SandboxedProcessService0:0/u0i950 for  {com.truecaller/org.chromium.content.app.SandboxedProcessService0:0}
11-11 16:39:12.370  2071  6783 W PackageManager: package unknown uid 10161 pid 23980 call SetEnabledSetting(com.google.android.apps.messaging component = androidx.work.impl.background.systemalarm.RescheduleReceiver, 1, 0x1, 0)
11-11 16:39:15.575  2071  2461 D OplusFeatureBrightnessBarController: mDarkLevel: 0
11-11 16:39:20.233  2071  3779 W ContextImpl: Calling a method in the system process without a qualified user: android.app.ContextImpl.sendBroadcastMultiplePermissions:1208 com.android.server.TelephonyRegistry.broadcastServiceStateChanged:2971 com.android.server.TelephonyRegistry.notifyServiceStateForPhoneId:1614 com.android.internal.telephony.ITelephonyRegistry$Stub.onTransact:455 android.os.Binder.execTransactInternal:1226 
11-11 16:39:20.234  2071  3779 W ContextImpl: Calling a method in the system process without a qualified user: android.app.ContextImpl.sendBroadcastMultiplePermissions:1258 android.content.Context.sendBroadcastMultiplePermissions:2215 com.android.server.TelephonyRegistry.broadcastServiceStateChanged:2975 com.android.server.TelephonyRegistry.notifyServiceStateForPhoneId:1614 com.android.internal.telephony.ITelephonyRegistry$Stub.onTransact:455 
11-11 16:39:20.234  2071  3779 W ContextImpl: Calling a method in the system process without a qualified user: android.app.ContextImpl.sendBroadcastMultiplePermissions:1258 android.content.Context.sendBroadcastMultiplePermissions:2215 com.android.server.TelephonyRegistry.broadcastServiceStateChanged:2982 com.android.server.TelephonyRegistry.notifyServiceStateForPhoneId:1614 com.android.internal.telephony.ITelephonyRegistry$Stub.onTransact:455 
11-11 16:39:20.234  2071  2419 W BroadcastQueue: Permission Denial: receiving Intent { act=android.intent.action.SERVICE_STATE flg=0x1000010 (has extras) } to ProcessRecord{49f5e84 3581:com.android.systemui/u0a175} (pid=3581, uid=10175) requires android.permission.ACCESS_FINE_LOCATION due to sender android (uid 1001)
11-11 16:39:20.234  2071  3398 V OplusNPMS: getWarningNotification numWarningNotificaion10
11-11 16:39:20.234  2071  3398 V OplusNPMS: getWarningNotification numWarningNotificaion10
11-11 16:39:20.234  2071  3398 V OplusNPMS: getLimitNotificationState subID=1
11-11 16:39:20.234  2071  3398 V OplusNPMS: getLimitNotificationState mSubidToIccId != null
11-11 16:39:20.235  2071  2419 W BroadcastQueue: Permission Denial: receiving Intent { act=android.intent.action.SERVICE_STATE flg=0x1000010 (has extras) } to ProcessRecord{49f5e84 3581:com.android.systemui/u0a175} (pid=3581, uid=10175) requires android.permission.ACCESS_FINE_LOCATION due to sender android (uid 1001)
11-11 16:39:20.236  2071  2419 W BroadcastQueue: Permission Denial: receiving Intent { act=android.intent.action.SERVICE_STATE flg=0x1000010 (has extras) } to com.google.android.cellbroadcastreceiver/com.android.cellbroadcastreceiver.CellBroadcastReceiver requires android.permission.READ_PHONE_STATE due to sender android (uid 1001)
11-11 16:39:20.237  2071  3779 W ContextImpl: Calling a method in the system process without a qualified user: android.app.ContextImpl.sendBroadcastMultiplePermissions:1258 android.content.Context.sendBroadcastMultiplePermissions:2215 com.android.server.TelephonyRegistry.broadcastServiceStateChanged:2986 com.android.server.TelephonyRegistry.notifyServiceStateForPhoneId:1614 com.android.internal.telephony.ITelephonyRegistry$Stub.onTransact:455 
11-11 16:39:20.238  2071  2419 W BroadcastQueue: Permission Denial: receiving Intent { act=android.intent.action.SERVICE_STATE flg=0x1000010 (has extras) } to com.google.android.cellbroadcastreceiver/com.android.cellbroadcastreceiver.CellBroadcastReceiver requires android.permission.ACCESS_FINE_LOCATION due to sender android (uid 1001)
11-11 16:39:20.240  2071  2419 W BroadcastQueue: Permission Denial: receiving Intent { act=android.intent.action.SERVICE_STATE flg=0x1000010 (has extras) } to com.google.android.cellbroadcastreceiver/com.android.cellbroadcastreceiver.CellBroadcastReceiver requires android.permission.READ_PHONE_STATE due to sender android (uid 1001)
11-11 16:39:20.270  2071  6783 I OplusCustomizeService: pkg:com.ses.entitlement.o2 isPlatformSigned, return true drectly 
11-11 16:39:20.270  2071  6783 E OplusCustomizeRestrictionManagerService: getMobileDataMode error :s == null
11-11 16:39:20.270  2071  4628 I OplusCustomizeService: pkg:com.ses.entitlement.o2 isPlatformSigned, return true drectly 
11-11 16:39:20.271  2071  3460 I OplusCustomizeService: pkg:com.ses.entitlement.o2 isPlatformSigned, return true drectly 
11-11 16:39:20.277  2071  3460 I OplusCustomizeService: pkg:com.ses.entitlement.o2 isPlatformSigned, return true drectly 
11-11 16:39:20.278  2071  3460 E OplusCustomizeRestrictionManagerService: getMobileDataMode error :s == null
11-11 16:39:20.278  2071  3460 I OplusCustomizeService: pkg:com.ses.entitlement.o2 isPlatformSigned, return true drectly 
11-11 16:39:20.278  2071  3460 I OplusCustomizeService: pkg:com.ses.entitlement.o2 isPlatformSigned, return true drectly 
11-11 16:39:20.280  2071  3398 V OplusNPMS: getWarningNotification numWarningNotificaion10
11-11 16:39:20.280  2071  3398 V OplusNPMS: getWarningNotification numWarningNotificaion10
11-11 16:39:20.280  2071  3398 V OplusNPMS: getLimitNotificationState subID=1
11-11 16:39:20.280  2071  3398 V OplusNPMS: getLimitNotificationState mSubidToIccId != null
11-11 16:39:20.281  2071  3460 I OplusCustomizeService: pkg:com.ses.entitlement.o2 isPlatformSigned, return true drectly 
11-11 16:39:20.281  2071  3460 E OplusCustomizeRestrictionManagerService: getMobileDataMode error :s == null
11-11 16:39:20.281  2071  3460 I OplusCustomizeService: pkg:com.ses.entitlement.o2 isPlatformSigned, return true drectly 
11-11 16:39:20.281  2071  3460 I OplusCustomizeService: pkg:com.ses.entitlement.o2 isPlatformSigned, return true drectly 
11-11 16:39:20.285  2071  6783 I OplusCustomizeService: pkg:com.ses.entitlement.o2 isPlatformSigned, return true drectly 
11-11 16:39:20.285  2071  6783 E OplusCustomizeRestrictionManagerService: getMobileDataMode error :s == null
11-11 16:39:20.285  2071  6783 I OplusCustomizeService: pkg:com.ses.entitlement.o2 isPlatformSigned, return true drectly 
11-11 16:39:20.285  2071  6783 I OplusCustomizeService: pkg:com.ses.entitlement.o2 isPlatformSigned, return true drectly 
11-11 16:39:20.331  2071  3398 V OplusNPMS: getWarningNotification numWarningNotificaion10
11-11 16:39:20.331  2071  3398 V OplusNPMS: getWarningNotification numWarningNotificaion10
11-11 16:39:20.332  2071  3398 V OplusNPMS: getLimitNotificationState subID=1
11-11 16:39:20.332  2071  3398 V OplusNPMS: getLimitNotificationState mSubidToIccId != null
11-11 16:39:20.348  2071  3398 V OplusNPMS: getWarningNotification numWarningNotificaion10
11-11 16:39:20.348  2071  3398 V OplusNPMS: getWarningNotification numWarningNotificaion10
11-11 16:39:20.348  2071  3398 V OplusNPMS: getLimitNotificationState subID=1
11-11 16:39:20.348  2071  3398 V OplusNPMS: getLimitNotificationState mSubidToIccId != null
11-11 16:39:21.574  2071  2461 D OplusFeatureBrightnessBarController: mDarkLevel: 0
11-11 16:39:22.374  2071  2461 D OplusFeatureBrightnessBarController: mDarkLevel: 0
11-11 16:39:25.167  2071  2412 I ActivityManager: Waited long enough for: ServiceRecord{2047239 u0 com.truecaller/.clipboard.ClipboardService}
11-11 16:39:27.975  2071  2461 D OplusFeatureBrightnessBarController: mDarkLevel: 0
11-11 16:39:30.576  2071  2461 D OplusFeatureBrightnessBarController: mDarkLevel: 0
