11-11 16:30:27.428  2071  2478 D VRR [OPlusRefreshRateService]: onConfigChanged physicalDisplayId: 4630946950956839810 modeId: 0
11-11 16:30:27.431  2071  2400 I DisplayDeviceRepository: Display device changed: DisplayDeviceInfo{"Built-in Screen": uniqueId="local:4630946950956839810", 1080 x 2400, modeId 1, defaultModeId 1, supportedModes [{id=1, width=1080, height=2400, fps=60.000004, alternativeRefreshRates=[120.00001]}, {id=2, width=1080, height=2400, fps=120.00001, alternativeRefreshRates=[60.000004]}], colorMode 0, supportedColorModes [0, 7, 9], hdrCapabilities HdrCapabilities{mSupportedHdrTypes=[2, 3, 4], mMaxLuminance=540.0, mMaxAverageLuminance=270.1, mMinLuminance=0.2}, allmSupported false, gameContentTypeSupported false, density 480, 391.885 x 403.708 dpi, appVsyncOff 1000000, presDeadline 16666666, cutout DisplayCutout{insets=Rect(0, 103 - 0, 0) waterfall=Insets{left=0, top=0, right=0, bottom=0} boundingRect={Bounds=[Rect(0, 0 - 0, 0), Rect(0, 0 - 165, 103), Rect(0, 0 - 0, 0), Rect(0, 0 - 0, 0)]} cutoutPathParserInfo={CutoutPathParserInfo{displayWidth=1080 displayHeight=2400 density={3.0} cutoutSpec={M -540,0 L -540,103 L -375,103 L -375,0 Z} rotation={0} scale={1.0}}}}, touch INTERNAL, rotation 0, type INTERNAL, address {port=130, model=0x40446db75175f3}, deviceProductInfo DeviceProductInfo{name=, manufacturerPnpId=QCM, productId=1, modelYear=null, manufactureDate=ManufactureDate{week=27, year=2006}, connectionToSinkType=0}, state ON, frameRateOverride , brightnessMinimum 0.0, brightnessMaximum 1.0, brightnessDefault 3758.0, roundedCorners RoundedCorners{[RoundedCorner{position=TopLeft, radius=60, center=Point(60, 60)}, RoundedCorner{position=TopRight, radius=60, center=Point(1020, 60)}, RoundedCorner{position=BottomRight, radius=60, center=Point(1020, 2340)}, RoundedCorner{position=BottomLeft, radius=60, center=Point(60, 2340)}]}, FLAG_DEFAULT_DISPLAY, FLAG_ROTATES_WITH_CONTENT, FLAG_SECURE, FLAG_SUPPORTS_PROTECTED_BUFFERS}
11-11 16:30:27.438  2071  2400 D DisplayManagerService: Delivering display event: displayId=0, event=2
11-11 16:30:27.440  2071  2071 I WallpaperManagerServiceExt: removeDisplayData. displayId = 0
11-11 16:30:27.529  2071  2478 D VRR [OPlusRefreshRateService]: handleConfigIdChange physicalDisplayId: 4630946950956839810 configId: 0
11-11 16:30:27.792  2071 30583 E AdbDebuggingManager: Caught an exception opening the socket: java.io.IOException: No such file or directory
11-11 16:30:29.576  2071  2461 D OplusFeatureBrightnessBarController: mDarkLevel: 0
11-11 16:30:29.795  2071 30583 E AdbDebuggingManager: Caught an exception opening the socket: java.io.IOException: No such file or directory
11-11 16:30:30.433  2071  3522 D OplusFeatureHDREnhanceBrightness: checkIsPlayingHDR isPlayingHDR=0 rotation=0 whiteApp=false battery=100
11-11 16:30:31.799  2071 30583 E AdbDebuggingManager: Caught an exception opening the socket: java.io.IOException: No such file or directory
11-11 16:30:33.803  2071 30583 E AdbDebuggingManager: Caught an exception opening the socket: java.io.IOException: No such file or directory
11-11 16:30:33.869  6475 23109 E ActivityThread: Failed to find provider info for com.oplus.statistics.provider
11-11 16:30:33.870  6475 23109 E OplusStatistics--: IllegalArgumentException:java.lang.IllegalArgumentException: Unknown URL content://com.oplus.statistics.provider/track_event
11-11 16:30:35.174  2071  2461 D OplusFeatureBrightnessBarController: mDarkLevel: 0
11-11 16:30:35.807  2071 30583 E AdbDebuggingManager: Caught an exception opening the socket: java.io.IOException: No such file or directory
11-11 16:30:37.811  2071 30583 E AdbDebuggingManager: Caught an exception opening the socket: java.io.IOException: No such file or directory
11-11 16:30:38.574  2071  2461 D OplusFeatureBrightnessBarController: mDarkLevel: 0
11-11 16:30:39.814  2071 30583 E AdbDebuggingManager: Caught an exception opening the socket: java.io.IOException: No such file or directory
11-11 16:30:41.819  2071 30583 E AdbDebuggingManager: Caught an exception opening the socket: java.io.IOException: No such file or directory
11-11 16:30:43.823  2071 30583 E AdbDebuggingManager: Caught an exception opening the socket: java.io.IOException: No such file or directory
11-11 16:30:45.194  2071  9097 D UsageStatsService: User[0] type=0 b=1668164253716 e=1668164445192 cb=1668083142177 ce=1668164431352 disk=0 all=9
11-11 16:30:45.827  2071 30583 E AdbDebuggingManager: Caught an exception opening the socket: java.io.IOException: No such file or directory
11-11 16:30:45.958  2071  4808 I OplusProxyWakeLock: add uid: 10013 wakelock: PARTIAL_WAKE_LOCK              '*job*' (uid=1000 pid=2071 ws=WorkSource{10013})  heled by system to FroceReleaseWakeLock list
11-11 16:30:45.968  2071  2461 D OplusDisplayPowerControllerExtImpl: original brightness to dataBase:3745 final brightness:3745.0 scale:1.0 reason:4 darkLevel:0
11-11 16:30:45.968  2071  2461 D DisplayPowerController[0]: Animating brightness: target=3745.0, rate=123.0, source= 7
11-11 16:30:45.969  2071  2461 V DisplayPowerController[0]: Brightness [3745.0] reason changing to: 'automatic [ auto_adj ]', previous reason: 'automatic'.
11-11 16:30:45.969  2071  2461 D OplusDisplayPowerControllerFeature: RECORD:onUpdatePowerState policy:3 state:2 brightness:3745
11-11 16:30:45.969  2071  2461 D VRR [OPlusRefreshRateService]: notifyBrightnessChange brightness: 3745.0
11-11 16:30:47.777  2071  2461 D OplusFeatureBrightnessBarController: mDarkLevel: 0
11-11 16:30:47.831  2071 30583 E AdbDebuggingManager: Caught an exception opening the socket: java.io.IOException: No such file or directory
11-11 16:30:48.336  2071  2071 W ActivityManager: Receiver with filter android.content.IntentFilter@4e351af already registered for pid 2071, callerPackage is android
11-11 16:30:48.349  2071  2071 W ActivityManager: Receiver with filter android.content.IntentFilter@2f9dd45 already registered for pid 2071, callerPackage is android
11-11 16:30:48.354  2071  3640 I UsbPortManager: ClientCallback V1_2: port0
11-11 16:30:48.360  2071  3343 V UsbDeviceManager: USB UEVENT: {SUBSYSTEM=android_usb, SEQNUM=311608, ACTION=change, USB_STATE=DISCONNECTED, DEVPATH=/devices/virtual/android_usb/android0}
11-11 16:30:48.362  2071  3640 I UsbPortManager: ClientCallback V1_2: port0
11-11 16:30:48.364  2071  2397 I UsbPortManager: USB port changed: port=UsbPort{id=port0, supportedModes=dual, audio_accsupportedContaminantProtectionModes=5supportsEnableContaminantPresenceProtection=falsesupportsEnableContaminantPresenceDetection=false, status=UsbPortStatus{connected=false, currentMode=none, currentPowerRole=no-power, currentDataRole=no-data, supportedRoleCombinations=[no-power:no-data], contaminantDetectionStatus=2, contaminantProtectionStatus=1}, canChangeMode=true, canChangePowerRole=false, canChangeDataRole=false, connectedAtMillis=0, lastConnectDurationMillis=2019665
11-11 16:30:48.365  2071  2071 I UsbDeviceManager: updateHostState UsbPort{id=port0, supportedModes=dual, audio_accsupportedContaminantProtectionModes=5supportsEnableContaminantPresenceProtection=falsesupportsEnableContaminantPresenceDetection=false status=UsbPortStatus{connected=false, currentMode=none, currentPowerRole=no-power, currentDataRole=no-data, supportedRoleCombinations=[no-power:no-data], contaminantDetectionStatus=2, contaminantProtectionStatus=1}
11-11 16:30:48.373  2071  2071 W ActivityManager: Receiver with filter android.content.IntentFilter@b1d59cb already registered for pid 2071, callerPackage is android
11-11 16:30:49.836  2071 30583 E AdbDebuggingManager: Caught an exception opening the socket: java.io.IOException: No such file or directory
11-11 16:30:50.181  2071  2461 D OplusFeatureBrightnessBarController: mDarkLevel: 0
11-11 16:30:50.369  2071  2071 D BatteryServiceExtImpl: send broadcast : BATTERY_PLUGGED_CHANGED : plugType = 0
11-11 16:30:50.383  2071  2071 W ContextImpl: Calling a method in the system process without a qualified user: android.app.ContextImpl.sendBroadcast:1190 com.android.server.BatteryServiceExtImpl$1.run:215 android.os.Handler.handleCallback:938 android.os.Handler.dispatchMessage:99 android.os.Looper.loopOnce:233 
11-11 16:30:50.418  2071  2071 D OplusPowerMonitor: Receive broadcast android.intent.action.ACTION_POWER_DISCONNECTED
11-11 16:30:50.418  2071  3312 D OplusRpmStatsTracker: triggerUpdate waitUntilUpdated=true reason=un_charge UseRpmhHidlV20=true
11-11 16:30:50.439  2071  2461 E OplusDisplayPowerControllerFeature: execute mBlockReasonList.clear
11-11 16:30:50.439  2071  2461 D OplusFeatureAOD: notifySfUnBlockScreenOn
11-11 16:30:50.440  2071  2461 D OplusPowerManagerHelper: scheduleNotifyStopDream
11-11 16:30:50.442  2071  2461 D OplusDisplayPowerControllerExtImpl: original brightness to dataBase:3745 final brightness:3745.0 scale:1.0 reason:4 darkLevel:0
11-11 16:30:50.442  2071  2461 D DisplayPowerController[0]: Animating brightness: target=3745.0, rate=123.0, source= 7
11-11 16:30:50.442  2071  2461 V DisplayPowerController[0]: Brightness [3745.0] reason changing to: 'automatic [ auto_adj ]', previous reason: 'automatic'.
11-11 16:30:50.442  2071  2461 D VRR [OPlusRefreshRateService]: notifyBrightnessChange brightness: 3745.0
11-11 16:30:50.443  2071  2461 D OplusPowerManagerHelper: handleMessage:102
11-11 16:30:50.443  2071  2461 D OplusPowerManagerHelper: MSG_STOP_DEAM
11-11 16:30:50.443  2071  4808 D OplusProxyWakeLock: remove uid: 10287 wiht all pids from wakelockUidInfo list
11-11 16:30:50.443  2071  4808 D OplusProxyWakeLock: remove uid: 10436 wiht all pids from wakelockUidInfo list
11-11 16:30:50.445  2071  2419 W BroadcastQueue: Background execution not allowed: receiving Intent { act=android.intent.action.ACTION_POWER_DISCONNECTED flg=0x4100010 (has extras) } to com.android.systemui/com.oplusos.systemui.notification.usb.UsbstartReceiver
11-11 16:30:50.446  2071  3312 D a       : invoke method name:onValues
11-11 16:30:50.446  2071  3312 D a       : Object:java.lang.Integer
11-11 16:30:50.446  2071  3312 D a       : Object:java.util.ArrayList
11-11 16:30:50.447  2071  3312 D OplusRpmStatsTracker: { APSS:1 MPSS:1 MODEM:1 ADSP:1 CDSP:1 TZ:0 SLPI:1 SLPI_ISLAND:1 VMIN:1 AOSD:1 VLOW:1 CXSD:1 26M:1 AP:1 MD:1  }
11-11 16:30:50.447  2071  3312 D OplusRpmStatsTracker: time:2022-11-11 16:30:50 APSS:{1186038:504807800} MPSS:{865477:619159728} ADSP:{683563:618433407} CDSP:{628:708545817} TZ:{0:0} SLPI:{1154500:593761718} SLPLAND:{992687:593492389} VMIN:{31358990:410544000} VLOW:{930881:446786000} 
11-11 16:30:50.448  2071  2231 D CompatibilityChangeReporter: Compat change id reported: 168419799; UID 10132; state: DISABLED
11-11 16:30:50.452  2071  2071 W ActivityManager: Receiver with filter android.content.IntentFilter@515526d already registered for pid 2071, callerPackage is android
11-11 16:30:50.453  2071  2419 W BroadcastQueue: Background execution not allowed: receiving Intent { act=android.intent.action.ACTION_POWER_DISCONNECTED flg=0x4100010 (has extras) } to com.google.android.gms/.chimera.GmsIntentOperationService$PersistentTrustedReceiver
11-11 16:30:50.453  2071  2419 W BroadcastQueue: Background execution not allowed: receiving Intent { act=android.intent.action.ACTION_POWER_DISCONNECTED flg=0x4100010 (has extras) } to com.google.android.projection.gearhead/com.google.android.apps.auto.components.connectivity.impl.ConnectivityEventHandlerImpl$ConnectivityEventBroadcastReceiver
11-11 16:30:50.453  2071  2419 W BroadcastQueue: Background execution not allowed: receiving Intent { act=android.intent.action.ACTION_POWER_DISCONNECTED flg=0x4100010 (has extras) } to com.google.android.apps.turbo/.nudges.broadcasts.BatteryStatusChangedReceiver
11-11 16:30:50.453  2071  2419 W BroadcastQueue: Background execution not allowed: receiving Intent { act=android.intent.action.ACTION_POWER_DISCONNECTED flg=0x4100010 (has extras) } to com.mpl.androidapp/.updater.job.PowerConnectionReceiver
11-11 16:30:50.477  3929  3929 W ContextImpl: Calling a method in the system process without a qualified user: android.app.ContextImpl.startService:1819 android.content.ContextWrapper.startService:786 com.oplus.powermonitor.oidt.OidtBroadcastReceiver.onReceive:158 android.app.LoadedApk$ReceiverDispatcher$Args.lambda$getRunnable$0$LoadedApk$ReceiverDispatcher$Args:1751 android.app.LoadedApk$ReceiverDispatcher$Args$$ExternalSyntheticLambda0.run:2 
11-11 16:30:50.493  2071  2071 D BatteryStatsImplExtImpl: on receive oplus.intent.action.SMART5G_KEYINFO
11-11 16:30:50.508  2071  2424 D BatteryStatsServiceExtImpl: setThermalStateInternal, now setThermalState process sync external state.
11-11 16:30:50.509  2071  2422 I OplusThermalStats: mChargeUploadMap startTemp:267
11-11 16:30:50.509  2071  2422 I OplusThermalStats: mChargeUploadMap screenOnTime:0
11-11 16:30:50.509  2071  2422 I OplusThermalStats: mChargeUploadMap chargePlug:usb
11-11 16:30:50.509  2071  2422 I OplusThermalStats: mChargeUploadMap chargeTime:33
11-11 16:30:50.509  2071  2422 I OplusThermalStats: mChargeUploadMap maxTemp:288
11-11 16:30:50.509  2071  2422 I OplusThermalStats: mChargeUploadMap startLevel:97
11-11 16:30:50.509  2071  2422 I OplusThermalStats: mChargeUploadMap endBatrm:4036
11-11 16:30:50.509  2071  2422 I OplusThermalStats: mChargeUploadMap endLevel:100
11-11 16:30:50.509  2071  2422 I OplusThermalStats: mChargeUploadMap minTemp:267
11-11 16:30:50.509  2071  2422 I OplusThermalStats: mChargeUploadMap startBatrm:3898
11-11 16:30:50.509  2071  2422 I OplusThermalStats: mChargeUploadMap startHour:15
11-11 16:30:50.509  2071  2422 I OplusThermalStats: mChargeUploadMap chargeId:0
11-11 16:30:50.510  2071  2422 I OplusThermalStats: mChargeUploadMap startTime:2022-11-11-15-57-13
11-11 16:30:50.510  2071  2422 I OplusThermalStats: mChargeUploadMap endTime:2022-11-11-16-30-50
11-11 16:30:50.510  2071  2422 I OplusThermalStats: mChargeUploadMap endTemp:288
11-11 16:30:50.518  2071  2071 D BatteryStatsImplExtImpl: on receive oplus.intent.action.SMART5G_KEYINFO
11-11 16:30:50.531  2071  3460 D CompatibilityChangeReporter: Compat change id reported: 135634846; UID 10149; state: DISABLED
11-11 16:30:50.531  2071  3460 D CompatibilityChangeReporter: Compat change id reported: 177438394; UID 10149; state: DISABLED
11-11 16:30:50.531  2071  3460 D CompatibilityChangeReporter: Compat change id reported: 135772972; UID 10149; state: DISABLED
11-11 16:30:50.531  2071  3460 D CompatibilityChangeReporter: Compat change id reported: 135754954; UID 10149; state: ENABLED
11-11 16:30:50.532  2071  2413 D CompatibilityChangeReporter: Compat change id reported: 143937733; UID 10149; state: ENABLED
11-11 16:30:50.553  2071  2413 I ActivityManager: Start proc 23461:com.oneplus.account/u0a149 for content provider {com.oneplus.account/com.oneplus.account.provider.AccountProvider}
11-11 16:30:50.573  2071  3398 V OplusNPMS: getWarningNotification numWarningNotificaion10
11-11 16:30:50.574  2071  3398 V OplusNPMS: getWarningNotification numWarningNotificaion10
11-11 16:30:50.574  2071  3398 V OplusNPMS: getLimitNotificationState subID=1
11-11 16:30:50.574  2071  3398 V OplusNPMS: getLimitNotificationState mSubidToIccId != null
11-11 16:30:50.756  2071  3131 D CompatibilityChangeReporter: Compat change id reported: 171306433; UID 10138; state: ENABLED
11-11 16:30:50.758  2071  3131 D CompatibilityChangeReporter: Compat change id reported: 171306433; UID 10161; state: ENABLED
11-11 16:30:50.778  2071  3131 D CompatibilityChangeReporter: Compat change id reported: 171306433; UID 10367; state: ENABLED
11-11 16:30:50.814  2071  4808 D OplusProxyWakeLock: remove uid: 10013 wiht all pids from wakelockUidInfo list
11-11 16:30:50.814  2071  4808 D OplusProxyWakeLock: restore uid :10013 wakelock: PARTIAL_WAKE_LOCK              '*job*' (uid=1000 pid=2071 ws=WorkSource{10013})
11-11 16:30:50.856  2071  3779 I ActivityManager: Killing 21758:com.twitter.android/u0a321 (adj 935): empty #17
11-11 16:30:50.867  2071  7280 I UsbPortManager: ClientCallback V1_2: port0
11-11 16:30:50.867  2071  2397 I UsbPortManager: USB port changed: port=UsbPort{id=port0, supportedModes=dual, audio_accsupportedContaminantProtectionModes=5supportsEnableContaminantPresenceProtection=falsesupportsEnableContaminantPresenceDetection=false, status=UsbPortStatus{connected=true, currentMode=ufp, currentPowerRole=sink, currentDataRole=device, supportedRoleCombinations=[source:host, sink:device], contaminantDetectionStatus=2, contaminantProtectionStatus=1}, canChangeMode=true, canChangePowerRole=false, canChangeDataRole=false, connectedAtMillis=708597974, lastConnectDurationMillis=0
11-11 16:30:50.868  2071  3640 I UsbPortManager: ClientCallback V1_2: port0
11-11 16:30:50.869  2071  2071 I UsbDeviceManager: updateHostState UsbPort{id=port0, supportedModes=dual, audio_accsupportedContaminantProtectionModes=5supportsEnableContaminantPresenceProtection=falsesupportsEnableContaminantPresenceDetection=false status=UsbPortStatus{connected=true, currentMode=ufp, currentPowerRole=sink, currentDataRole=device, supportedRoleCombinations=[source:host, sink:device], contaminantDetectionStatus=2, contaminantProtectionStatus=1}
11-11 16:30:50.950  2071  2071 W ActivityManager: Receiver with filter android.content.IntentFilter@3ac2b99 already registered for pid 2071, callerPackage is android
11-11 16:30:50.955  2071  2071 W ActivityManager: Receiver with filter android.content.IntentFilter@6ed5e5e already registered for pid 2071, callerPackage is android
11-11 16:30:51.010  2071  7280 I UsbPortManager: ClientCallback V1_2: port0
11-11 16:30:51.010  2071  2397 I UsbPortManager: USB port changed: port=UsbPort{id=port0, supportedModes=dual, audio_accsupportedContaminantProtectionModes=5supportsEnableContaminantPresenceProtection=falsesupportsEnableContaminantPresenceDetection=false, status=UsbPortStatus{connected=true, currentMode=ufp, currentPowerRole=sink, currentDataRole=device, supportedRoleCombinations=[source:host, source:device, sink:host, sink:device], contaminantDetectionStatus=2, contaminantProtectionStatus=1}, canChangeMode=true, canChangePowerRole=true, canChangeDataRole=true, connectedAtMillis=708597974, lastConnectDurationMillis=0
11-11 16:30:51.016  2071  2071 I UsbDeviceManager: updateHostState UsbPort{id=port0, supportedModes=dual, audio_accsupportedContaminantProtectionModes=5supportsEnableContaminantPresenceProtection=falsesupportsEnableContaminantPresenceDetection=false status=UsbPortStatus{connected=true, currentMode=ufp, currentPowerRole=sink, currentDataRole=device, supportedRoleCombinations=[source:host, source:device, sink:host, sink:device], contaminantDetectionStatus=2, contaminantProtectionStatus=1}
11-11 16:30:51.028 23461 23545 E ActivityThread: Failed to find provider info for com.oneplus.security.database.NormalSafeProvider
11-11 16:30:51.028 23461 23545 E ActivityThread: Failed to find provider info for com.oneplus.security.database.SafeProvider
11-11 16:30:51.030  2071  2071 D BatteryServiceExtImpl: send broadcast : BATTERY_PLUGGED_CHANGED : plugType = 1
11-11 16:30:51.030  2071  2071 W ContextImpl: Calling a method in the system process without a qualified user: android.app.ContextImpl.sendBroadcast:1190 com.android.server.BatteryServiceExtImpl$1.run:215 android.os.Handler.handleCallback:938 android.os.Handler.dispatchMessage:99 android.os.Looper.loopOnce:233 
11-11 16:30:51.043  2071  2071 D OplusPowerMonitor: Receive broadcast android.intent.action.ACTION_POWER_CONNECTED
11-11 16:30:51.045  3929  3929 W ContextImpl: Calling a method in the system process without a qualified user: android.app.ContextImpl.startService:1819 android.content.ContextWrapper.startService:786 com.oplus.powermonitor.oidt.OidtBroadcastReceiver.onReceive:158 android.app.LoadedApk$ReceiverDispatcher$Args.lambda$getRunnable$0$LoadedApk$ReceiverDispatcher$Args:1751 android.app.LoadedApk$ReceiverDispatcher$Args$$ExternalSyntheticLambda0.run:2 
11-11 16:30:51.050  2071  2399 I EntropyMixer: Writing entropy...
11-11 16:30:51.051  2071  2461 E OplusDisplayPowerControllerFeature: execute mBlockReasonList.clear
11-11 16:30:51.051  2071  2461 D OplusFeatureAOD: notifySfUnBlockScreenOn
11-11 16:30:51.051  2071  2461 D OplusPowerManagerHelper: scheduleNotifyStopDream
11-11 16:30:51.052  2071  2461 D OplusDisplayPowerControllerExtImpl: original brightness to dataBase:3745 final brightness:3745.0 scale:1.0 reason:4 darkLevel:0
11-11 16:30:51.052  2071  2461 D DisplayPowerController[0]: Animating brightness: target=3745.0, rate=123.0, source= 7
11-11 16:30:51.052  2071  2461 V DisplayPowerController[0]: Brightness [3745.0] reason changing to: 'automatic [ auto_adj ]', previous reason: 'automatic'.
11-11 16:30:51.052  2071  2461 D VRR [OPlusRefreshRateService]: notifyBrightnessChange brightness: 3745.0
11-11 16:30:51.052  2071  2461 D OplusPowerManagerHelper: handleMessage:102
11-11 16:30:51.052  2071  2461 D OplusPowerManagerHelper: MSG_STOP_DEAM
11-11 16:30:51.082  2071  2071 W ActivityManager: Receiver with filter android.content.IntentFilter@8c44b6c already registered for pid 2071, callerPackage is android
11-11 16:30:51.104  2071  2071 W ActivityManager: Receiver with filter android.content.IntentFilter@b9b66b3 already registered for pid 2071, callerPackage is android
11-11 16:30:51.110  2071  2419 D CompatibilityChangeReporter: Compat change id reported: 135634846; UID 10129; state: DISABLED
11-11 16:30:51.110  2071  2419 D CompatibilityChangeReporter: Compat change id reported: 177438394; UID 10129; state: DISABLED
11-11 16:30:51.110  2071  2419 D CompatibilityChangeReporter: Compat change id reported: 135772972; UID 10129; state: DISABLED
11-11 16:30:51.110  2071  2419 D CompatibilityChangeReporter: Compat change id reported: 135754954; UID 10129; state: ENABLED
11-11 16:30:51.111  2071  2413 D CompatibilityChangeReporter: Compat change id reported: 143937733; UID 10129; state: ENABLED
11-11 16:30:51.136  2071  2424 D BatteryStatsServiceExtImpl: setThermalStateInternal, now setThermalState process sync external state.
11-11 16:30:51.138  2071  3460 D CompatibilityChangeReporter: Compat change id reported: 135634846; UID 10132; state: DISABLED
11-11 16:30:51.138  2071  3460 D CompatibilityChangeReporter: Compat change id reported: 177438394; UID 10132; state: DISABLED
11-11 16:30:51.138  2071  3460 D CompatibilityChangeReporter: Compat change id reported: 135772972; UID 10132; state: DISABLED
11-11 16:30:51.138  2071  3460 D CompatibilityChangeReporter: Compat change id reported: 135754954; UID 10132; state: ENABLED
11-11 16:30:51.139  2071  2413 I ActivityManager: Start proc 23557:com.google.android.projection.gearhead:shared/u0a129 for broadcast {com.google.android.projection.gearhead/com.google.android.apps.auto.components.connectivity.impl.ConnectivityEventHandlerImpl$ConnectivityEventBroadcastReceiver}
11-11 16:30:51.139  2071  2413 D CompatibilityChangeReporter: Compat change id reported: 143937733; UID 10132; state: ENABLED
11-11 16:30:51.153  2071  2413 I ActivityManager: Start proc 23558:com.google.process.gapps/u0a132 for content provider {com.google.android.gsf/com.google.android.gsf.settings.GoogleSettingsProvider}
11-11 16:30:51.172  2071  2461 D OplusFeatureBrightnessBarController: mDarkLevel: 0
11-11 16:30:51.177  2071  6100 D CompatibilityChangeReporter: Compat change id reported: 168419799; UID 10129; state: DISABLED
11-11 16:30:51.178  2071  6100 D CompatibilityChangeReporter: Compat change id reported: 181136395; UID 10438; state: DISABLED
11-11 16:30:51.179  2071  6100 D CompatibilityChangeReporter: Compat change id reported: 174042936; UID 10438; state: DISABLED
11-11 16:30:51.179  2071  2424 D BatteryStatsServiceExtImpl: setThermalStateInternal, now setThermalState process sync external state.
11-11 16:30:51.179  2071  2424 D BatteryStatsServiceExtImpl: setThermalStateInternal, now setThermalState process sync external state.
11-11 16:30:51.185  2071  2419 D CompatibilityChangeReporter: Compat change id reported: 135634846; UID 1000; state: DISABLED
11-11 16:30:51.185  2071  2419 D CompatibilityChangeReporter: Compat change id reported: 177438394; UID 1000; state: DISABLED
11-11 16:30:51.185  2071  2419 D CompatibilityChangeReporter: Compat change id reported: 135772972; UID 1000; state: DISABLED
11-11 16:30:51.185  2071  2419 D CompatibilityChangeReporter: Compat change id reported: 135754954; UID 1000; state: ENABLED
11-11 16:30:51.195  2071  2413 I ActivityManager: Start proc 23593:com.oplus.lfeh/1000 for broadcast {com.oplus.lfeh/com.oplus.lfeh.service.PowerConnectionReceiver}
11-11 16:30:51.217  3581 22884 D LinearmotorVibrator: vibrate: effect=WaveformEffect { 1fc1d29, effectType=2, effectStrength=1, effectLoop=false, ringtoneVibrateType=-1, isRingtoneCustomized=false, ringtoneFilePath=, strengthSettingEnabled=true, asynchronous=false, usageHint=0 }
11-11 16:30:51.217  3581 22884 D WaveformEffect: getWaveFormDurationArray mEffectType=2 duration=110 indexOfKey=2
11-11 16:30:51.219  2071  6100 D WaveformEffect: getWaveFormDurationArray mEffectType=2 duration=110 indexOfKey=2
11-11 16:30:51.219  2071  6100 D LinearMotorVibratorControler: not PatternHeParameter effect, do nothing!!
11-11 16:30:51.219  2071  6100 W VibratorManagerServiceExtImpl: impl ignoreVibrateForOneShotEffect: illegel effect params, curVibEffect=null ,newEffect=OplusNativeOneShotVibrationEffect{mWaveformId=3, mTiming=110, mEffectStrength=1600}
11-11 16:30:51.219  2071  6100 D VibratorManagerServiceExtImpl: startCustomizeVibratorLocked id= 0,size=1
11-11 16:30:51.219  2071  6100 D VibratorManagerServiceExtImpl: startCustomizeVibratorLocked withCallback=true
11-11 16:30:51.249  2071  6100 D VibratorManagerServiceExtImpl: onNoteVibratorOnLocked uid=10175, timing=110
11-11 16:30:51.249  2071  6100 D LinearMotorVibratorControler: OplusMirrorLinearMotorVibratorManager.turnOnLinearmotorVibrator
11-11 16:30:51.249  2071  6100 D LinearMotorVibratorControler: convertEffectStrength amplitude:1600
11-11 16:30:51.252  2071  2419 D CompatibilityChangeReporter: Compat change id reported: 168419799; UID 10436; state: DISABLED
11-11 16:30:51.271  2071  6100 D WaveformEffect: getWaveFormDurationArray mEffectType=2 duration=110 indexOfKey=2
11-11 16:30:51.271  2071  6100 D LinearmotorVibratorService: linearMotorVibrate WAVEFORM_NODE_RAM, uid=10175 opPkg=com.android.systemui we.getWaveFormIndexArray()=[3] we.getWaveFormDurationArray()=[110] we.getStrengthSettingEnabled()=true
11-11 16:30:51.271  3581 22884 D WaveformEffect: getWaveFormDurationArray mEffectType=2 duration=110 indexOfKey=2
11-11 16:30:51.361  2071  2397 D OplusUsbDeviceFeature: setUsbPlugFlag
11-11 16:30:51.375  2071  2397 D UsbDeviceManager: broadcasting Intent { act=android.hardware.usb.action.USB_STATE flg=0x31100000 (has extras) } extras: Bundle[{host_connected=false, connected=false, unlocked=false, adb=true, configured=false}]
11-11 16:30:51.379  2071  2397 I UsbDeviceManager: usb plug out
11-11 16:30:51.379  2071  2397 D OplusUsbDeviceFeature: initUsbAccessoryStart:false
11-11 16:30:51.379  2071  2397 D OplusUsbDeviceFeature: usbFunctionsShuoldUseDefault
11-11 16:30:51.379  2071  2397 I OplusUsbDeviceFeature: usb plug out, current functions=
11-11 16:30:51.384  2071  2419 D CompatibilityChangeReporter: Compat change id reported: 135634846; UID 10078; state: DISABLED
11-11 16:30:51.384  2071  2419 D CompatibilityChangeReporter: Compat change id reported: 177438394; UID 10078; state: DISABLED
11-11 16:30:51.384  2071  2419 D CompatibilityChangeReporter: Compat change id reported: 135772972; UID 10078; state: DISABLED
11-11 16:30:51.384  2071  2419 D CompatibilityChangeReporter: Compat change id reported: 135754954; UID 10078; state: ENABLED
11-11 16:30:51.385  2071  2397 D UsbDeviceManager: setEnabledFunctions functions=0, forceRestart=false,usbDataUnlocked=false,mUsbDataUnlocked=false
11-11 16:30:51.385  2071  2413 D CompatibilityChangeReporter: Compat change id reported: 143937733; UID 10078; state: ENABLED
11-11 16:30:51.385  2071  2397 D OplusUsbDeviceFeature: usbTetheringSwitchOffFunctions
11-11 16:30:51.385  2071  2397 D OplusUsbDeviceFeature: isTelecomRequirement
11-11 16:30:51.385  2071  2397 D OplusUsbDeviceFeature: IgnoreCTARequirement
11-11 16:30:51.385  2071  2397 I OplusUsbDeviceFeature: ingore disable adb
11-11 16:30:51.385  2071  2397 I OplusUsbDeviceFeature: usbFunctionsNotForceRestart got
11-11 16:30:51.389  2071  2397 D OplusUsbDeviceFeature: isNormalBoot
11-11 16:30:51.389  2071  2397 I OplusUsbDeviceFeature: boot reason is reboot
11-11 16:30:51.389  2071  2397 D OplusUsbDeviceFeature: printBootModeForDebug, bootMode:reboot
11-11 16:30:51.389  2071  2397 D OplusUsbDeviceFeature: isNormalBoot
11-11 16:30:51.389  2071  2397 I OplusUsbDeviceFeature: boot reason is reboot
11-11 16:30:51.389  2071  2397 D OplusUsbDeviceFeature: printBootModeForDebug, bootMode:reboot
11-11 16:30:51.393  2071  2397 D OplusUsbDeviceFeature: printFunctionsForDebug
11-11 16:30:51.393  2071  2397 D OplusUsbDeviceFeature: functionInfo:UsbFunc[fun:midi,adb, oemFun:midi,adb, curFun:midi, curFunApplied:true, forceRestart:false, curOemFun:midi
11-11 16:30:51.393  2071  2397 I UsbDeviceManager: Setting USB config to midi,adb
11-11 16:30:51.393  2071  2397 D UsbDeviceManager: setUsbConfig(none)
11-11 16:30:51.394  2071  2413 I ActivityManager: Start proc 23615:android.process.media/u0a78 for broadcast {com.android.mtp/com.android.mtp.MtpReceiver}
11-11 16:30:51.422  2071  2071 W ActivityManager: Receiver with filter android.content.IntentFilter@d393b31 already registered for pid 2071, callerPackage is android
11-11 16:30:51.432  2071  3995 D CompatibilityChangeReporter: Compat change id reported: 171306433; UID 10132; state: ENABLED
11-11 16:30:51.443  2071  6100 D CompatibilityChangeReporter: Compat change id reported: 168419799; UID 10078; state: DISABLED
11-11 16:30:51.446  2071  2419 D CompatibilityChangeReporter: Compat change id reported: 135634846; UID 10129; state: DISABLED
11-11 16:30:51.446  2071  2419 D CompatibilityChangeReporter: Compat change id reported: 177438394; UID 10129; state: DISABLED
11-11 16:30:51.446  2071  2419 D CompatibilityChangeReporter: Compat change id reported: 135772972; UID 10129; state: DISABLED
11-11 16:30:51.446  2071  2419 D CompatibilityChangeReporter: Compat change id reported: 135754954; UID 10129; state: ENABLED
11-11 16:30:51.446  2071  2413 D CompatibilityChangeReporter: Compat change id reported: 143937733; UID 10129; state: ENABLED
11-11 16:30:51.456  2071  2413 I ActivityManager: Start proc 23632:com.google.android.projection.gearhead:car/u0a129 for broadcast {com.google.android.projection.gearhead/com.google.android.apps.auto.carservice.gmscorecompat.CarUsbReceiver}
11-11 16:30:51.468  2071  3784 D CompatibilityChangeReporter: Compat change id reported: 168936375; UID 10132; state: ENABLED
11-11 16:30:51.476  2071  3784 D CompatibilityChangeReporter: Compat change id reported: 73144566; UID 10132; state: ENABLED
11-11 16:30:51.514  2071  2397 D UsbDeviceManager: setUsbConfig(midi,adb)
11-11 16:30:51.640  2071  2071 W ActivityManager: Receiver with filter android.content.IntentFilter@e2e04d6 already registered for pid 2071, callerPackage is android
11-11 16:30:51.757  2071  2397 W Looper  : Slow dispatch took 396ms android.fg h=com.android.server.usb.UsbDeviceManager$UsbHandlerLegacy c=null m=0
11-11 16:30:51.757  2071  2397 W Looper  : Slow delivery took 323ms android.fg h=android.os.Handler c=com.android.server.power.hint.HintManagerService$UidObserver$$ExternalSyntheticLambda1@9b322e5 m=0
11-11 16:30:51.828  2071  2397 D CompatibilityChangeReporter: Compat change id reported: 168936375; UID 1000; state: ENABLED
11-11 16:30:51.828  2071  2397 D CompatibilityChangeReporter: Compat change id reported: 168936375; UID 1000; state: DISABLED
11-11 16:30:51.837  2071  2397 D CompatibilityChangeReporter: Compat change id reported: 73144566; UID 1000; state: ENABLED
11-11 16:30:51.837  2071  2397 D CompatibilityChangeReporter: Compat change id reported: 73144566; UID 1000; state: DISABLED
11-11 16:30:51.842  2071  2397 W Looper  : Drained
11-11 16:30:51.914  2071  2071 W ActivityManager: Receiver with filter android.content.IntentFilter@5d7540d already registered for pid 2071, callerPackage is android
11-11 16:30:52.103  2071  3343 V UsbDeviceManager: USB UEVENT: {SUBSYSTEM=android_usb, SEQNUM=311637, ACTION=change, USB_STATE=CONNECTED, DEVPATH=/devices/virtual/android_usb/android0}
11-11 16:30:52.106  2071  2397 D OplusUsbDeviceFeature: setUsbPlugFlag
11-11 16:30:52.114  2071  2397 D UsbDeviceManager: broadcasting Intent { act=android.hardware.usb.action.USB_STATE flg=0x31100000 (has extras) } extras: Bundle[{host_connected=false, connected=true, unlocked=false, adb=true, configured=false}]
11-11 16:30:52.119  2071  3343 V UsbDeviceManager: USB UEVENT: {SUBSYSTEM=android_usb, SEQNUM=311638, ACTION=change, USB_STATE=CONFIGURED, DEVPATH=/devices/virtual/android_usb/android0}
11-11 16:30:52.119  2071  2397 D OplusUsbDeviceFeature: setUsbPlugFlag
11-11 16:30:52.126  2071  2397 D UsbDeviceManager: broadcasting Intent { act=android.hardware.usb.action.USB_STATE flg=0x31100000 (has extras) } extras: Bundle[{host_connected=false, connected=true, unlocked=false, adb=true, configured=true}]
11-11 16:30:52.312  2071  3689 D CompatibilityChangeReporter: Compat change id reported: 157233955; UID 10129; state: ENABLED
11-11 16:30:53.269  2071  2071 I SoundTriggerHelper: Recognition success
11-11 16:30:53.270  5969  5999 I AlwaysOnHotwordDetector: onDetected
11-11 16:30:54.227  2071  2071 D BatteryServiceExtImpl: send broadcast : BATTERY_PLUGGED_CHANGED : plugType = 2
11-11 16:30:54.227  2071  2071 W ContextImpl: Calling a method in the system process without a qualified user: android.app.ContextImpl.sendBroadcast:1190 com.android.server.BatteryServiceExtImpl$1.run:215 android.os.Handler.handleCallback:938 android.os.Handler.dispatchMessage:99 android.os.Looper.loopOnce:233 
11-11 16:30:54.241  2071  2461 E OplusDisplayPowerControllerFeature: execute mBlockReasonList.clear
11-11 16:30:54.241  2071  2461 D OplusFeatureAOD: notifySfUnBlockScreenOn
11-11 16:30:54.242  2071  2461 D OplusPowerManagerHelper: scheduleNotifyStopDream
11-11 16:30:54.242  2071  2461 D OplusDisplayPowerControllerExtImpl: original brightness to dataBase:3745 final brightness:3745.0 scale:1.0 reason:4 darkLevel:0
11-11 16:30:54.243  2071  2461 D DisplayPowerController[0]: Animating brightness: target=3745.0, rate=123.0, source= 7
11-11 16:30:54.243  2071  2461 V DisplayPowerController[0]: Brightness [3745.0] reason changing to: 'automatic [ auto_adj ]', previous reason: 'automatic'.
11-11 16:30:54.243  2071  2461 D VRR [OPlusRefreshRateService]: notifyBrightnessChange brightness: 3745.0
11-11 16:30:54.243  2071  2461 D OplusPowerManagerHelper: handleMessage:102
11-11 16:30:54.243  2071  2461 D OplusPowerManagerHelper: MSG_STOP_DEAM
11-11 16:30:54.249  2071  2071 W ActivityManager: Receiver with filter android.content.IntentFilter@9ea9410 already registered for pid 2071, callerPackage is android
11-11 16:30:54.462  2071  2071 W ActivityManager: Receiver with filter android.content.IntentFilter@36de3ed already registered for pid 2071, callerPackage is android
11-11 16:30:54.556  2071  3784 I SoundTriggerHelper: startRecognition successful.
11-11 16:30:54.980  2071  2071 W ActivityManager: Receiver with filter android.content.IntentFilter@47eda3a already registered for pid 2071, callerPackage is android
11-11 16:30:56.525  2071  2071 W ActivityManager: Receiver with filter android.content.IntentFilter@df0080a already registered for pid 2071, callerPackage is android
11-11 16:30:56.554  2071  2419 D CompatibilityChangeReporter: Compat change id reported: 135634846; UID 10260; state: DISABLED
11-11 16:30:56.555  2071  2419 D CompatibilityChangeReporter: Compat change id reported: 177438394; UID 10260; state: DISABLED
11-11 16:30:56.555  2071  2419 D CompatibilityChangeReporter: Compat change id reported: 135772972; UID 10260; state: DISABLED
11-11 16:30:56.555  2071  2419 D CompatibilityChangeReporter: Compat change id reported: 135754954; UID 10260; state: ENABLED
11-11 16:30:56.557  2071  2413 D CompatibilityChangeReporter: Compat change id reported: 143937733; UID 10260; state: ENABLED
11-11 16:30:56.568  2071  2413 I ActivityManager: Start proc 23778:in.swiggy.android:pushservice/u0a260 for broadcast {in.swiggy.android/com.xiaomi.push.service.receivers.PingReceiver}
11-11 16:30:56.590 23339 23339 V OplusZoomWindowDecorViewHelper: removeZoomView
11-11 16:30:56.599  2071  3995 V WindowManager: Changing focus from Window{d44fbb u0 com.redditclone/com.redditclone.MainActivity EXITING} to Window{9667ff4 u0 com.redditclone/com.redditclone.MainActivity},diplayid=0
11-11 16:30:56.612 23339 23339 I Quality : Skipped: false 1 cost 24.420797 refreshRate 0 processName com.redditclone
11-11 16:30:56.617  2071  6100 D CompatibilityChangeReporter: Compat change id reported: 168419799; UID 10260; state: DISABLED
11-11 16:30:56.631  2071  3995 D CompatibilityChangeReporter: Compat change id reported: 168419799; UID 10438; state: DISABLED
11-11 16:30:56.829 23339 23339 V OplusZoomWindowDecorViewHelper: removeZoomView
11-11 16:30:56.866 23339 23339 I Quality : Skipped: false 1 cost 31.404829 refreshRate 0 processName com.redditclone
11-11 16:30:56.879  2071  3995 V WindowManager: Changing focus from Window{9667ff4 u0 com.redditclone/com.redditclone.MainActivity} to Window{22c0710 u0 com.redditclone/com.redditclone.MainActivity},diplayid=0
11-11 16:30:56.886 23339 23339 V OplusZoomWindowDecorViewHelper: setLastReportedMergedConfiguration mZoomDisplayHeight: 2400 getDecorView.190244681
11-11 16:30:56.933 23339 23339 I Quality : Skipped: false 2 cost 48.856297 refreshRate 0 processName com.redditclone
11-11 16:30:56.976  2071  2461 D OplusFeatureBrightnessBarController: mDarkLevel: 0
11-11 16:30:57.285  2071  3460 I ActivityManager: Killing 22335:com.android.vending:background/u0a135 (adj 995): empty #17
11-11 16:30:57.293  2071  3995 D CompatibilityChangeReporter: Compat change id reported: 171306433; UID 10260; state: DISABLED
11-11 16:30:59.160  2071  6100 W ContextImpl: Calling a method in the system process without a qualified user: android.app.ContextImpl.sendBroadcastMultiplePermissions:1208 com.android.server.TelephonyRegistry.broadcastServiceStateChanged:2971 com.android.server.TelephonyRegistry.notifyServiceStateForPhoneId:1614 com.android.internal.telephony.ITelephonyRegistry$Stub.onTransact:455 android.os.Binder.execTransactInternal:1226 
11-11 16:30:59.162  2071  6100 W ContextImpl: Calling a method in the system process without a qualified user: android.app.ContextImpl.sendBroadcastMultiplePermissions:1258 android.content.Context.sendBroadcastMultiplePermissions:2215 com.android.server.TelephonyRegistry.broadcastServiceStateChanged:2975 com.android.server.TelephonyRegistry.notifyServiceStateForPhoneId:1614 com.android.internal.telephony.ITelephonyRegistry$Stub.onTransact:455 
11-11 16:30:59.162  2071  2419 W BroadcastQueue: Permission Denial: receiving Intent { act=android.intent.action.SERVICE_STATE flg=0x1000010 (has extras) } to ProcessRecord{49f5e84 3581:com.android.systemui/u0a175} (pid=3581, uid=10175) requires android.permission.ACCESS_FINE_LOCATION due to sender android (uid 1001)
11-11 16:30:59.163  2071  2419 W BroadcastQueue: Permission Denial: receiving Intent { act=android.intent.action.SERVICE_STATE flg=0x1000010 (has extras) } to com.google.android.cellbroadcastreceiver/com.android.cellbroadcastreceiver.CellBroadcastReceiver requires android.permission.READ_PHONE_STATE due to sender android (uid 1001)
11-11 16:30:59.164  2071  2419 W BroadcastQueue: Permission Denial: receiving Intent { act=android.intent.action.SERVICE_STATE flg=0x1000010 (has extras) } to ProcessRecord{49f5e84 3581:com.android.systemui/u0a175} (pid=3581, uid=10175) requires android.permission.ACCESS_FINE_LOCATION due to sender android (uid 1001)
11-11 16:30:59.164  2071  2419 W BroadcastQueue: Permission Denial: receiving Intent { act=android.intent.action.SERVICE_STATE flg=0x1000010 (has extras) } to com.google.android.cellbroadcastreceiver/com.android.cellbroadcastreceiver.CellBroadcastReceiver requires android.permission.ACCESS_FINE_LOCATION due to sender android (uid 1001)
11-11 16:30:59.165  2071  6100 W ContextImpl: Calling a method in the system process without a qualified user: android.app.ContextImpl.sendBroadcastMultiplePermissions:1258 android.content.Context.sendBroadcastMultiplePermissions:2215 com.android.server.TelephonyRegistry.broadcastServiceStateChanged:2982 com.android.server.TelephonyRegistry.notifyServiceStateForPhoneId:1614 com.android.internal.telephony.ITelephonyRegistry$Stub.onTransact:455 
11-11 16:30:59.166  2071  6100 W ContextImpl: Calling a method in the system process without a qualified user: android.app.ContextImpl.sendBroadcastMultiplePermissions:1258 android.content.Context.sendBroadcastMultiplePermissions:2215 com.android.server.TelephonyRegistry.broadcastServiceStateChanged:2986 com.android.server.TelephonyRegistry.notifyServiceStateForPhoneId:1614 com.android.internal.telephony.ITelephonyRegistry$Stub.onTransact:455 
11-11 16:30:59.166  2071  2419 W BroadcastQueue: Permission Denial: receiving Intent { act=android.intent.action.SERVICE_STATE flg=0x1000010 (has extras) } to com.google.android.cellbroadcastreceiver/com.android.cellbroadcastreceiver.CellBroadcastReceiver requires android.permission.READ_PHONE_STATE due to sender android (uid 1001)
11-11 16:30:59.171  2071  2419 D CompatibilityChangeReporter: Compat change id reported: 168419799; UID 10223; state: DISABLED
11-11 16:30:59.198  2071  6100 I OplusCustomizeService: pkg:com.ses.entitlement.o2 isPlatformSigned, return true drectly 
11-11 16:30:59.198  2071  6100 E OplusCustomizeRestrictionManagerService: getMobileDataMode error :s == null
11-11 16:30:59.199  2071  6100 I OplusCustomizeService: pkg:com.ses.entitlement.o2 isPlatformSigned, return true drectly 
11-11 16:30:59.199  2071  3777 I OplusCustomizeService: pkg:com.ses.entitlement.o2 isPlatformSigned, return true drectly 
11-11 16:30:59.207  2071  3777 I OplusCustomizeService: pkg:com.ses.entitlement.o2 isPlatformSigned, return true drectly 
11-11 16:30:59.208  2071  3777 E OplusCustomizeRestrictionManagerService: getMobileDataMode error :s == null
11-11 16:30:59.208  2071  6100 I OplusCustomizeService: pkg:com.ses.entitlement.o2 isPlatformSigned, return true drectly 
11-11 16:30:59.208  2071  6100 I OplusCustomizeService: pkg:com.ses.entitlement.o2 isPlatformSigned, return true drectly 
11-11 16:30:59.221  2071  3777 I OplusCustomizeService: pkg:com.ses.entitlement.o2 isPlatformSigned, return true drectly 
11-11 16:30:59.222  2071  3777 E OplusCustomizeRestrictionManagerService: getMobileDataMode error :s == null
11-11 16:30:59.222  2071  3777 I OplusCustomizeService: pkg:com.ses.entitlement.o2 isPlatformSigned, return true drectly 
11-11 16:30:59.222  2071  3777 I OplusCustomizeService: pkg:com.ses.entitlement.o2 isPlatformSigned, return true drectly 
11-11 16:30:59.226  2071  3777 I OplusCustomizeService: pkg:com.ses.entitlement.o2 isPlatformSigned, return true drectly 
11-11 16:30:59.226  2071  3777 E OplusCustomizeRestrictionManagerService: getMobileDataMode error :s == null
11-11 16:30:59.226  2071  3777 I OplusCustomizeService: pkg:com.ses.entitlement.o2 isPlatformSigned, return true drectly 
11-11 16:30:59.227  2071  3777 I OplusCustomizeService: pkg:com.ses.entitlement.o2 isPlatformSigned, return true drectly 
11-11 16:30:59.973  2071  2461 D OplusFeatureBrightnessBarController: mDarkLevel: 0
11-11 16:31:00.018  2071  3689 E OplusCustomizeRestrictionManagerService: isBiometricDisabled start
11-11 16:31:00.020  2071  3689 E OplusCustomizeRestrictionManagerService: isBiometricDisabled start
11-11 16:31:00.617  2071  2071 W ActivityManager: Receiver with filter android.content.IntentFilter@66ec318 already registered for pid 2071, callerPackage is android
11-11 16:31:02.871  2071  2071 W ActivityManager: Receiver with filter android.content.IntentFilter@cfed233 already registered for pid 2071, callerPackage is android
11-11 16:31:03.187  2071  2071 W ActivityManager: Receiver with filter android.content.IntentFilter@2fd39f0 already registered for pid 2071, callerPackage is android
11-11 16:31:03.708  2071  2071 W ActivityManager: Receiver with filter android.content.IntentFilter@d18fb69 already registered for pid 2071, callerPackage is android
11-11 16:31:04.776  2071  2461 D OplusFeatureBrightnessBarController: mDarkLevel: 0
11-11 16:31:06.173  2071  2461 D OplusFeatureBrightnessBarController: mDarkLevel: 0
11-11 16:31:06.819  2071  4808 D OplusProxyWakeLock: remove uid: 10013 wiht all pids from wakelockUidInfo list
11-11 16:31:06.852  2071  3777 D CompatibilityChangeReporter: Compat change id reported: 135634846; UID 10161; state: DISABLED
11-11 16:31:06.852  2071  3777 D CompatibilityChangeReporter: Compat change id reported: 177438394; UID 10161; state: DISABLED
11-11 16:31:06.852  2071  3777 D CompatibilityChangeReporter: Compat change id reported: 135772972; UID 10161; state: DISABLED
11-11 16:31:06.853  2071  3777 D CompatibilityChangeReporter: Compat change id reported: 135754954; UID 10161; state: ENABLED
11-11 16:31:06.853  2071  2413 D CompatibilityChangeReporter: Compat change id reported: 143937733; UID 10161; state: ENABLED
11-11 16:31:06.872  2071  2413 I ActivityManager: Start proc 23980:com.google.android.apps.messaging/u0a161 for content provider {com.google.android.apps.messaging/com.google.android.apps.messaging.shared.datamodel.provider.sharedstorage.SharedStorageProvider}
11-11 16:31:06.936  2071  3777 D CompatibilityChangeReporter: Compat change id reported: 168419799; UID 10161; state: DISABLED
11-11 16:31:07.172  2071  2461 D OplusFeatureBrightnessBarController: mDarkLevel: 0
11-11 16:31:07.702  2071  6100 W PackageManager: package unknown uid 10161 pid 23980 call SetEnabledSetting(com.google.android.apps.messaging component = com.google.android.ims.binding.SystemBindingService, 1, 0x1, 0)
11-11 16:31:07.963  2071  6100 W PackageManager: package unknown uid 10161 pid 23980 call SetEnabledSetting(com.google.android.apps.messaging component = androidx.work.impl.background.systemjob.SystemJobService, 1, 0x1, 0)
11-11 16:31:08.116  2071  3779 W PackageManager: package unknown uid 10161 pid 23980 call SetEnabledSetting(com.google.android.apps.messaging component = androidx.work.impl.background.systemalarm.RescheduleReceiver, 1, 0x1, 0)
11-11 16:31:09.375  2071  2461 D OplusFeatureBrightnessBarController: mDarkLevel: 0
11-11 16:31:11.102  2071  3779 I ActivityManager: Killing 21297:com.instagram.android/u0a244 (adj 985): empty #17
11-11 16:31:11.376  2071  2461 D OplusFeatureBrightnessBarController: mDarkLevel: 0
11-11 16:31:13.106  2071  3778 I ActivityManager: Killing 22979:com.android.providers.calendar/u0a85 (adj 985): empty #17
11-11 16:31:13.109  2071  3778 I ActivityManager: Killing 22072:com.android.vending/u0a135 (adj 985): empty #18
11-11 16:31:15.774  2071  2461 D OplusFeatureBrightnessBarController: mDarkLevel: 0
11-11 16:31:16.976  2071  2461 D OplusFeatureBrightnessBarController: mDarkLevel: 0
11-11 16:31:17.106  2071  3398 V OplusNPMS: getWarningNotification numWarningNotificaion10
11-11 16:31:17.106  2071  3398 V OplusNPMS: getWarningNotification numWarningNotificaion10
11-11 16:31:17.106  2071  3398 V OplusNPMS: getLimitNotificationState subID=1
11-11 16:31:17.106  2071  3398 V OplusNPMS: getLimitNotificationState mSubidToIccId != null
11-11 16:31:17.130  2071  3784 W ContextImpl: Calling a method in the system process without a qualified user: android.app.ContextImpl.sendBroadcastMultiplePermissions:1208 com.android.server.TelephonyRegistry.broadcastServiceStateChanged:2971 com.android.server.TelephonyRegistry.notifyServiceStateForPhoneId:1614 com.android.internal.telephony.ITelephonyRegistry$Stub.onTransact:455 android.os.Binder.execTransactInternal:1226 
11-11 16:31:17.131  2071  3784 W ContextImpl: Calling a method in the system process without a qualified user: android.app.ContextImpl.sendBroadcastMultiplePermissions:1258 android.content.Context.sendBroadcastMultiplePermissions:2215 com.android.server.TelephonyRegistry.broadcastServiceStateChanged:2975 com.android.server.TelephonyRegistry.notifyServiceStateForPhoneId:1614 com.android.internal.telephony.ITelephonyRegistry$Stub.onTransact:455 
11-11 16:31:17.131  2071  2419 W BroadcastQueue: Permission Denial: receiving Intent { act=android.intent.action.SERVICE_STATE flg=0x1000010 (has extras) } to ProcessRecord{49f5e84 3581:com.android.systemui/u0a175} (pid=3581, uid=10175) requires android.permission.ACCESS_FINE_LOCATION due to sender android (uid 1001)
11-11 16:31:17.132  2071  2419 W BroadcastQueue: Permission Denial: receiving Intent { act=android.intent.action.SERVICE_STATE flg=0x1000010 (has extras) } to com.google.android.cellbroadcastreceiver/com.android.cellbroadcastreceiver.CellBroadcastReceiver requires android.permission.READ_PHONE_STATE due to sender android (uid 1001)
11-11 16:31:17.136  2071  2419 W BroadcastQueue: Permission Denial: receiving Intent { act=android.intent.action.SERVICE_STATE flg=0x1000010 (has extras) } to ProcessRecord{49f5e84 3581:com.android.systemui/u0a175} (pid=3581, uid=10175) requires android.permission.ACCESS_FINE_LOCATION due to sender android (uid 1001)
11-11 16:31:17.136  2071  3784 W ContextImpl: Calling a method in the system process without a qualified user: android.app.ContextImpl.sendBroadcastMultiplePermissions:1258 android.content.Context.sendBroadcastMultiplePermissions:2215 com.android.server.TelephonyRegistry.broadcastServiceStateChanged:2982 com.android.server.TelephonyRegistry.notifyServiceStateForPhoneId:1614 com.android.internal.telephony.ITelephonyRegistry$Stub.onTransact:455 
