11-11 16:27:59.474  2071 30583 E AdbDebuggingManager: Caught an exception opening the socket: java.io.IOException: No such file or directory
11-11 16:28:00.054  2071  6596 E OplusCustomizeRestrictionManagerService: isBiometricDisabled start
11-11 16:28:00.056  2071  3090 E OplusCustomizeRestrictionManagerService: isBiometricDisabled start
11-11 16:28:01.480  2071 30583 E AdbDebuggingManager: Caught an exception opening the socket: java.io.IOException: No such file or directory
11-11 16:28:03.487  2071 30583 E AdbDebuggingManager: Caught an exception opening the socket: java.io.IOException: No such file or directory
11-11 16:28:04.176  2071  2461 D OplusFeatureBrightnessBarController: mDarkLevel: 0
11-11 16:28:05.495  2071 30583 E AdbDebuggingManager: Caught an exception opening the socket: java.io.IOException: No such file or directory
11-11 16:28:07.500  2071 30583 E AdbDebuggingManager: Caught an exception opening the socket: java.io.IOException: No such file or directory
11-11 16:28:09.396  1466  1466 I Quality : SFJankCountInfo: 10; 0; 0; 0; 0; 0; 0; 0; 0; 0; 8
11-11 16:28:09.506  2071 30583 E AdbDebuggingManager: Caught an exception opening the socket: java.io.IOException: No such file or directory
11-11 16:28:11.177  2071  2461 D OplusFeatureBrightnessBarController: mDarkLevel: 0
11-11 16:28:11.510  2071 30583 E AdbDebuggingManager: Caught an exception opening the socket: java.io.IOException: No such file or directory
11-11 16:28:13.513  2071 30583 E AdbDebuggingManager: Caught an exception opening the socket: java.io.IOException: No such file or directory
11-11 16:28:13.575  2071  2461 D OplusFeatureBrightnessBarController: mDarkLevel: 0
11-11 16:28:14.375  2071  2461 D OplusFeatureBrightnessBarController: mDarkLevel: 0
11-11 16:28:15.520  2071 30583 E AdbDebuggingManager: Caught an exception opening the socket: java.io.IOException: No such file or directory
11-11 16:28:15.778  2071  2461 D OplusFeatureBrightnessBarController: mDarkLevel: 0
11-11 16:28:17.526  2071 30583 E AdbDebuggingManager: Caught an exception opening the socket: java.io.IOException: No such file or directory
11-11 16:28:19.178  2071  2461 D OplusFeatureBrightnessBarController: mDarkLevel: 0
11-11 16:28:19.534  2071 30583 E AdbDebuggingManager: Caught an exception opening the socket: java.io.IOException: No such file or directory
11-11 16:28:21.377  2071  2461 D OplusFeatureBrightnessBarController: mDarkLevel: 0
11-11 16:28:21.542  2071 30583 E AdbDebuggingManager: Caught an exception opening the socket: java.io.IOException: No such file or directory
11-11 16:28:23.546  2071 30583 E AdbDebuggingManager: Caught an exception opening the socket: java.io.IOException: No such file or directory
11-11 16:28:25.551  2071 30583 E AdbDebuggingManager: Caught an exception opening the socket: java.io.IOException: No such file or directory
11-11 16:28:26.915  2071  2461 D OplusFeatureBrightnessBarController: mDarkLevel: 0
11-11 16:28:27.559  2071 30583 E AdbDebuggingManager: Caught an exception opening the socket: java.io.IOException: No such file or directory
11-11 16:28:29.566  2071 30583 E AdbDebuggingManager: Caught an exception opening the socket: java.io.IOException: No such file or directory
11-11 16:28:29.977  2071  2461 D OplusFeatureBrightnessBarController: mDarkLevel: 0
11-11 16:28:31.570  2071 30583 E AdbDebuggingManager: Caught an exception opening the socket: java.io.IOException: No such file or directory
11-11 16:28:32.176  2071  2461 D OplusFeatureBrightnessBarController: mDarkLevel: 0
11-11 16:28:33.575  2071  2461 D OplusFeatureBrightnessBarController: mDarkLevel: 0
11-11 16:28:33.575  2071 30583 E AdbDebuggingManager: Caught an exception opening the socket: java.io.IOException: No such file or directory
11-11 16:28:35.578  2071 30583 E AdbDebuggingManager: Caught an exception opening the socket: java.io.IOException: No such file or directory
11-11 16:28:37.582  2071 30583 E AdbDebuggingManager: Caught an exception opening the socket: java.io.IOException: No such file or directory
11-11 16:28:39.176  2071  2461 D OplusFeatureBrightnessBarController: mDarkLevel: 0
11-11 16:28:39.585  2071 30583 E AdbDebuggingManager: Caught an exception opening the socket: java.io.IOException: No such file or directory
11-11 16:28:41.590  2071 30583 E AdbDebuggingManager: Caught an exception opening the socket: java.io.IOException: No such file or directory
11-11 16:28:43.595  2071 30583 E AdbDebuggingManager: Caught an exception opening the socket: java.io.IOException: No such file or directory
11-11 16:28:43.975  2071  2461 D OplusFeatureBrightnessBarController: mDarkLevel: 0
11-11 16:28:45.192  2071  9097 D UsageStatsService: User[0] type=0 b=1668163882611 e=1668164325190 cb=1668083142177 ce=1668164253716 disk=0 all=3
11-11 16:28:45.598  2071 30583 E AdbDebuggingManager: Caught an exception opening the socket: java.io.IOException: No such file or directory
11-11 16:28:46.578  2071  2461 D OplusFeatureBrightnessBarController: mDarkLevel: 0
11-11 16:28:47.602  2071 30583 E AdbDebuggingManager: Caught an exception opening the socket: java.io.IOException: No such file or directory
11-11 16:28:49.605  2071 30583 E AdbDebuggingManager: Caught an exception opening the socket: java.io.IOException: No such file or directory
11-11 16:28:49.975  2071  2461 D OplusFeatureBrightnessBarController: mDarkLevel: 0
11-11 16:28:51.609  2071 30583 E AdbDebuggingManager: Caught an exception opening the socket: java.io.IOException: No such file or directory
11-11 16:28:53.613  2071 30583 E AdbDebuggingManager: Caught an exception opening the socket: java.io.IOException: No such file or directory
11-11 16:28:55.176  2071  2461 D OplusFeatureBrightnessBarController: mDarkLevel: 0
11-11 16:28:55.619  2071 30583 E AdbDebuggingManager: Caught an exception opening the socket: java.io.IOException: No such file or directory
11-11 16:28:57.575  2071  2461 D OplusFeatureBrightnessBarController: mDarkLevel: 0
11-11 16:28:57.624  2071 30583 E AdbDebuggingManager: Caught an exception opening the socket: java.io.IOException: No such file or directory
11-11 16:28:59.577  2071  2461 D OplusFeatureBrightnessBarController: mDarkLevel: 0
11-11 16:28:59.628  2071 30583 E AdbDebuggingManager: Caught an exception opening the socket: java.io.IOException: No such file or directory
11-11 16:29:00.047  2071  2236 E OplusCustomizeRestrictionManagerService: isBiometricDisabled start
11-11 16:29:00.049  2071  3090 E OplusCustomizeRestrictionManagerService: isBiometricDisabled start
11-11 16:29:01.177  2071  2461 D OplusFeatureBrightnessBarController: mDarkLevel: 0
11-11 16:29:01.633  2071 30583 E AdbDebuggingManager: Caught an exception opening the socket: java.io.IOException: No such file or directory
11-11 16:29:03.637  2071 30583 E AdbDebuggingManager: Caught an exception opening the socket: java.io.IOException: No such file or directory
11-11 16:29:05.641  2071 30583 E AdbDebuggingManager: Caught an exception opening the socket: java.io.IOException: No such file or directory
11-11 16:29:06.576  2071  2461 D OplusFeatureBrightnessBarController: mDarkLevel: 0
11-11 16:29:07.644  2071 30583 E AdbDebuggingManager: Caught an exception opening the socket: java.io.IOException: No such file or directory
11-11 16:29:09.143  2071  2071 D CompatibilityChangeReporter: Compat change id reported: 135634846; UID 10013; state: DISABLED
11-11 16:29:09.143  2071  2071 D CompatibilityChangeReporter: Compat change id reported: 177438394; UID 10013; state: DISABLED
11-11 16:29:09.144  2071  2071 D CompatibilityChangeReporter: Compat change id reported: 135772972; UID 10013; state: DISABLED
11-11 16:29:09.144  2071  2071 D CompatibilityChangeReporter: Compat change id reported: 135754954; UID 10013; state: ENABLED
11-11 16:29:09.145  2071  2413 D CompatibilityChangeReporter: Compat change id reported: 143937733; UID 10013; state: ENABLED
11-11 16:29:09.148  2071  2071 D CompatibilityChangeReporter: Compat change id reported: 135634846; UID 10018; state: DISABLED
11-11 16:29:09.148  2071  2071 D CompatibilityChangeReporter: Compat change id reported: 177438394; UID 10018; state: DISABLED
11-11 16:29:09.148  2071  2071 D CompatibilityChangeReporter: Compat change id reported: 135772972; UID 10018; state: DISABLED
11-11 16:29:09.149  2071  2071 D CompatibilityChangeReporter: Compat change id reported: 135754954; UID 10018; state: ENABLED
11-11 16:29:09.151  2071  2071 D CompatibilityChangeReporter: Compat change id reported: 135634846; UID 10279; state: DISABLED
11-11 16:29:09.152  2071  2071 D CompatibilityChangeReporter: Compat change id reported: 177438394; UID 10279; state: DISABLED
11-11 16:29:09.152  2071  2071 D CompatibilityChangeReporter: Compat change id reported: 135772972; UID 10279; state: DISABLED
11-11 16:29:09.152  2071  2071 D CompatibilityChangeReporter: Compat change id reported: 135754954; UID 10279; state: ENABLED
11-11 16:29:09.155  2071  2071 D CompatibilityChangeReporter: Compat change id reported: 135634846; UID 10321; state: DISABLED
11-11 16:29:09.155  2071  2071 D CompatibilityChangeReporter: Compat change id reported: 177438394; UID 10321; state: DISABLED
11-11 16:29:09.155  2071  2071 D CompatibilityChangeReporter: Compat change id reported: 135772972; UID 10321; state: DISABLED
11-11 16:29:09.155  2071  2071 D CompatibilityChangeReporter: Compat change id reported: 135754954; UID 10321; state: ENABLED
11-11 16:29:09.169  2071  2071 W ActivityManager: Receiver with filter android.content.IntentFilter@52e57c0 already registered for pid 2071, callerPackage is android
11-11 16:29:09.175  2071  2413 I ActivityManager: Start proc 21705:com.techmash.playo/u0a13 for service {com.techmash.playo/com.clevertap.android.sdk.pushnotification.amp.CTBackgroundJobService}
11-11 16:29:09.176  2071  2413 W ContextImpl: Calling a method in the system process without a qualified user: android.app.ContextImpl.sendBroadcast:1175 com.android.server.am.OplusAppStartupConfig.sendAbnormalNotify:1210 com.android.server.am.OplusAppStartupConfig.notifyAbnormalInfo:1143 com.android.server.am.OplusAppStartupManager.handleStartAppInfo:5170 com.android.server.am.ProcessListExtImpl.hookHandleProcessStart:250 
11-11 16:29:09.177  2071  2413 D CompatibilityChangeReporter: Compat change id reported: 143937733; UID 10018; state: ENABLED
11-11 16:29:09.195  2071  2413 I ActivityManager: Start proc 21706:com.gaana/u0a18 for service {com.gaana/com.moengage.core.DataSyncJob}
11-11 16:29:09.196  2071  2413 D CompatibilityChangeReporter: Compat change id reported: 143937733; UID 10279; state: ENABLED
11-11 16:29:09.215  2071  2413 W ActivityManager: Slow operation: 64ms so far, now at startProcess: returned from zygote!
11-11 16:29:09.216  2071  2413 W ActivityManager: Slow operation: 65ms so far, now at startProcess: done updating battery stats
11-11 16:29:09.216  2071  2413 W ActivityManager: Slow operation: 65ms so far, now at startProcess: building log message
11-11 16:29:09.216  2071  2413 I ActivityManager: Start proc 21742:com.zoomcar/u0a279 for service {com.zoomcar/com.moengage.core.DataSyncJob}
11-11 16:29:09.216  2071  2413 W ActivityManager: Slow operation: 65ms so far, now at startProcess: starting to update pids map
11-11 16:29:09.218  2071  2413 W ActivityManager: Slow operation: 67ms so far, now at startProcess: done updating pids map
11-11 16:29:09.218  2071  2413 W ActivityManager: Slow operation: 64ms so far, now at startProcess: asking zygote to start proc
11-11 16:29:09.218  2071  2413 D CompatibilityChangeReporter: Compat change id reported: 143937733; UID 10321; state: ENABLED
11-11 16:29:09.220  2071  2236 D CompatibilityChangeReporter: Compat change id reported: 168419799; UID 10013; state: DISABLED
11-11 16:29:09.235  2071  2236 D CompatibilityChangeReporter: Compat change id reported: 168419799; UID 10018; state: DISABLED
11-11 16:29:09.238  2071  2413 W ActivityManager: Slow operation: 84ms so far, now at startProcess: returned from zygote!
11-11 16:29:09.238  2071  2413 W ActivityManager: Slow operation: 84ms so far, now at startProcess: done updating battery stats
11-11 16:29:09.238  2071  2413 W ActivityManager: Slow operation: 84ms so far, now at startProcess: building log message
11-11 16:29:09.238  2071  2413 I ActivityManager: Start proc 21758:com.twitter.android/u0a321 for service {com.twitter.android/androidx.work.impl.background.systemjob.SystemJobService}
11-11 16:29:09.238  2071  2413 W ActivityManager: Slow operation: 84ms so far, now at startProcess: starting to update pids map
11-11 16:29:09.239  2071  2413 W ActivityManager: Slow operation: 85ms so far, now at startProcess: done updating pids map
11-11 16:29:09.259  2071  2236 D CompatibilityChangeReporter: Compat change id reported: 168419799; UID 10279; state: DISABLED
11-11 16:29:09.268  2071  2236 D CompatibilityChangeReporter: Compat change id reported: 168419799; UID 10321; state: DISABLED
11-11 16:29:09.647  2071 30583 E AdbDebuggingManager: Caught an exception opening the socket: java.io.IOException: No such file or directory
11-11 16:29:09.691  2071  2236 W PackageManager: package unknown uid 10279 pid 21742 call SetEnabledSetting(com.zoomcar component = androidx.work.impl.background.systemjob.SystemJobService, 1, 0x1, 0)
11-11 16:29:09.742  2071  3090 W PackageManager: package unknown uid 10013 pid 21705 call SetEnabledSetting(com.techmash.playo component = androidx.work.impl.background.systemjob.SystemJobService, 1, 0x1, 0)
11-11 16:29:09.838  2071  3090 W PackageManager: package unknown uid 10321 pid 21758 call SetEnabledSetting(com.twitter.android component = androidx.work.impl.background.systemjob.SystemJobService, 1, 0x1, 0)
11-11 16:29:09.892  2071  6094 I ActivityManager: com.android.vending is exempt from freezer
11-11 16:29:09.892  2071  6094 D CompatibilityChangeReporter: Compat change id reported: 135634846; UID 10135; state: DISABLED
11-11 16:29:09.892  2071  6094 D CompatibilityChangeReporter: Compat change id reported: 177438394; UID 10135; state: DISABLED
11-11 16:29:09.892  2071  6094 D CompatibilityChangeReporter: Compat change id reported: 135772972; UID 10135; state: DISABLED
11-11 16:29:09.892  2071  6094 D CompatibilityChangeReporter: Compat change id reported: 135754954; UID 10135; state: ENABLED
11-11 16:29:09.892  2071  2413 D CompatibilityChangeReporter: Compat change id reported: 143937733; UID 10135; state: ENABLED
11-11 16:29:09.917  2071  2413 I ActivityManager: Start proc 22072:com.android.vending/u0a135 for service {com.android.vending/com.google.android.finsky.developergroupidinfo.DeveloperGroupIdInfoService}
11-11 16:29:09.918  2071  6094 W PackageManager: package unknown uid 10321 pid 21758 call SetEnabledSetting(com.twitter.android component = androidx.work.impl.background.systemalarm.RescheduleReceiver, 1, 0x1, 0)
11-11 16:29:09.975  2071  3090 D CompatibilityChangeReporter: Compat change id reported: 168419799; UID 10135; state: DISABLED
11-11 16:29:10.107  2071  6780 W PackageManager: package unknown uid 10135 pid 22072 call SetEnabledSetting(com.android.vending component = com.android.vending.AssetBrowserActivity, 1, 0x1, 0)
11-11 16:29:10.108  2071  6780 W PackageManager: package unknown uid 10135 pid 22072 call SetEnabledSetting(com.android.vending component = com.google.android.finsky.prewarmservice.PrewarmService, 1, 0x1, 0)
11-11 16:29:10.108  2071  6780 W PackageManager: package unknown uid 10135 pid 22072 call SetEnabledSetting(com.android.vending component = com.google.android.finsky.activities.DebugActivity, 2, 0x1, 0)
11-11 16:29:10.127  2071  6100 W PackageManager: package unknown uid 10135 pid 22072 call SetEnabledSetting(com.android.vending component = com.google.android.finsky.systemupdateactivity.SystemUpdateActivity, 1, 0x1, 0)
11-11 16:29:10.127  2071  2236 W PackageManager: package unknown uid 10135 pid 22072 call SetEnabledSetting(com.android.vending component = com.google.android.finsky.systemupdateactivity.SettingsSecurityEntryPoint, 1, 0x1, 0)
11-11 16:29:10.134  2071  6094 W PackageManager: package unknown uid 10135 pid 22072 call SetEnabledSetting(com.android.vending component = com.google.android.finsky.systemcomponentupdateui.common.SystemComponentUpdateActivity, 0, 0x1, 0)
11-11 16:29:10.135  2071  6780 W PackageManager: package unknown uid 10135 pid 22072 call SetEnabledSetting(com.android.vending component = com.google.android.finsky.hibernation.impl.UnhibernateActivity, 0, 0x1, 0)
11-11 16:29:10.138  2071  2236 D CompatibilityChangeReporter: Compat change id reported: 135634846; UID 10132; state: DISABLED
11-11 16:29:10.138  2071  2236 D CompatibilityChangeReporter: Compat change id reported: 177438394; UID 10132; state: DISABLED
11-11 16:29:10.138  2071  2236 D CompatibilityChangeReporter: Compat change id reported: 135772972; UID 10132; state: DISABLED
11-11 16:29:10.138  2071  2236 D CompatibilityChangeReporter: Compat change id reported: 135754954; UID 10132; state: ENABLED
11-11 16:29:10.139  2071  2413 D CompatibilityChangeReporter: Compat change id reported: 143937733; UID 10132; state: ENABLED
11-11 16:29:10.150  2071  2413 I ActivityManager: Start proc 22218:com.google.process.gapps/u0a132 for content provider {com.google.android.gsf/com.google.android.gsf.settings.GoogleSettingsProvider}
11-11 16:29:10.194  2071  6783 D CompatibilityChangeReporter: Compat change id reported: 168419799; UID 10132; state: DISABLED
11-11 16:29:10.509  1466  1466 I Quality : SFJankCountInfo: 10; 0; 0; 0; 0; 0; 0; 0; 0; 0; 9
11-11 16:29:10.666  2071  2236 W ActivityManager: Unable to start service Intent { act=com.google.android.gms.leibniz.events.service.START pkg=com.google.android.gms } U=0: not found
11-11 16:29:10.667  2071  2236 W ActivityManager: Unbind failed: could not find connection for android.os.BinderProxy@31306f8
11-11 16:29:10.782  2071  6100 I ActivityManager: com.android.vending is exempt from freezer
11-11 16:29:10.782  2071  6100 D CompatibilityChangeReporter: Compat change id reported: 135634846; UID 10135; state: DISABLED
11-11 16:29:10.782  2071  6100 D CompatibilityChangeReporter: Compat change id reported: 177438394; UID 10135; state: DISABLED
11-11 16:29:10.782  2071  6100 D CompatibilityChangeReporter: Compat change id reported: 135772972; UID 10135; state: DISABLED
11-11 16:29:10.783  2071  6100 D CompatibilityChangeReporter: Compat change id reported: 135754954; UID 10135; state: ENABLED
11-11 16:29:10.785  2071  2413 D CompatibilityChangeReporter: Compat change id reported: 143937733; UID 10135; state: ENABLED
11-11 16:29:10.806  2071  2413 I ActivityManager: Start proc 22335:com.android.vending:background/u0a135 for service {com.android.vending/com.google.android.finsky.ipcservers.background.BackgroundGrpcServerAndroidService}
11-11 16:29:10.876  2071  6596 D CompatibilityChangeReporter: Compat change id reported: 135634846; UID 10018; state: DISABLED
11-11 16:29:10.876  2071  6596 D CompatibilityChangeReporter: Compat change id reported: 177438394; UID 10018; state: DISABLED
11-11 16:29:10.876  2071  6596 D CompatibilityChangeReporter: Compat change id reported: 135772972; UID 10018; state: DISABLED
11-11 16:29:10.876  2071  6596 D CompatibilityChangeReporter: Compat change id reported: 135754954; UID 10018; state: ENABLED
11-11 16:29:10.877  2071  2413 D CompatibilityChangeReporter: Compat change id reported: 143937733; UID 10018; state: ENABLED
11-11 16:29:10.892  2071  2413 I ActivityManager: Start proc 22357:com.google.android.webview:sandboxed_process0:org.chromium.content.app.SandboxedProcessService0:0/u0i947 for  {com.gaana/org.chromium.content.app.SandboxedProcessService0:0}
11-11 16:29:10.951  2071  2236 W ActivityManager: Background start not allowed: service Intent { cmp=com.gaana/com.freshchat.consumer.sdk.service.FreshchatService } to com.gaana/com.freshchat.consumer.sdk.service.FreshchatService from pid=21706 uid=10018 pkg=com.gaana startFg?=false
11-11 16:29:11.030  2071  3783 D CompatibilityChangeReporter: Compat change id reported: 135634846; UID 10150; state: DISABLED
11-11 16:29:11.030  2071  3783 D CompatibilityChangeReporter: Compat change id reported: 177438394; UID 10150; state: DISABLED
11-11 16:29:11.030  2071  3783 D CompatibilityChangeReporter: Compat change id reported: 135772972; UID 10150; state: DISABLED
11-11 16:29:11.030  2071  3783 D CompatibilityChangeReporter: Compat change id reported: 135754954; UID 10150; state: ENABLED
11-11 16:29:11.031  2071  2413 D CompatibilityChangeReporter: Compat change id reported: 143937733; UID 10150; state: ENABLED
11-11 16:29:11.050  2071  2413 I ActivityManager: Start proc 22405:com.google.android.webview:webview_service/u0a150 for service {com.google.android.webview/org.chromium.android_webview.services.ComponentsProviderService}
11-11 16:29:11.091  2071  6094 D CompatibilityChangeReporter: Compat change id reported: 168419799; UID 10150; state: DISABLED
11-11 16:29:11.102  2071  6094 I ClipboardManagerTransactionHelper: Invalid transaction code = 7
11-11 16:29:11.143 21706 21706 D OplusInputMethodUtil: init DEBUG to false, update DEBUG_IME to false
11-11 16:29:11.143 21706 21706 D OplusInputMethodUtil: init DEBUG to false, update DEBUG_IME to false
11-11 16:29:11.286  2071  3398 V OplusNPMS: getWarningNotification numWarningNotificaion10
11-11 16:29:11.286  2071  3398 V OplusNPMS: getWarningNotification numWarningNotificaion10
11-11 16:29:11.286  2071  3398 V OplusNPMS: getLimitNotificationState subID=1
11-11 16:29:11.286  2071  3398 V OplusNPMS: getLimitNotificationState mSubidToIccId != null
11-11 16:29:11.649  2071 30583 E AdbDebuggingManager: Caught an exception opening the socket: java.io.IOException: No such file or directory
11-11 16:29:11.684  2071  6596 I ActivityManager: Killing 19876:com.mpl.androidapp/u0a436 (adj 965): empty #17
11-11 16:29:11.713  2071  4808 D OplusProxyWakeLock: remove uid: 10436 wiht all pids from wakelockUidInfo list
11-11 16:29:11.797  2071  6596 W ActivityManager: Scheduling restart of crashed service com.mpl.androidapp/androidx.room.MultiInstanceInvalidationService in 1000ms for connection
11-11 16:29:11.808  2071  2415 I ActivityManager: Process PhantomProcessRecord {3a6705 19915:19876:com.mpl.androidapp/u0a436} died
11-11 16:29:11.808  2071  2415 I ActivityManager: Process PhantomProcessRecord {71f935a 19903:19876:com.mpl.androidapp/u0a436} died
11-11 16:29:11.974  2071  2461 D OplusFeatureBrightnessBarController: mDarkLevel: 0
11-11 16:29:12.350  2071  6596 I ActivityManager: Killing 18715:com.oneplus.opwlb/u0a171 (adj 965): empty #17
11-11 16:29:12.353  2071  6596 I ActivityManager: Killing 21254:com.oplus.statistics.rom/u0a367 (adj 965): empty #18
11-11 16:29:12.357  2071  6596 I ActivityManager: Killing 21138:com.android.chrome:privileged_process0/u0a156 (adj 975): empty #19
11-11 16:29:12.359  2071  6596 I ActivityManager: Killing 21077:com.android.chrome/u0a156 (adj 975): empty #20
11-11 16:29:12.361  2071  6596 I ActivityManager: Killing 17771:com.google.android.cellbroadcastreceiver/u0a223 (adj 985): empty #21
11-11 16:29:12.363  2071  6596 I ActivityManager: Killing 20519:com.reddit.frontpage/u0a310 (adj 985): empty #22
11-11 16:29:12.365  2071  6596 I ActivityManager: Killing 20504:in.swiggy.android:pushservice/u0a260 (adj 995): empty #23
11-11 16:29:12.374  2071  4808 D OplusProxyWakeLock: remove uid: 10310 wiht all pids from wakelockUidInfo list
11-11 16:29:12.374  2071  4808 D OplusProxyWakeLock: remove uid: 10260 wiht all pids from wakelockUidInfo list
11-11 16:29:12.430  2071  3783 W ActivityManager: Scheduling restart of crashed service com.android.chrome/org.chromium.content.app.PrivilegedProcessService0 in 10367ms for connection
11-11 16:29:12.448  2071  3399 D CompatibilityChangeReporter: Compat change id reported: 171306433; UID 10367; state: ENABLED
11-11 16:29:12.482  2071  3996 D DisplayManagerService: Display listener for pid 21077 died.
11-11 16:29:12.802  2071  2412 D CompatibilityChangeReporter: Compat change id reported: 135634846; UID 10436; state: DISABLED
11-11 16:29:12.804  2071  2413 D CompatibilityChangeReporter: Compat change id reported: 143937733; UID 10436; state: DISABLED
11-11 16:29:12.825  2071  2413 I ActivityManager: Start proc 22503:com.mpl.androidapp/u0a436 for service {com.mpl.androidapp/androidx.room.MultiInstanceInvalidationService}
11-11 16:29:13.373  2071  2461 D OplusFeatureBrightnessBarController: mDarkLevel: 0
11-11 16:29:13.651  2071 30583 E AdbDebuggingManager: Caught an exception opening the socket: java.io.IOException: No such file or directory
11-11 16:29:15.654  2071 30583 E AdbDebuggingManager: Caught an exception opening the socket: java.io.IOException: No such file or directory
11-11 16:29:16.285  2071  3645 W ActivityManager: Background start not allowed: service Intent { cmp=com.mpl.androidapp/com.xiaomi.mipush.sdk.PushMessageHandler } to com.mpl.androidapp/com.xiaomi.mipush.sdk.PushMessageHandler from pid=22503 uid=10436 pkg=com.mpl.androidapp startFg?=false
11-11 16:29:16.315  2071  6782 W ActivityManager: Background start not allowed: service Intent { cmp=com.mpl.androidapp/com.xiaomi.mipush.sdk.MessageHandleService } to com.mpl.androidapp/com.xiaomi.mipush.sdk.MessageHandleService from pid=22503 uid=10436 pkg=com.mpl.androidapp startFg?=false
11-11 16:29:17.657  2071 30583 E AdbDebuggingManager: Caught an exception opening the socket: java.io.IOException: No such file or directory
11-11 16:29:18.975  2071  2461 D OplusFeatureBrightnessBarController: mDarkLevel: 0
11-11 16:29:19.660  2071 30583 E AdbDebuggingManager: Caught an exception opening the socket: java.io.IOException: No such file or directory
11-11 16:29:20.279  2071  6783 W PackageManager: package unknown uid 10135 pid 22072 call SetEnabledSetting(com.android.vending component = com.google.android.finsky.wearsupport.WearSupportService, 2, 0x1, 0)
11-11 16:29:20.280  2071  6783 W PackageManager: package unknown uid 10135 pid 22072 call SetEnabledSetting(com.android.vending component = com.google.android.finsky.wearsupport.WearChangeListenerService, 2, 0x1, 0)
11-11 16:29:20.443  2071  2071 I SoundTriggerHelper: Recognition success
11-11 16:29:20.446  5969  5999 I AlwaysOnHotwordDetector: onDetected
11-11 16:29:21.374  2071  2461 D OplusFeatureBrightnessBarController: mDarkLevel: 0
11-11 16:29:21.663  2071 30583 E AdbDebuggingManager: Caught an exception opening the socket: java.io.IOException: No such file or directory
11-11 16:29:21.828  2071  3645 I SoundTriggerHelper: startRecognition successful.
11-11 16:29:23.667  2071 30583 E AdbDebuggingManager: Caught an exception opening the socket: java.io.IOException: No such file or directory
11-11 16:29:25.673  2071 30583 E AdbDebuggingManager: Caught an exception opening the socket: java.io.IOException: No such file or directory
11-11 16:29:25.977  2071  2461 D OplusFeatureBrightnessBarController: mDarkLevel: 0
11-11 16:29:27.679  2071 30583 E AdbDebuggingManager: Caught an exception opening the socket: java.io.IOException: No such file or directory
11-11 16:29:29.177  2071  2461 D OplusFeatureBrightnessBarController: mDarkLevel: 0
11-11 16:29:29.683  2071 30583 E AdbDebuggingManager: Caught an exception opening the socket: java.io.IOException: No such file or directory
11-11 16:29:30.176  2071  2461 D OplusFeatureBrightnessBarController: mDarkLevel: 0
11-11 16:29:31.687  2071 30583 E AdbDebuggingManager: Caught an exception opening the socket: java.io.IOException: No such file or directory
11-11 16:29:31.835  2071  6783 D CompatibilityChangeReporter: Compat change id reported: 135634846; UID 10367; state: DISABLED
11-11 16:29:31.835  2071  6783 D CompatibilityChangeReporter: Compat change id reported: 177438394; UID 10367; state: DISABLED
11-11 16:29:31.836  2071  6783 D CompatibilityChangeReporter: Compat change id reported: 135772972; UID 10367; state: DISABLED
11-11 16:29:31.836  2071  6783 D CompatibilityChangeReporter: Compat change id reported: 135754954; UID 10367; state: ENABLED
11-11 16:29:31.846  2071  2413 D CompatibilityChangeReporter: Compat change id reported: 143937733; UID 10367; state: ENABLED
11-11 16:29:31.856  2071  2413 I ActivityManager: Start proc 22719:com.oplus.statistics.rom/u0a367 for content provider {com.oplus.statistics.rom/com.oplus.statistics.rom.service.DcsContentProvider}
11-11 16:29:31.877  2071  6783 D CompatibilityChangeReporter: Compat change id reported: 168419799; UID 10367; state: DISABLED
11-11 16:29:32.375  2071  2461 D OplusFeatureBrightnessBarController: mDarkLevel: 0
11-11 16:29:33.691  2071 30583 E AdbDebuggingManager: Caught an exception opening the socket: java.io.IOException: No such file or directory
11-11 16:29:35.697  2071 30583 E AdbDebuggingManager: Caught an exception opening the socket: java.io.IOException: No such file or directory
11-11 16:29:37.174  2071  2461 D OplusFeatureBrightnessBarController: mDarkLevel: 0
11-11 16:29:37.704  2071 30583 E AdbDebuggingManager: Caught an exception opening the socket: java.io.IOException: No such file or directory
11-11 16:29:39.576  2071  2461 D OplusFeatureBrightnessBarController: mDarkLevel: 0
11-11 16:29:39.708  2071 30583 E AdbDebuggingManager: Caught an exception opening the socket: java.io.IOException: No such file or directory
11-11 16:29:40.136  2071  2419 D CompatibilityChangeReporter: Compat change id reported: 168419799; UID 10244; state: DISABLED
11-11 16:29:40.349  2071  6783 I DropBoxManagerService: add tag=event_data isTagEnabled=true flags=0x2
11-11 16:29:40.357  2071  2419 W BroadcastQueue: Background execution not allowed: receiving Intent { act=android.intent.action.DROPBOX_ENTRY_ADDED flg=0x10 (has extras) } to com.google.android.gms/.stats.service.DropBoxEntryAddedReceiver
11-11 16:29:40.359  2071  2419 W BroadcastQueue: Background execution not allowed: receiving Intent { act=android.intent.action.DROPBOX_ENTRY_ADDED flg=0x10 (has extras) } to com.google.android.gms/.chimera.GmsIntentOperationService$PersistentTrustedReceiver
11-11 16:29:40.380  2071  6783 D DropBoxManagerService: file :: /data/system/dropbox/event_data@1668164380353.txt
11-11 16:29:40.461  2071  6094 I DropBoxManagerService: add tag=platform_stats_bookmark isTagEnabled=true flags=0x2
11-11 16:29:40.464  2071  6094 D DropBoxManagerService: file :: /data/system/dropbox/platform_stats_bookmark@1668164380462.txt
11-11 16:29:40.465  2071  2419 W BroadcastQueue: Background execution not allowed: receiving Intent { act=android.intent.action.DROPBOX_ENTRY_ADDED flg=0x10 (has extras) } to com.google.android.gms/.stats.service.DropBoxEntryAddedReceiver
11-11 16:29:40.465  2071  2419 W BroadcastQueue: Background execution not allowed: receiving Intent { act=android.intent.action.DROPBOX_ENTRY_ADDED flg=0x10 (has extras) } to com.google.android.gms/.chimera.GmsIntentOperationService$PersistentTrustedReceiver
11-11 16:29:41.712  2071 30583 E AdbDebuggingManager: Caught an exception opening the socket: java.io.IOException: No such file or directory
11-11 16:29:42.084  2071  6782 D CompatibilityChangeReporter: Compat change id reported: 135634846; UID 10132; state: DISABLED
11-11 16:29:42.084  2071  6782 D CompatibilityChangeReporter: Compat change id reported: 177438394; UID 10132; state: DISABLED
11-11 16:29:42.084  2071  6782 D CompatibilityChangeReporter: Compat change id reported: 135772972; UID 10132; state: DISABLED
11-11 16:29:42.084  2071  6782 D CompatibilityChangeReporter: Compat change id reported: 135754954; UID 10132; state: ENABLED
11-11 16:29:42.085  2071  2413 D CompatibilityChangeReporter: Compat change id reported: 143937733; UID 10132; state: ENABLED
11-11 16:29:42.095  2071  2413 I ActivityManager: Start proc 22799:com.google.android.gms.unstable/u0a132 for service {com.google.android.gms/com.google.android.gms.droidguard.DroidGuardService}
11-11 16:29:43.715  2071 30583 E AdbDebuggingManager: Caught an exception opening the socket: java.io.IOException: No such file or directory
11-11 16:29:44.577  2071  2461 D OplusFeatureBrightnessBarController: mDarkLevel: 0
11-11 16:29:45.719  2071 30583 E AdbDebuggingManager: Caught an exception opening the socket: java.io.IOException: No such file or directory
11-11 16:29:45.975  2071  2461 D OplusFeatureBrightnessBarController: mDarkLevel: 0
11-11 16:29:47.723  2071 30583 E AdbDebuggingManager: Caught an exception opening the socket: java.io.IOException: No such file or directory
11-11 16:29:49.725  2071 30583 E AdbDebuggingManager: Caught an exception opening the socket: java.io.IOException: No such file or directory
11-11 16:29:49.958  2071  3645 W ContextImpl: Calling a method in the system process without a qualified user: android.app.ContextImpl.sendBroadcastMultiplePermissions:1208 com.android.server.TelephonyRegistry.broadcastServiceStateChanged:2971 com.android.server.TelephonyRegistry.notifyServiceStateForPhoneId:1614 com.android.internal.telephony.ITelephonyRegistry$Stub.onTransact:455 android.os.Binder.execTransactInternal:1226 
11-11 16:29:49.960  2071  2419 W BroadcastQueue: Permission Denial: receiving Intent { act=android.intent.action.SERVICE_STATE flg=0x1000010 (has extras) } to ProcessRecord{49f5e84 3581:com.android.systemui/u0a175} (pid=3581, uid=10175) requires android.permission.ACCESS_FINE_LOCATION due to sender android (uid 1001)
11-11 16:29:49.961  2071  2419 W BroadcastQueue: Permission Denial: receiving Intent { act=android.intent.action.SERVICE_STATE flg=0x1000010 (has extras) } to com.google.android.cellbroadcastreceiver/com.android.cellbroadcastreceiver.CellBroadcastReceiver requires android.permission.READ_PHONE_STATE due to sender android (uid 1001)
11-11 16:29:49.964  2071  3645 W ContextImpl: Calling a method in the system process without a qualified user: android.app.ContextImpl.sendBroadcastMultiplePermissions:1258 android.content.Context.sendBroadcastMultiplePermissions:2215 com.android.server.TelephonyRegistry.broadcastServiceStateChanged:2975 com.android.server.TelephonyRegistry.notifyServiceStateForPhoneId:1614 com.android.internal.telephony.ITelephonyRegistry$Stub.onTransact:455 
11-11 16:29:49.965  2071  2419 W BroadcastQueue: Permission Denial: receiving Intent { act=android.intent.action.SERVICE_STATE flg=0x1000010 (has extras) } to ProcessRecord{49f5e84 3581:com.android.systemui/u0a175} (pid=3581, uid=10175) requires android.permission.ACCESS_FINE_LOCATION due to sender android (uid 1001)
11-11 16:29:49.965  2071  3645 W ContextImpl: Calling a method in the system process without a qualified user: android.app.ContextImpl.sendBroadcastMultiplePermissions:1258 android.content.Context.sendBroadcastMultiplePermissions:2215 com.android.server.TelephonyRegistry.broadcastServiceStateChanged:2982 com.android.server.TelephonyRegistry.notifyServiceStateForPhoneId:1614 com.android.internal.telephony.ITelephonyRegistry$Stub.onTransact:455 
11-11 16:29:49.967  2071  2419 W BroadcastQueue: Permission Denial: receiving Intent { act=android.intent.action.SERVICE_STATE flg=0x1000010 (has extras) } to com.google.android.cellbroadcastreceiver/com.android.cellbroadcastreceiver.CellBroadcastReceiver requires android.permission.ACCESS_FINE_LOCATION due to sender android (uid 1001)
11-11 16:29:49.968  2071  3645 W ContextImpl: Calling a method in the system process without a qualified user: android.app.ContextImpl.sendBroadcastMultiplePermissions:1258 android.content.Context.sendBroadcastMultiplePermissions:2215 com.android.server.TelephonyRegistry.broadcastServiceStateChanged:2986 com.android.server.TelephonyRegistry.notifyServiceStateForPhoneId:1614 com.android.internal.telephony.ITelephonyRegistry$Stub.onTransact:455 
11-11 16:29:49.968  2071  2419 W BroadcastQueue: Permission Denial: receiving Intent { act=android.intent.action.SERVICE_STATE flg=0x1000010 (has extras) } to com.google.android.cellbroadcastreceiver/com.android.cellbroadcastreceiver.CellBroadcastReceiver requires android.permission.READ_PHONE_STATE due to sender android (uid 1001)
11-11 16:29:49.975  2071  2419 D CompatibilityChangeReporter: Compat change id reported: 135634846; UID 10223; state: DISABLED
11-11 16:29:49.975  2071  2419 D CompatibilityChangeReporter: Compat change id reported: 177438394; UID 10223; state: DISABLED
11-11 16:29:49.975  2071  2419 D CompatibilityChangeReporter: Compat change id reported: 135772972; UID 10223; state: DISABLED
11-11 16:29:49.975  2071  2419 D CompatibilityChangeReporter: Compat change id reported: 135754954; UID 10223; state: ENABLED
11-11 16:29:49.976  2071  2413 D CompatibilityChangeReporter: Compat change id reported: 143937733; UID 10223; state: ENABLED
11-11 16:29:49.986  2071  2413 I ActivityManager: Start proc 22845:com.google.android.cellbroadcastreceiver/u0a223 for broadcast {com.google.android.cellbroadcastreceiver/com.android.cellbroadcastreceiver.CellBroadcastReceiver}
11-11 16:29:50.000  2071  3398 V OplusNPMS: getWarningNotification numWarningNotificaion10
11-11 16:29:50.000  2071  3398 V OplusNPMS: getWarningNotification numWarningNotificaion10
11-11 16:29:50.000  2071  3398 V OplusNPMS: getLimitNotificationState subID=1
11-11 16:29:50.000  2071  3398 V OplusNPMS: getLimitNotificationState mSubidToIccId != null
11-11 16:29:50.022  2071  3779 I OplusCustomizeService: pkg:com.ses.entitlement.o2 isPlatformSigned, return true drectly 
11-11 16:29:50.022  2071  3779 E OplusCustomizeRestrictionManagerService: getMobileDataMode error :s == null
11-11 16:29:50.023  2071  3779 I OplusCustomizeService: pkg:com.ses.entitlement.o2 isPlatformSigned, return true drectly 
11-11 16:29:50.023  2071  3779 I OplusCustomizeService: pkg:com.ses.entitlement.o2 isPlatformSigned, return true drectly 
11-11 16:29:50.037  2071  3645 I OplusCustomizeService: pkg:com.ses.entitlement.o2 isPlatformSigned, return true drectly 
11-11 16:29:50.037  2071  3645 E OplusCustomizeRestrictionManagerService: getMobileDataMode error :s == null
11-11 16:29:50.037  2071  3645 I OplusCustomizeService: pkg:com.ses.entitlement.o2 isPlatformSigned, return true drectly 
11-11 16:29:50.038  2071  3645 I OplusCustomizeService: pkg:com.ses.entitlement.o2 isPlatformSigned, return true drectly 
11-11 16:29:50.040  2071  3645 I OplusCustomizeService: pkg:com.ses.entitlement.o2 isPlatformSigned, return true drectly 
11-11 16:29:50.040  2071  3645 E OplusCustomizeRestrictionManagerService: getMobileDataMode error :s == null
11-11 16:29:50.040  2071  3645 I OplusCustomizeService: pkg:com.ses.entitlement.o2 isPlatformSigned, return true drectly 
11-11 16:29:50.041  2071  3645 I OplusCustomizeService: pkg:com.ses.entitlement.o2 isPlatformSigned, return true drectly 
11-11 16:29:50.044  2071  3779 I OplusCustomizeService: pkg:com.ses.entitlement.o2 isPlatformSigned, return true drectly 
11-11 16:29:50.044  2071  3779 E OplusCustomizeRestrictionManagerService: getMobileDataMode error :s == null
11-11 16:29:50.045  2071  3645 I OplusCustomizeService: pkg:com.ses.entitlement.o2 isPlatformSigned, return true drectly 
11-11 16:29:50.045  2071  3779 I OplusCustomizeService: pkg:com.ses.entitlement.o2 isPlatformSigned, return true drectly 
11-11 16:29:51.728  2071 30583 E AdbDebuggingManager: Caught an exception opening the socket: java.io.IOException: No such file or directory
11-11 16:29:53.732  2071 30583 E AdbDebuggingManager: Caught an exception opening the socket: java.io.IOException: No such file or directory
11-11 16:29:53.777  2071  2461 D OplusFeatureBrightnessBarController: mDarkLevel: 0
11-11 16:29:55.174  2071  2461 D OplusFeatureBrightnessBarController: mDarkLevel: 0
11-11 16:29:55.737  2071 30583 E AdbDebuggingManager: Caught an exception opening the socket: java.io.IOException: No such file or directory
11-11 16:29:56.378  2071  2461 D OplusFeatureBrightnessBarController: mDarkLevel: 0
11-11 16:29:56.772  2071  2236 I ActivityManager: Killing 21599:com.google.android.gm/u0a147 (adj 975): empty #17
11-11 16:29:56.777  2071  2236 I ActivityManager: Killing 21477:com.linkedin.android/u0a268 (adj 975): empty #18
11-11 16:29:57.288  2071  2461 D OplusFeatureBrightnessBarController: mDarkLevel: 0
11-11 16:29:57.742  2071 30583 E AdbDebuggingManager: Caught an exception opening the socket: java.io.IOException: No such file or directory
11-11 16:29:58.777  2071  2461 D OplusFeatureBrightnessBarController: mDarkLevel: 0
11-11 16:29:59.746  2071 30583 E AdbDebuggingManager: Caught an exception opening the socket: java.io.IOException: No such file or directory
11-11 16:29:59.774  2071  2461 D OplusFeatureBrightnessBarController: mDarkLevel: 0
11-11 16:30:00.019  2071  2419 I ActivityManager: Killing 21705:com.techmash.playo/u0a13 (adj 985): empty #17
11-11 16:30:00.024  2071  4808 D OplusProxyWakeLock: remove uid: 10013 wiht all pids from wakelockUidInfo list
11-11 16:30:00.026  2071  6094 E OplusCustomizeRestrictionManagerService: isBiometricDisabled start
11-11 16:30:00.027  2071  3779 E OplusCustomizeRestrictionManagerService: isBiometricDisabled start
11-11 16:30:00.073  2071  3398 V OplusNPMS: getWarningNotification numWarningNotificaion10
11-11 16:30:00.074  2071  3398 V OplusNPMS: getWarningNotification numWarningNotificaion10
11-11 16:30:00.074  2071  3398 V OplusNPMS: getLimitNotificationState subID=1
11-11 16:30:00.074  2071  3398 V OplusNPMS: getLimitNotificationState mSubidToIccId != null
11-11 16:30:00.085  2071  3398 V OplusNPMS: getWarningNotification numWarningNotificaion10
11-11 16:30:00.085  2071  3398 V OplusNPMS: getWarningNotification numWarningNotificaion10
11-11 16:30:00.085  2071  3398 V OplusNPMS: getLimitNotificationState subID=1
11-11 16:30:00.085  2071  3398 V OplusNPMS: getLimitNotificationState mSubidToIccId != null
11-11 16:30:00.107  2071  6783 W ContextImpl: Calling a method in the system process without a qualified user: android.app.ContextImpl.sendBroadcastMultiplePermissions:1208 com.android.server.TelephonyRegistry.broadcastServiceStateChanged:2971 com.android.server.TelephonyRegistry.notifyServiceStateForPhoneId:1614 com.android.internal.telephony.ITelephonyRegistry$Stub.onTransact:455 android.os.Binder.execTransactInternal:1226 
11-11 16:30:00.112  2071  2419 W BroadcastQueue: Permission Denial: receiving Intent { act=android.intent.action.SERVICE_STATE flg=0x1000010 (has extras) } to ProcessRecord{49f5e84 3581:com.android.systemui/u0a175} (pid=3581, uid=10175) requires android.permission.ACCESS_FINE_LOCATION due to sender android (uid 1001)
11-11 16:30:00.112  2071  6783 W ContextImpl: Calling a method in the system process without a qualified user: android.app.ContextImpl.sendBroadcastMultiplePermissions:1258 android.content.Context.sendBroadcastMultiplePermissions:2215 com.android.server.TelephonyRegistry.broadcastServiceStateChanged:2975 com.android.server.TelephonyRegistry.notifyServiceStateForPhoneId:1614 com.android.internal.telephony.ITelephonyRegistry$Stub.onTransact:455 
11-11 16:30:00.113  2071  2419 W BroadcastQueue: Permission Denial: receiving Intent { act=android.intent.action.SERVICE_STATE flg=0x1000010 (has extras) } to com.google.android.cellbroadcastreceiver/com.android.cellbroadcastreceiver.CellBroadcastReceiver requires android.permission.READ_PHONE_STATE due to sender android (uid 1001)
11-11 16:30:00.114  2071  2419 W BroadcastQueue: Permission Denial: receiving Intent { act=android.intent.action.SERVICE_STATE flg=0x1000010 (has extras) } to ProcessRecord{49f5e84 3581:com.android.systemui/u0a175} (pid=3581, uid=10175) requires android.permission.ACCESS_FINE_LOCATION due to sender android (uid 1001)
11-11 16:30:00.114  2071  2419 W BroadcastQueue: Permission Denial: receiving Intent { act=android.intent.action.SERVICE_STATE flg=0x1000010 (has extras) } to com.google.android.cellbroadcastreceiver/com.android.cellbroadcastreceiver.CellBroadcastReceiver requires android.permission.ACCESS_FINE_LOCATION due to sender android (uid 1001)
11-11 16:30:00.114  2071  6783 W ContextImpl: Calling a method in the system process without a qualified user: android.app.ContextImpl.sendBroadcastMultiplePermissions:1258 android.content.Context.sendBroadcastMultiplePermissions:2215 com.android.server.TelephonyRegistry.broadcastServiceStateChanged:2982 com.android.server.TelephonyRegistry.notifyServiceStateForPhoneId:1614 com.android.internal.telephony.ITelephonyRegistry$Stub.onTransact:455 
11-11 16:30:00.115  2071  6783 W ContextImpl: Calling a method in the system process without a qualified user: android.app.ContextImpl.sendBroadcastMultiplePermissions:1258 android.content.Context.sendBroadcastMultiplePermissions:2215 com.android.server.TelephonyRegistry.broadcastServiceStateChanged:2986 com.android.server.TelephonyRegistry.notifyServiceStateForPhoneId:1614 com.android.internal.telephony.ITelephonyRegistry$Stub.onTransact:455 
11-11 16:30:00.116  2071  2419 W BroadcastQueue: Permission Denial: receiving Intent { act=android.intent.action.SERVICE_STATE flg=0x1000010 (has extras) } to com.google.android.cellbroadcastreceiver/com.android.cellbroadcastreceiver.CellBroadcastReceiver requires android.permission.READ_PHONE_STATE due to sender android (uid 1001)
11-11 16:30:00.140  2071  6596 I OplusCustomizeService: pkg:com.ses.entitlement.o2 isPlatformSigned, return true drectly 
11-11 16:30:00.140  2071  6596 E OplusCustomizeRestrictionManagerService: getMobileDataMode error :s == null
11-11 16:30:00.140  2071  6782 I OplusCustomizeService: pkg:com.ses.entitlement.o2 isPlatformSigned, return true drectly 
11-11 16:30:00.141  2071  6596 I OplusCustomizeService: pkg:com.ses.entitlement.o2 isPlatformSigned, return true drectly 
11-11 16:30:00.146  2071  6783 I OplusCustomizeService: pkg:com.ses.entitlement.o2 isPlatformSigned, return true drectly 
11-11 16:30:00.146  2071  6783 E OplusCustomizeRestrictionManagerService: getMobileDataMode error :s == null
11-11 16:30:00.146  2071  6783 I OplusCustomizeService: pkg:com.ses.entitlement.o2 isPlatformSigned, return true drectly 
11-11 16:30:00.147  2071  6783 I OplusCustomizeService: pkg:com.ses.entitlement.o2 isPlatformSigned, return true drectly 
11-11 16:30:00.149  2071  6783 I OplusCustomizeService: pkg:com.ses.entitlement.o2 isPlatformSigned, return true drectly 
11-11 16:30:00.149  2071  6783 E OplusCustomizeRestrictionManagerService: getMobileDataMode error :s == null
11-11 16:30:00.149  2071  6783 I OplusCustomizeService: pkg:com.ses.entitlement.o2 isPlatformSigned, return true drectly 
11-11 16:30:00.149  2071  6783 I OplusCustomizeService: pkg:com.ses.entitlement.o2 isPlatformSigned, return true drectly 
11-11 16:30:00.154  2071  6783 I OplusCustomizeService: pkg:com.ses.entitlement.o2 isPlatformSigned, return true drectly 
11-11 16:30:00.154  2071  6783 E OplusCustomizeRestrictionManagerService: getMobileDataMode error :s == null
11-11 16:30:00.154  2071  6783 I OplusCustomizeService: pkg:com.ses.entitlement.o2 isPlatformSigned, return true drectly 
11-11 16:30:00.155  2071  6780 I OplusCustomizeService: pkg:com.ses.entitlement.o2 isPlatformSigned, return true drectly 
11-11 16:30:00.190  2071  3398 V OplusNPMS: getWarningNotification numWarningNotificaion10
11-11 16:30:00.190  2071  3398 V OplusNPMS: getWarningNotification numWarningNotificaion10
11-11 16:30:00.190  2071  3398 V OplusNPMS: getLimitNotificationState subID=1
11-11 16:30:00.190  2071  3398 V OplusNPMS: getLimitNotificationState mSubidToIccId != null
11-11 16:30:00.203  2071  3398 V OplusNPMS: getWarningNotification numWarningNotificaion10
11-11 16:30:00.203  2071  3398 V OplusNPMS: getWarningNotification numWarningNotificaion10
11-11 16:30:00.203  2071  3398 V OplusNPMS: getLimitNotificationState subID=1
11-11 16:30:00.203  2071  3398 V OplusNPMS: getLimitNotificationState mSubidToIccId != null
11-11 16:30:00.242  2071  2424 D KernelCpuUidUserSysTimeReader: Removing uids 90000-90000
11-11 16:30:01.173  2071  2461 D OplusFeatureBrightnessBarController: mDarkLevel: 0
11-11 16:30:01.748  2071 30583 E AdbDebuggingManager: Caught an exception opening the socket: java.io.IOException: No such file or directory
11-11 16:30:01.988  3929 22883 E ActivityThread: Failed to find provider info for com.nearme.instant.setting
11-11 16:30:02.776  2071  2461 D OplusFeatureBrightnessBarController: mDarkLevel: 0
11-11 16:30:03.752  2071 30583 E AdbDebuggingManager: Caught an exception opening the socket: java.io.IOException: No such file or directory
11-11 16:30:05.756  2071 30583 E AdbDebuggingManager: Caught an exception opening the socket: java.io.IOException: No such file or directory
11-11 16:30:06.577  2071  2461 D OplusFeatureBrightnessBarController: mDarkLevel: 0
11-11 16:30:07.763  2071 30583 E AdbDebuggingManager: Caught an exception opening the socket: java.io.IOException: No such file or directory
11-11 16:30:08.777  2071  2461 D OplusFeatureBrightnessBarController: mDarkLevel: 0
11-11 16:30:09.178  2071  2071 W ActivityManager: Receiver with filter android.content.IntentFilter@1f630fe already registered for pid 2071, callerPackage is android
11-11 16:30:09.767  2071 30583 E AdbDebuggingManager: Caught an exception opening the socket: java.io.IOException: No such file or directory
11-11 16:30:09.993  2071  3542 D CompatibilityChangeReporter: Compat change id reported: 177438394; UID 10138; state: DISABLED
11-11 16:30:09.993  2071  3542 D CompatibilityChangeReporter: Compat change id reported: 135772972; UID 10138; state: DISABLED
11-11 16:30:09.993  2071  3542 D CompatibilityChangeReporter: Compat change id reported: 135754954; UID 10138; state: ENABLED
11-11 16:30:09.995  2071  2413 D CompatibilityChangeReporter: Compat change id reported: 143937733; UID 10138; state: ENABLED
11-11 16:30:10.000  2071  3542 D CompatibilityChangeReporter: Compat change id reported: 177438394; UID 10147; state: DISABLED
11-11 16:30:10.000  2071  3542 D CompatibilityChangeReporter: Compat change id reported: 135772972; UID 10147; state: DISABLED
11-11 16:30:10.000  2071  3542 D CompatibilityChangeReporter: Compat change id reported: 135754954; UID 10147; state: ENABLED
