11-11 16:39:32.977  2071  2461 D OplusFeatureBrightnessBarController: mDarkLevel: 0
11-11 16:39:36.777  2071  2461 D OplusFeatureBrightnessBarController: mDarkLevel: 0
11-11 16:39:38.776  2071  2461 D OplusFeatureBrightnessBarController: mDarkLevel: 0
11-11 16:39:41.110  2071  6783 I ActivityManager: Killing 25341:com.instagram.android/u0a244 (adj 985): empty #17
11-11 16:39:41.175  2071  2419 W ActivityManager: ProcessRecord{41cb5a9 25341:com.instagram.android/u0a244} is attached to a previous process
11-11 16:39:41.175  2071  2419 W ActivityManager: Existing proc ProcessRecord{41cb5a9 25341:com.instagram.android/u0a244} was killed 63ms ago when adding ProcessRecord{1294817 0:com.instagram.android/u0a244}
11-11 16:39:41.175  2071  2419 D CompatibilityChangeReporter: Compat change id reported: 135634846; UID 10244; state: DISABLED
11-11 16:39:41.175  2071  2419 D CompatibilityChangeReporter: Compat change id reported: 177438394; UID 10244; state: DISABLED
11-11 16:39:41.176  2071  2419 D CompatibilityChangeReporter: Compat change id reported: 135772972; UID 10244; state: DISABLED
11-11 16:39:41.176  2071  2419 D CompatibilityChangeReporter: Compat change id reported: 135754954; UID 10244; state: ENABLED
11-11 16:39:41.204  2071  2413 D CompatibilityChangeReporter: Compat change id reported: 143937733; UID 10244; state: ENABLED
11-11 16:39:41.222  2071  2413 I ActivityManager: Start proc 27589:com.instagram.android/u0a244 for broadcast {com.instagram.android/com.instagram.analytics.uploadscheduler.AnalyticsUploadAlarmReceiver}
11-11 16:39:41.251  2071  6783 D CompatibilityChangeReporter: Compat change id reported: 168419799; UID 10244; state: DISABLED
11-11 16:39:41.899  2071  3779 W PackageManager: package unknown uid 10161 pid 23980 call SetEnabledSetting(com.google.android.apps.messaging component = androidx.work.impl.background.systemalarm.RescheduleReceiver, 1, 0x1, 0)
11-11 16:39:41.928  2071  4628 I ActivityManager: Killing 25635:com.android.chrome:privileged_process0/u0a156 (adj 985): empty #17
11-11 16:39:41.932  2071  4628 I ActivityManager: Killing 25573:com.android.chrome/u0a156 (adj 995): empty #18
11-11 16:39:42.014  2071  4628 W ActivityManager: Scheduling restart of crashed service com.android.chrome/org.chromium.content.app.PrivilegedProcessService0 in 1000ms for connection
11-11 16:39:42.017  2071  6783 W PackageManager: package unknown uid 10244 pid 27589 call SetEnabledSetting(com.instagram.android component = com.instagram.direct.share.handler.DirectShareHandlerActivity, 2, 0x1, 0)
11-11 16:39:42.018  2071  6783 W PackageManager: package unknown uid 10244 pid 27589 call SetEnabledSetting(com.instagram.android component = com.instagram.direct.share.handler.DirectShareHandlerActivityInterop, 1, 0x1, 0)
11-11 16:39:42.019  2071  6783 W PackageManager: package unknown uid 10244 pid 27589 call SetEnabledSetting(com.instagram.android component = com.instagram.direct.share.handler.DirectExternalMediaShareActivityPhoto, 2, 0x1, 0)
11-11 16:39:42.020  2071  6783 W PackageManager: package unknown uid 10244 pid 27589 call SetEnabledSetting(com.instagram.android component = com.instagram.direct.share.handler.DirectExternalMediaShareActivityPhotoInterop, 1, 0x1, 0)
11-11 16:39:42.020  2071  6783 W PackageManager: package unknown uid 10244 pid 27589 call SetEnabledSetting(com.instagram.android component = com.instagram.direct.share.handler.DirectExternalMediaShareActivityVideo, 2, 0x1, 0)
11-11 16:39:42.021  2071  6783 W PackageManager: package unknown uid 10244 pid 27589 call SetEnabledSetting(com.instagram.android component = com.instagram.direct.share.handler.DirectExternalMediaShareActivityVideoInterop, 1, 0x1, 0)
11-11 16:39:42.022  2071  6783 W PackageManager: package unknown uid 10244 pid 27589 call SetEnabledSetting(com.instagram.android component = com.instagram.direct.share.handler.DirectMultipleExternalMediaShareActivity, 2, 0x1, 0)
11-11 16:39:42.023  2071  4628 W PackageManager: package unknown uid 10244 pid 27589 call SetEnabledSetting(com.instagram.android component = com.instagram.direct.share.handler.DirectMultipleExternalMediaShareActivityInterop, 2, 0x1, 0)
11-11 16:39:42.053  2071  6094 D DisplayManagerService: Display listener for pid 25573 died.
11-11 16:39:42.067  2071  6100 W PackageManager: package unknown uid 10244 pid 27589 call SetEnabledSetting(com.instagram.android component = com.instagram.fbpay.w3c.ipc.IsReadyToPayServiceImpl, 2, 0x1, 0)
11-11 16:39:42.068  2071  6100 W PackageManager: package unknown uid 10244 pid 27589 call SetEnabledSetting(com.instagram.android component = com.instagram.fbpay.w3c.ipc.FBPaymentServiceImpl, 2, 0x1, 0)
11-11 16:39:42.068  2071  6100 W PackageManager: package unknown uid 10244 pid 27589 call SetEnabledSetting(com.instagram.android component = com.instagram.fbpay.w3c.views.PaymentActivity, 2, 0x1, 0)
11-11 16:39:42.198  2071  6100 I ActivityManager: Killing 25800:com.google.android.gm/u0a147 (adj 985): empty #17
11-11 16:39:42.228  2071  6100 W PackageManager: package unknown uid 10244 pid 27589 call SetEnabledSetting(com.instagram.android component = com.instagram.push.FbnsInitBroadcastReceiver, 1, 0x1, 0)
11-11 16:39:42.241  2071  6100 W PackageManager: package unknown uid 10244 pid 27589 call SetEnabledSetting(com.instagram.android component = com.facebook.rti.push.service.FbnsService, 1, 0x1, 0)
11-11 16:39:42.270  2071  6100 W PackageManager: package unknown uid 10244 pid 27589 call SetEnabledSetting(com.instagram.android component = com.instagram.push.FbnsInitBroadcastReceiver, 1, 0x1, 0)
11-11 16:39:42.272  2071  6100 W PackageManager: package unknown uid 10244 pid 27589 call SetEnabledSetting(com.instagram.android component = com.facebook.rti.push.service.FbnsService, 1, 0x1, 0)
11-11 16:39:47.177  2071  2461 D OplusFeatureBrightnessBarController: mDarkLevel: 0
11-11 16:39:48.176  2071  2461 D OplusFeatureBrightnessBarController: mDarkLevel: 0
11-11 16:39:51.082  2071  2071 W ActivityManager: Receiver with filter android.content.IntentFilter@c378e1d already registered for pid 2071, callerPackage is android
11-11 16:39:56.176  2071  2461 D OplusFeatureBrightnessBarController: mDarkLevel: 0
11-11 16:40:00.019  2071  6782 E OplusCustomizeRestrictionManagerService: isBiometricDisabled start
11-11 16:40:00.022  2071  6100 E OplusCustomizeRestrictionManagerService: isBiometricDisabled start
11-11 16:40:03.376  2071  2461 D OplusFeatureBrightnessBarController: mDarkLevel: 0
11-11 16:40:07.575  2071  2461 D OplusFeatureBrightnessBarController: mDarkLevel: 0
11-11 16:40:10.595  1466  1466 I Quality : SFJankCountInfo: 66; 0; 0; 0; 0; 0; 0; 0; 0; 0; 9
11-11 16:40:11.206  2071  2071 D CompatibilityChangeReporter: Compat change id reported: 135634846; UID 10268; state: DISABLED
11-11 16:40:11.206  2071  2071 D CompatibilityChangeReporter: Compat change id reported: 177438394; UID 10268; state: DISABLED
11-11 16:40:11.206  2071  2071 D CompatibilityChangeReporter: Compat change id reported: 135772972; UID 10268; state: DISABLED
11-11 16:40:11.207  2071  2071 D CompatibilityChangeReporter: Compat change id reported: 135754954; UID 10268; state: ENABLED
11-11 16:40:11.207  2071  2413 D CompatibilityChangeReporter: Compat change id reported: 143937733; UID 10268; state: ENABLED
11-11 16:40:11.233  2071  2413 I ActivityManager: Start proc 27861:com.linkedin.android/u0a268 for service {com.linkedin.android/androidx.work.impl.background.systemjob.SystemJobService}
11-11 16:40:11.242  2071  3670 W PackageManager: package unknown uid 10161 pid 23980 call SetEnabledSetting(com.google.android.apps.messaging component = androidx.work.impl.background.systemalarm.RescheduleReceiver, 1, 0x1, 0)
11-11 16:40:11.273  2071  3670 D CompatibilityChangeReporter: Compat change id reported: 168419799; UID 10268; state: DISABLED
11-11 16:40:11.535  2071  6100 W PackageManager: package unknown uid 10268 pid 27861 call SetEnabledSetting(com.linkedin.android component = androidx.work.impl.background.systemjob.SystemJobService, 1, 0x1, 0)
11-11 16:40:11.559  2071  3670 E OplusCustomizeRestrictionManagerService: isBiometricDisabled start
11-11 16:40:11.562  2071  3670 E OplusCustomizeRestrictionManagerService: isBiometricDisabled start
11-11 16:40:11.592  2071  3670 W PackageManager: package unknown uid 10268 pid 27861 call SetEnabledSetting(com.linkedin.android component = androidx.work.impl.background.systemalarm.RescheduleReceiver, 1, 0x1, 0)
11-11 16:40:11.618  2071  6782 W PackageManager: package unknown uid 10268 pid 27861 call SetEnabledSetting(com.linkedin.android component = androidx.work.impl.background.systemalarm.RescheduleReceiver, 1, 0x1, 0)
11-11 16:40:11.638  2071  3670 W PackageManager: package unknown uid 10268 pid 27861 call SetEnabledSetting(com.linkedin.android component = androidx.work.impl.background.systemalarm.RescheduleReceiver, 1, 0x1, 0)
11-11 16:40:11.654  2071  3670 W PackageManager: package unknown uid 10268 pid 27861 call SetEnabledSetting(com.linkedin.android component = androidx.work.impl.background.systemalarm.RescheduleReceiver, 1, 0x1, 0)
11-11 16:40:11.978  2071  6783 I ActivityManager: Killing 26182:com.et.reader.activities/u0a292 (adj 985): empty #17
11-11 16:40:11.984  2071  4808 D OplusProxyWakeLock: remove uid: 10292 wiht all pids from wakelockUidInfo list
11-11 16:40:12.044  2071  3779 D DisplayManagerService: Display listener for pid 26182 died.
11-11 16:40:12.049  2071  4628 I ActivityManager: Killing 26473:com.google.android.webview:sandboxed_process0:org.chromium.content.app.SandboxedProcessService0:0/u0a292i949 (adj 0): isolated not needed
11-11 16:40:12.109  2071  2424 D KernelCpuUidUserSysTimeReader: Removing uids 99948-99948
11-11 16:40:12.559  2071  3670 W PackageManager: package unknown uid 10161 pid 23980 call SetEnabledSetting(com.google.android.apps.messaging component = androidx.work.impl.background.systemalarm.RescheduleReceiver, 1, 0x1, 0)
11-11 16:40:19.374  2071  2461 D OplusFeatureBrightnessBarController: mDarkLevel: 0
11-11 16:40:23.976  2071  2461 D OplusFeatureBrightnessBarController: mDarkLevel: 0
11-11 16:40:29.633  2071  2412 W ActivityManager: Stopping service due to app idle: u0a280 -27m48s579ms com.truecaller/.clipboard.ClipboardService
11-11 16:40:29.637  2071  3670 I ClipboardManagerTransactionHelper: Invalid transaction code = 8
11-11 16:40:29.645  2071  3670 I ActivityManager: Killing 26185:com.reddit.frontpage/u0a310 (adj 975): empty #17
11-11 16:40:29.654  2071  4808 D OplusProxyWakeLock: remove uid: 10310 wiht all pids from wakelockUidInfo list
11-11 16:40:29.851  2071  6783 D CompatibilityChangeReporter: Compat change id reported: 171306433; UID 10132; state: ENABLED
11-11 16:40:29.881 27861 27875 V ActivityThread: scheduleReceiver info = ActivityInfo{a046ae0 com.google.firebase.iid.FirebaseInstanceIdReceiver} intent = Intent { act=com.google.android.c2dm.intent.RECEIVE flg=0x11080010 pkg=com.linkedin.android cmp=com.linkedin.android/com.google.firebase.iid.FirebaseInstanceIdReceiver (has extras) } sync = true hasCode = 121753911
11-11 16:40:29.926  2071  4628 W PackageManager: package unknown uid 10268 pid 27861 call SetEnabledSetting(com.linkedin.android component = com.linkedin.android.messaging.MessagingNotificationReceiver, 1, 0x1, 0)
11-11 16:40:30.388  2071  2071 I OplusStatusBarManagerServiceExtImpl:  getTopIsFullscreen mTopIsFullscreen: false
11-11 16:40:30.396  2071  2071 W NotificationHistory: Attempted to add notif for locked/gone/disabled user 0
11-11 16:40:30.403  2071  4628 D UserManagerServiceExtImpl: getMultiSystemUserId  res = -10000
11-11 16:40:31.775  2071  2461 D OplusFeatureBrightnessBarController: mDarkLevel: 0
11-11 16:40:34.574  2071  2461 D OplusFeatureBrightnessBarController: mDarkLevel: 0
11-11 16:40:36.378  2071  2461 D OplusFeatureBrightnessBarController: mDarkLevel: 0
11-11 16:40:36.696  2071  3996 W ContextImpl: Calling a method in the system process without a qualified user: android.app.ContextImpl.sendBroadcastMultiplePermissions:1208 com.android.server.TelephonyRegistry.broadcastServiceStateChanged:2971 com.android.server.TelephonyRegistry.notifyServiceStateForPhoneId:1614 com.android.internal.telephony.ITelephonyRegistry$Stub.onTransact:455 android.os.Binder.execTransactInternal:1226 
11-11 16:40:36.697  2071  3996 W ContextImpl: Calling a method in the system process without a qualified user: android.app.ContextImpl.sendBroadcastMultiplePermissions:1258 android.content.Context.sendBroadcastMultiplePermissions:2215 com.android.server.TelephonyRegistry.broadcastServiceStateChanged:2975 com.android.server.TelephonyRegistry.notifyServiceStateForPhoneId:1614 com.android.internal.telephony.ITelephonyRegistry$Stub.onTransact:455 
11-11 16:40:36.697  2071  2419 W BroadcastQueue: Permission Denial: receiving Intent { act=android.intent.action.SERVICE_STATE flg=0x1000010 (has extras) } to ProcessRecord{49f5e84 3581:com.android.systemui/u0a175} (pid=3581, uid=10175) requires android.permission.ACCESS_FINE_LOCATION due to sender android (uid 1001)
11-11 16:40:36.699  2071  2419 W BroadcastQueue: Permission Denial: receiving Intent { act=android.intent.action.SERVICE_STATE flg=0x1000010 (has extras) } to com.google.android.cellbroadcastreceiver/com.android.cellbroadcastreceiver.CellBroadcastReceiver requires android.permission.READ_PHONE_STATE due to sender android (uid 1001)
11-11 16:40:36.702  2071  2419 W BroadcastQueue: Permission Denial: receiving Intent { act=android.intent.action.SERVICE_STATE flg=0x1000010 (has extras) } to ProcessRecord{49f5e84 3581:com.android.systemui/u0a175} (pid=3581, uid=10175) requires android.permission.ACCESS_FINE_LOCATION due to sender android (uid 1001)
11-11 16:40:36.702  2071  3996 W ContextImpl: Calling a method in the system process without a qualified user: android.app.ContextImpl.sendBroadcastMultiplePermissions:1258 android.content.Context.sendBroadcastMultiplePermissions:2215 com.android.server.TelephonyRegistry.broadcastServiceStateChanged:2982 com.android.server.TelephonyRegistry.notifyServiceStateForPhoneId:1614 com.android.internal.telephony.ITelephonyRegistry$Stub.onTransact:455 
11-11 16:40:36.702  2071  2419 W BroadcastQueue: Permission Denial: receiving Intent { act=android.intent.action.SERVICE_STATE flg=0x1000010 (has extras) } to com.google.android.cellbroadcastreceiver/com.android.cellbroadcastreceiver.CellBroadcastReceiver requires android.permission.ACCESS_FINE_LOCATION due to sender android (uid 1001)
11-11 16:40:36.704  2071  3996 W ContextImpl: Calling a method in the system process without a qualified user: android.app.ContextImpl.sendBroadcastMultiplePermissions:1258 android.content.Context.sendBroadcastMultiplePermissions:2215 com.android.server.TelephonyRegistry.broadcastServiceStateChanged:2986 com.android.server.TelephonyRegistry.notifyServiceStateForPhoneId:1614 com.android.internal.telephony.ITelephonyRegistry$Stub.onTransact:455 
11-11 16:40:36.712  2071  2419 W BroadcastQueue: Permission Denial: receiving Intent { act=android.intent.action.SERVICE_STATE flg=0x1000010 (has extras) } to com.google.android.cellbroadcastreceiver/com.android.cellbroadcastreceiver.CellBroadcastReceiver requires android.permission.READ_PHONE_STATE due to sender android (uid 1001)
11-11 16:40:36.740  2071  4222 I OplusCustomizeService: pkg:com.ses.entitlement.o2 isPlatformSigned, return true drectly 
11-11 16:40:36.740  2071  4222 E OplusCustomizeRestrictionManagerService: getMobileDataMode error :s == null
11-11 16:40:36.740  2071  4222 I OplusCustomizeService: pkg:com.ses.entitlement.o2 isPlatformSigned, return true drectly 
11-11 16:40:36.741  2071  4222 I OplusCustomizeService: pkg:com.ses.entitlement.o2 isPlatformSigned, return true drectly 
11-11 16:40:36.744  2071  4222 I OplusCustomizeService: pkg:com.ses.entitlement.o2 isPlatformSigned, return true drectly 
11-11 16:40:36.744  2071  4222 E OplusCustomizeRestrictionManagerService: getMobileDataMode error :s == null
11-11 16:40:36.744  2071  4222 I OplusCustomizeService: pkg:com.ses.entitlement.o2 isPlatformSigned, return true drectly 
11-11 16:40:36.744  2071  4222 I OplusCustomizeService: pkg:com.ses.entitlement.o2 isPlatformSigned, return true drectly 
11-11 16:40:36.753  2071  4222 I OplusCustomizeService: pkg:com.ses.entitlement.o2 isPlatformSigned, return true drectly 
11-11 16:40:36.753  2071  4222 E OplusCustomizeRestrictionManagerService: getMobileDataMode error :s == null
11-11 16:40:36.753  2071  4222 I OplusCustomizeService: pkg:com.ses.entitlement.o2 isPlatformSigned, return true drectly 
11-11 16:40:36.753  2071  4222 I OplusCustomizeService: pkg:com.ses.entitlement.o2 isPlatformSigned, return true drectly 
11-11 16:40:36.755  2071  3996 I OplusCustomizeService: pkg:com.ses.entitlement.o2 isPlatformSigned, return true drectly 
11-11 16:40:36.755  2071  3996 E OplusCustomizeRestrictionManagerService: getMobileDataMode error :s == null
11-11 16:40:36.756  2071  3996 I OplusCustomizeService: pkg:com.ses.entitlement.o2 isPlatformSigned, return true drectly 
11-11 16:40:36.756  2071  3996 I OplusCustomizeService: pkg:com.ses.entitlement.o2 isPlatformSigned, return true drectly 
11-11 16:40:39.373  2071  2461 D OplusFeatureBrightnessBarController: mDarkLevel: 0
11-11 16:40:41.186  2071  6783 D CompatibilityChangeReporter: Compat change id reported: 171306433; UID 10244; state: DISABLED
11-11 16:40:42.590  2071  2071 I OplusStatusBarManagerServiceExtImpl:  getTopIsFullscreen mTopIsFullscreen: false
11-11 16:40:42.601  2071  2071 W NotificationHistory: Attempted to add notif for locked/gone/disabled user 0
11-11 16:40:42.610  2071  4222 D UserManagerServiceExtImpl: getMultiSystemUserId  res = -10000
11-11 16:40:43.506  2071  4222 W PackageManager: package unknown uid 10161 pid 23980 call SetEnabledSetting(com.google.android.apps.messaging component = androidx.work.impl.background.systemalarm.RescheduleReceiver, 1, 0x1, 0)
11-11 16:40:45.191  2071  9097 D UsageStatsService: User[0] type=0 b=1668164731843 e=1668165045190 cb=1668083142177 ce=1668165043242 disk=0 all=8
11-11 16:40:48.775  2071  2461 D OplusFeatureBrightnessBarController: mDarkLevel: 0
11-11 16:40:50.087  2071  2461 D OplusFeatureBrightnessBarController: mDarkLevel: 0
11-11 16:40:50.976  2071  2461 D OplusFeatureBrightnessBarController: mDarkLevel: 0
11-11 16:40:51.064  2071  2071 W ActivityManager: Receiver with filter android.content.IntentFilter@f876cd4 already registered for pid 2071, callerPackage is android
11-11 16:40:54.376  2071  2461 D OplusFeatureBrightnessBarController: mDarkLevel: 0
11-11 16:40:55.375  2071  2461 D OplusFeatureBrightnessBarController: mDarkLevel: 0
11-11 16:40:56.672  2071  4628 W ContextImpl: Calling a method in the system process without a qualified user: android.app.ContextImpl.sendBroadcastMultiplePermissions:1208 com.android.server.TelephonyRegistry.broadcastServiceStateChanged:2971 com.android.server.TelephonyRegistry.notifyServiceStateForPhoneId:1614 com.android.internal.telephony.ITelephonyRegistry$Stub.onTransact:455 android.os.Binder.execTransactInternal:1226 
11-11 16:40:56.673  2071  3398 V OplusNPMS: getWarningNotification numWarningNotificaion10
11-11 16:40:56.673  2071  3398 V OplusNPMS: getWarningNotification numWarningNotificaion10
11-11 16:40:56.673  2071  3398 V OplusNPMS: getLimitNotificationState subID=1
11-11 16:40:56.673  2071  3398 V OplusNPMS: getLimitNotificationState mSubidToIccId != null
11-11 16:40:56.673  2071  4628 W ContextImpl: Calling a method in the system process without a qualified user: android.app.ContextImpl.sendBroadcastMultiplePermissions:1258 android.content.Context.sendBroadcastMultiplePermissions:2215 com.android.server.TelephonyRegistry.broadcastServiceStateChanged:2975 com.android.server.TelephonyRegistry.notifyServiceStateForPhoneId:1614 com.android.internal.telephony.ITelephonyRegistry$Stub.onTransact:455 
11-11 16:40:56.673  2071  2419 W BroadcastQueue: Permission Denial: receiving Intent { act=android.intent.action.SERVICE_STATE flg=0x1000010 (has extras) } to ProcessRecord{49f5e84 3581:com.android.systemui/u0a175} (pid=3581, uid=10175) requires android.permission.ACCESS_FINE_LOCATION due to sender android (uid 1001)
11-11 16:40:56.674  2071  2419 W BroadcastQueue: Permission Denial: receiving Intent { act=android.intent.action.SERVICE_STATE flg=0x1000010 (has extras) } to com.google.android.cellbroadcastreceiver/com.android.cellbroadcastreceiver.CellBroadcastReceiver requires android.permission.READ_PHONE_STATE due to sender android (uid 1001)
11-11 16:40:56.675  2071  2419 W BroadcastQueue: Permission Denial: receiving Intent { act=android.intent.action.SERVICE_STATE flg=0x1000010 (has extras) } to ProcessRecord{49f5e84 3581:com.android.systemui/u0a175} (pid=3581, uid=10175) requires android.permission.ACCESS_FINE_LOCATION due to sender android (uid 1001)
11-11 16:40:56.676  2071  4628 W ContextImpl: Calling a method in the system process without a qualified user: android.app.ContextImpl.sendBroadcastMultiplePermissions:1258 android.content.Context.sendBroadcastMultiplePermissions:2215 com.android.server.TelephonyRegistry.broadcastServiceStateChanged:2982 com.android.server.TelephonyRegistry.notifyServiceStateForPhoneId:1614 com.android.internal.telephony.ITelephonyRegistry$Stub.onTransact:455 
11-11 16:40:56.676  2071  2419 W BroadcastQueue: Permission Denial: receiving Intent { act=android.intent.action.SERVICE_STATE flg=0x1000010 (has extras) } to com.google.android.cellbroadcastreceiver/com.android.cellbroadcastreceiver.CellBroadcastReceiver requires android.permission.ACCESS_FINE_LOCATION due to sender android (uid 1001)
11-11 16:40:56.677  2071  4628 W ContextImpl: Calling a method in the system process without a qualified user: android.app.ContextImpl.sendBroadcastMultiplePermissions:1258 android.content.Context.sendBroadcastMultiplePermissions:2215 com.android.server.TelephonyRegistry.broadcastServiceStateChanged:2986 com.android.server.TelephonyRegistry.notifyServiceStateForPhoneId:1614 com.android.internal.telephony.ITelephonyRegistry$Stub.onTransact:455 
11-11 16:40:56.678  2071  2419 W BroadcastQueue: Permission Denial: receiving Intent { act=android.intent.action.SERVICE_STATE flg=0x1000010 (has extras) } to com.google.android.cellbroadcastreceiver/com.android.cellbroadcastreceiver.CellBroadcastReceiver requires android.permission.READ_PHONE_STATE due to sender android (uid 1001)
11-11 16:40:56.682  2071  3398 V OplusNPMS: getWarningNotification numWarningNotificaion10
11-11 16:40:56.682  2071  3398 V OplusNPMS: getWarningNotification numWarningNotificaion10
11-11 16:40:56.682  2071  3398 V OplusNPMS: getLimitNotificationState subID=1
11-11 16:40:56.682  2071  3398 V OplusNPMS: getLimitNotificationState mSubidToIccId != null
11-11 16:40:56.710  2071  6782 I OplusCustomizeService: pkg:com.ses.entitlement.o2 isPlatformSigned, return true drectly 
11-11 16:40:56.710  2071  6782 E OplusCustomizeRestrictionManagerService: getMobileDataMode error :s == null
11-11 16:40:56.710  2071  3780 I OplusCustomizeService: pkg:com.ses.entitlement.o2 isPlatformSigned, return true drectly 
11-11 16:40:56.710  2071  3780 I OplusCustomizeService: pkg:com.ses.entitlement.o2 isPlatformSigned, return true drectly 
11-11 16:40:56.714  2071  4628 I OplusCustomizeService: pkg:com.ses.entitlement.o2 isPlatformSigned, return true drectly 
11-11 16:40:56.714  2071  4628 E OplusCustomizeRestrictionManagerService: getMobileDataMode error :s == null
11-11 16:40:56.714  2071  4628 I OplusCustomizeService: pkg:com.ses.entitlement.o2 isPlatformSigned, return true drectly 
11-11 16:40:56.715  2071  6782 I OplusCustomizeService: pkg:com.ses.entitlement.o2 isPlatformSigned, return true drectly 
11-11 16:40:56.717  2071  4628 I OplusCustomizeService: pkg:com.ses.entitlement.o2 isPlatformSigned, return true drectly 
11-11 16:40:56.718  2071  4628 E OplusCustomizeRestrictionManagerService: getMobileDataMode error :s == null
11-11 16:40:56.718  2071  4628 I OplusCustomizeService: pkg:com.ses.entitlement.o2 isPlatformSigned, return true drectly 
11-11 16:40:56.718  2071  4628 I OplusCustomizeService: pkg:com.ses.entitlement.o2 isPlatformSigned, return true drectly 
11-11 16:40:56.723  2071  6782 I OplusCustomizeService: pkg:com.ses.entitlement.o2 isPlatformSigned, return true drectly 
11-11 16:40:56.723  2071  6782 E OplusCustomizeRestrictionManagerService: getMobileDataMode error :s == null
11-11 16:40:56.723  2071  4628 I OplusCustomizeService: pkg:com.ses.entitlement.o2 isPlatformSigned, return true drectly 
11-11 16:40:56.724  2071  6782 I OplusCustomizeService: pkg:com.ses.entitlement.o2 isPlatformSigned, return true drectly 
11-11 16:40:56.746  2071  3398 V OplusNPMS: getWarningNotification numWarningNotificaion10
11-11 16:40:56.747  2071  3398 V OplusNPMS: getWarningNotification numWarningNotificaion10
11-11 16:40:56.747  2071  3398 V OplusNPMS: getLimitNotificationState subID=1
11-11 16:40:56.747  2071  3398 V OplusNPMS: getLimitNotificationState mSubidToIccId != null
11-11 16:40:56.772  2071  2461 D OplusFeatureBrightnessBarController: mDarkLevel: 0
11-11 16:40:57.457  2071  2419 D CompatibilityChangeReporter: Compat change id reported: 177438394; UID 10147; state: DISABLED
11-11 16:40:57.457  2071  2419 D CompatibilityChangeReporter: Compat change id reported: 135772972; UID 10147; state: DISABLED
11-11 16:40:57.457  2071  2419 D CompatibilityChangeReporter: Compat change id reported: 135754954; UID 10147; state: ENABLED
11-11 16:40:57.458  2071  2413 D CompatibilityChangeReporter: Compat change id reported: 143937733; UID 10147; state: ENABLED
11-11 16:40:57.481  2071  2413 I ActivityManager: Start proc 28289:com.google.android.gm/u0a147 for broadcast {com.google.android.gm/com.google.firebase.iid.FirebaseInstanceIdReceiver}
11-11 16:40:57.482  2071  2413 W ContextImpl: Calling a method in the system process without a qualified user: android.app.ContextImpl.sendBroadcast:1175 com.android.server.am.OplusAppStartupConfig.sendAbnormalNotify:1210 com.android.server.am.OplusAppStartupConfig.notifyAbnormalInfo:1143 com.android.server.am.OplusAppStartupManager.handleStartAppInfo:5170 com.android.server.am.ProcessListExtImpl.hookHandleProcessStart:250 
11-11 16:40:57.531  2071  4628 D CompatibilityChangeReporter: Compat change id reported: 168419799; UID 10147; state: DISABLED
11-11 16:40:57.539 28289 28303 V ActivityThread: scheduleReceiver info = ActivityInfo{3065325 com.google.firebase.iid.FirebaseInstanceIdReceiver} intent = Intent { act=com.google.android.c2dm.intent.RECEIVE flg=0x1080010 pkg=com.google.android.gm cmp=com.google.android.gm/com.google.firebase.iid.FirebaseInstanceIdReceiver (has extras) } sync = true hasCode = 108801551
11-11 16:40:57.859  2071  4222 W PackageManager: package unknown uid 10147 pid 28289 call SetEnabledSetting(com.google.android.gm component = androidx.work.impl.background.systemjob.SystemJobService, 1, 0x1, 0)
11-11 16:40:58.043  2071  3780 W PackageManager: package unknown uid 10147 pid 28289 call SetEnabledSetting(com.google.android.gm component = com.google.android.apps.dynamite.features.hub.navigation.PeopleActivity, 1, 0x1, 0)
11-11 16:40:58.043  2071  3780 W PackageManager: package unknown uid 10147 pid 28289 call SetEnabledSetting(com.google.android.gm component = com.google.android.apps.dynamite.features.hub.navigation.RoomsActivity, 1, 0x1, 0)
11-11 16:40:58.044  2071  3780 W PackageManager: package unknown uid 10147 pid 28289 call SetEnabledSetting(com.google.android.gm component = com.google.android.apps.dynamite.services.notification.NotificationService, 1, 0x1, 0)
11-11 16:40:58.044  2071  3779 W PackageManager: package unknown uid 10147 pid 28289 call SetEnabledSetting(com.google.android.gm component = com.google.android.apps.dynamite.notifications.services.NotificationBackgroundSyncJobService, 1, 0x1, 0)
11-11 16:40:58.044  2071  3780 W PackageManager: package unknown uid 10147 pid 28289 call SetEnabledSetting(com.google.android.gm component = com.google.android.apps.dynamite.DynamiteDeepLink, 1, 0x1, 0)
11-11 16:40:58.045  2071  4628 W PackageManager: package unknown uid 10147 pid 28289 call SetEnabledSetting(com.google.android.gm component = com.google.android.libraries.communications.conference.ui.callui.SingleCallActivity, 1, 0x1, 0)
11-11 16:40:58.045  2071  4628 W PackageManager: package unknown uid 10147 pid 28289 call SetEnabledSetting(com.google.android.gm component = com.google.android.libraries.communications.conference.ui.callui.chat.ChatActivity, 1, 0x1, 0)
11-11 16:40:58.045  2071  4628 W PackageManager: package unknown uid 10147 pid 28289 call SetEnabledSetting(com.google.android.gm component = com.google.android.libraries.communications.conference.ui.greenroom.GreenroomActivity, 1, 0x1, 0)
11-11 16:40:58.046  2071  3780 W PackageManager: package unknown uid 10147 pid 28289 call SetEnabledSetting(com.google.android.gm component = com.google.android.libraries.communications.conference.ui.home.HomeActivity, 1, 0x1, 0)
11-11 16:40:58.046  2071  3780 W PackageManager: package unknown uid 10147 pid 28289 call SetEnabledSetting(com.google.android.gm component = com.google.android.libraries.communications.conference.ui.intents.ConferenceUrlHandlerActivity, 1, 0x1, 0)
11-11 16:40:58.046  2071  4628 W PackageManager: package unknown uid 10147 pid 28289 call SetEnabledSetting(com.google.android.gm component = com.google.android.libraries.communications.conference.ui.intents.ConferenceGatewayActivity, 1, 0x1, 0)
11-11 16:40:58.046  2071  3780 W PackageManager: package unknown uid 10147 pid 28289 call SetEnabledSetting(com.google.android.gm component = com.google.android.libraries.communications.conference.ui.intents.AssistantNewUrlHandlerActivity, 1, 0x1, 0)
11-11 16:40:58.047  2071  4628 W PackageManager: package unknown uid 10147 pid 28289 call SetEnabledSetting(com.google.android.gm component = com.google.android.libraries.communications.conference.ui.settings.SettingsActivity, 1, 0x1, 0)
11-11 16:41:00.013  2071  3996 E OplusCustomizeRestrictionManagerService: isBiometricDisabled start
11-11 16:41:00.014  2071  3780 E OplusCustomizeRestrictionManagerService: isBiometricDisabled start
11-11 16:41:01.375  2071  2461 D OplusFeatureBrightnessBarController: mDarkLevel: 0
11-11 16:41:04.669  2071  3780 W ContextImpl: Calling a method in the system process without a qualified user: android.app.ContextImpl.sendBroadcastMultiplePermissions:1208 com.android.server.TelephonyRegistry.broadcastServiceStateChanged:2971 com.android.server.TelephonyRegistry.notifyServiceStateForPhoneId:1614 com.android.internal.telephony.ITelephonyRegistry$Stub.onTransact:455 android.os.Binder.execTransactInternal:1226 
11-11 16:41:04.671  2071  2419 W BroadcastQueue: Permission Denial: receiving Intent { act=android.intent.action.SERVICE_STATE flg=0x1000010 (has extras) } to ProcessRecord{49f5e84 3581:com.android.systemui/u0a175} (pid=3581, uid=10175) requires android.permission.ACCESS_FINE_LOCATION due to sender android (uid 1001)
11-11 16:41:04.671  2071  3780 W ContextImpl: Calling a method in the system process without a qualified user: android.app.ContextImpl.sendBroadcastMultiplePermissions:1258 android.content.Context.sendBroadcastMultiplePermissions:2215 com.android.server.TelephonyRegistry.broadcastServiceStateChanged:2975 com.android.server.TelephonyRegistry.notifyServiceStateForPhoneId:1614 com.android.internal.telephony.ITelephonyRegistry$Stub.onTransact:455 
11-11 16:41:04.672  2071  2419 W BroadcastQueue: Permission Denial: receiving Intent { act=android.intent.action.SERVICE_STATE flg=0x1000010 (has extras) } to com.google.android.cellbroadcastreceiver/com.android.cellbroadcastreceiver.CellBroadcastReceiver requires android.permission.READ_PHONE_STATE due to sender android (uid 1001)
11-11 16:41:04.674  2071  2419 W BroadcastQueue: Permission Denial: receiving Intent { act=android.intent.action.SERVICE_STATE flg=0x1000010 (has extras) } to ProcessRecord{49f5e84 3581:com.android.systemui/u0a175} (pid=3581, uid=10175) requires android.permission.ACCESS_FINE_LOCATION due to sender android (uid 1001)
11-11 16:41:04.674  2071  3780 W ContextImpl: Calling a method in the system process without a qualified user: android.app.ContextImpl.sendBroadcastMultiplePermissions:1258 android.content.Context.sendBroadcastMultiplePermissions:2215 com.android.server.TelephonyRegistry.broadcastServiceStateChanged:2982 com.android.server.TelephonyRegistry.notifyServiceStateForPhoneId:1614 com.android.internal.telephony.ITelephonyRegistry$Stub.onTransact:455 
11-11 16:41:04.674  2071  2419 W BroadcastQueue: Permission Denial: receiving Intent { act=android.intent.action.SERVICE_STATE flg=0x1000010 (has extras) } to com.google.android.cellbroadcastreceiver/com.android.cellbroadcastreceiver.CellBroadcastReceiver requires android.permission.ACCESS_FINE_LOCATION due to sender android (uid 1001)
11-11 16:41:04.675  2071  3780 W ContextImpl: Calling a method in the system process without a qualified user: android.app.ContextImpl.sendBroadcastMultiplePermissions:1258 android.content.Context.sendBroadcastMultiplePermissions:2215 com.android.server.TelephonyRegistry.broadcastServiceStateChanged:2986 com.android.server.TelephonyRegistry.notifyServiceStateForPhoneId:1614 com.android.internal.telephony.ITelephonyRegistry$Stub.onTransact:455 
11-11 16:41:04.676  2071  2419 W BroadcastQueue: Permission Denial: receiving Intent { act=android.intent.action.SERVICE_STATE flg=0x1000010 (has extras) } to com.google.android.cellbroadcastreceiver/com.android.cellbroadcastreceiver.CellBroadcastReceiver requires android.permission.READ_PHONE_STATE due to sender android (uid 1001)
11-11 16:41:04.723  2071  4628 I OplusCustomizeService: pkg:com.ses.entitlement.o2 isPlatformSigned, return true drectly 
11-11 16:41:04.723  2071  4628 E OplusCustomizeRestrictionManagerService: getMobileDataMode error :s == null
11-11 16:41:04.723  2071  3398 V OplusNPMS: getWarningNotification numWarningNotificaion10
11-11 16:41:04.723  2071  3398 V OplusNPMS: getWarningNotification numWarningNotificaion10
11-11 16:41:04.723  2071  3398 V OplusNPMS: getLimitNotificationState subID=1
11-11 16:41:04.723  2071  3398 V OplusNPMS: getLimitNotificationState mSubidToIccId != null
11-11 16:41:04.723  2071  4628 I OplusCustomizeService: pkg:com.ses.entitlement.o2 isPlatformSigned, return true drectly 
11-11 16:41:04.724  2071  4628 I OplusCustomizeService: pkg:com.ses.entitlement.o2 isPlatformSigned, return true drectly 
11-11 16:41:04.732  2071  4628 I OplusCustomizeService: pkg:com.ses.entitlement.o2 isPlatformSigned, return true drectly 
11-11 16:41:04.732  2071  4628 E OplusCustomizeRestrictionManagerService: getMobileDataMode error :s == null
11-11 16:41:04.732  2071  4628 I OplusCustomizeService: pkg:com.ses.entitlement.o2 isPlatformSigned, return true drectly 
11-11 16:41:04.732  2071  4628 I OplusCustomizeService: pkg:com.ses.entitlement.o2 isPlatformSigned, return true drectly 
11-11 16:41:04.733  2071  3398 V OplusNPMS: getWarningNotification numWarningNotificaion10
11-11 16:41:04.734  2071  3398 V OplusNPMS: getWarningNotification numWarningNotificaion10
11-11 16:41:04.734  2071  3398 V OplusNPMS: getLimitNotificationState subID=1
11-11 16:41:04.734  2071  3398 V OplusNPMS: getLimitNotificationState mSubidToIccId != null
11-11 16:41:04.735  2071  4628 I OplusCustomizeService: pkg:com.ses.entitlement.o2 isPlatformSigned, return true drectly 
11-11 16:41:04.735  2071  4628 E OplusCustomizeRestrictionManagerService: getMobileDataMode error :s == null
11-11 16:41:04.736  2071  4222 I OplusCustomizeService: pkg:com.ses.entitlement.o2 isPlatformSigned, return true drectly 
11-11 16:41:04.736  2071  4628 I OplusCustomizeService: pkg:com.ses.entitlement.o2 isPlatformSigned, return true drectly 
11-11 16:41:04.746  2071  4628 I OplusCustomizeService: pkg:com.ses.entitlement.o2 isPlatformSigned, return true drectly 
11-11 16:41:04.746  2071  4628 E OplusCustomizeRestrictionManagerService: getMobileDataMode error :s == null
11-11 16:41:04.746  2071  4628 I OplusCustomizeService: pkg:com.ses.entitlement.o2 isPlatformSigned, return true drectly 
11-11 16:41:04.746  2071  4628 I OplusCustomizeService: pkg:com.ses.entitlement.o2 isPlatformSigned, return true drectly 
11-11 16:41:04.807  2071  3398 V OplusNPMS: getWarningNotification numWarningNotificaion10
11-11 16:41:04.807  2071  3398 V OplusNPMS: getWarningNotification numWarningNotificaion10
11-11 16:41:04.807  2071  3398 V OplusNPMS: getLimitNotificationState subID=1
11-11 16:41:04.807  2071  3398 V OplusNPMS: getLimitNotificationState mSubidToIccId != null
11-11 16:41:04.927  2071  3398 V OplusNPMS: getWarningNotification numWarningNotificaion10
11-11 16:41:04.927  2071  3398 V OplusNPMS: getWarningNotification numWarningNotificaion10
11-11 16:41:04.927  2071  3398 V OplusNPMS: getLimitNotificationState subID=1
11-11 16:41:04.927  2071  3398 V OplusNPMS: getLimitNotificationState mSubidToIccId != null
11-11 16:41:04.943  2071  3398 V OplusNPMS: getWarningNotification numWarningNotificaion10
11-11 16:41:04.943  2071  3398 V OplusNPMS: getWarningNotification numWarningNotificaion10
11-11 16:41:04.943  2071  3398 V OplusNPMS: getLimitNotificationState subID=1
11-11 16:41:04.943  2071  3398 V OplusNPMS: getLimitNotificationState mSubidToIccId != null
11-11 16:41:05.031  2071  3398 V OplusNPMS: getWarningNotification numWarningNotificaion10
11-11 16:41:05.032  2071  3398 V OplusNPMS: getWarningNotification numWarningNotificaion10
11-11 16:41:05.032  2071  3398 V OplusNPMS: getLimitNotificationState subID=1
11-11 16:41:05.032  2071  3398 V OplusNPMS: getLimitNotificationState mSubidToIccId != null
11-11 16:41:05.975  2071  2461 D OplusFeatureBrightnessBarController: mDarkLevel: 0
11-11 16:41:07.574  2071  2461 D OplusFeatureBrightnessBarController: mDarkLevel: 0
11-11 16:41:10.608  1466  1466 I Quality : SFJankCountInfo: 179; 0; 0; 0; 0; 0; 0; 0; 2; 0; 12
11-11 16:41:11.270  2071  4808 D OplusProxyWakeLock: remove uid: 10436 wiht all pids from wakelockUidInfo list
11-11 16:41:11.273  2071  2419 D CompatibilityChangeReporter: Compat change id reported: 135634846; UID 10260; state: DISABLED
11-11 16:41:11.273  2071  2419 D CompatibilityChangeReporter: Compat change id reported: 177438394; UID 10260; state: DISABLED
11-11 16:41:11.273  2071  2419 D CompatibilityChangeReporter: Compat change id reported: 135772972; UID 10260; state: DISABLED
11-11 16:41:11.273  2071  2419 D CompatibilityChangeReporter: Compat change id reported: 135754954; UID 10260; state: ENABLED
11-11 16:41:11.274  2071  2413 D CompatibilityChangeReporter: Compat change id reported: 143937733; UID 10260; state: ENABLED
11-11 16:41:11.299  2071  2071 D CompatibilityChangeReporter: Compat change id reported: 135634846; UID 10013; state: DISABLED
11-11 16:41:11.299  2071  2071 D CompatibilityChangeReporter: Compat change id reported: 177438394; UID 10013; state: DISABLED
11-11 16:41:11.300  2071  2071 D CompatibilityChangeReporter: Compat change id reported: 135772972; UID 10013; state: DISABLED
11-11 16:41:11.300  2071  2071 D CompatibilityChangeReporter: Compat change id reported: 135754954; UID 10013; state: ENABLED
11-11 16:41:11.304  2071  2413 I ActivityManager: Start proc 28434:in.swiggy.android:pushservice/u0a260 for broadcast {in.swiggy.android/com.xiaomi.push.service.receivers.PingReceiver}
11-11 16:41:11.305  2071  2413 D CompatibilityChangeReporter: Compat change id reported: 143937733; UID 10013; state: ENABLED
11-11 16:41:11.328  2071  2413 I ActivityManager: Start proc 28448:com.techmash.playo/u0a13 for service {com.techmash.playo/com.onesignal.SyncJobService}
11-11 16:41:11.336  2071  4628 D CompatibilityChangeReporter: Compat change id reported: 168419799; UID 10260; state: DISABLED
11-11 16:41:11.361  2071  4222 D CompatibilityChangeReporter: Compat change id reported: 168419799; UID 10013; state: DISABLED
11-11 16:41:11.595  2071  6094 W PackageManager: package unknown uid 10013 pid 28448 call SetEnabledSetting(com.techmash.playo component = androidx.work.impl.background.systemjob.SystemJobService, 1, 0x1, 0)
11-11 16:41:11.800  2071  3996 W PackageManager: package unknown uid 10161 pid 23980 call SetEnabledSetting(com.google.android.apps.messaging component = androidx.work.impl.background.systemalarm.RescheduleReceiver, 1, 0x1, 0)
11-11 16:41:12.382  2071  6094 D CompatibilityChangeReporter: Compat change id reported: 168419799; UID 10436; state: DISABLED
11-11 16:41:12.441  2071  3996 D CompatibilityChangeReporter: Compat change id reported: 171306433; UID 10260; state: DISABLED
11-11 16:41:13.372  2071  2461 D OplusFeatureBrightnessBarController: mDarkLevel: 0
11-11 16:41:14.543  2071  3996 W ContextImpl: Calling a method in the system process without a qualified user: android.app.ContextImpl.sendBroadcastMultiplePermissions:1208 com.android.server.TelephonyRegistry.broadcastServiceStateChanged:2971 com.android.server.TelephonyRegistry.notifyServiceStateForPhoneId:1614 com.android.internal.telephony.ITelephonyRegistry$Stub.onTransact:455 android.os.Binder.execTransactInternal:1226 
11-11 16:41:14.544  2071  3996 W ContextImpl: Calling a method in the system process without a qualified user: android.app.ContextImpl.sendBroadcastMultiplePermissions:1258 android.content.Context.sendBroadcastMultiplePermissions:2215 com.android.server.TelephonyRegistry.broadcastServiceStateChanged:2975 com.android.server.TelephonyRegistry.notifyServiceStateForPhoneId:1614 com.android.internal.telephony.ITelephonyRegistry$Stub.onTransact:455 
11-11 16:41:14.544  2071  2419 W BroadcastQueue: Permission Denial: receiving Intent { act=android.intent.action.SERVICE_STATE flg=0x1000010 (has extras) } to ProcessRecord{49f5e84 3581:com.android.systemui/u0a175} (pid=3581, uid=10175) requires android.permission.ACCESS_FINE_LOCATION due to sender android (uid 1001)
11-11 16:41:14.545  2071  3398 V OplusNPMS: getWarningNotification numWarningNotificaion10
11-11 16:41:14.545  2071  3398 V OplusNPMS: getWarningNotification numWarningNotificaion10
11-11 16:41:14.545  2071  3398 V OplusNPMS: getLimitNotificationState subID=1
11-11 16:41:14.545  2071  3398 V OplusNPMS: getLimitNotificationState mSubidToIccId != null
11-11 16:41:14.546  2071  2419 W BroadcastQueue: Permission Denial: receiving Intent { act=android.intent.action.SERVICE_STATE flg=0x1000010 (has extras) } to com.google.android.cellbroadcastreceiver/com.android.cellbroadcastreceiver.CellBroadcastReceiver requires android.permission.READ_PHONE_STATE due to sender android (uid 1001)
11-11 16:41:14.550  2071  2419 W BroadcastQueue: Permission Denial: receiving Intent { act=android.intent.action.SERVICE_STATE flg=0x1000010 (has extras) } to ProcessRecord{49f5e84 3581:com.android.systemui/u0a175} (pid=3581, uid=10175) requires android.permission.ACCESS_FINE_LOCATION due to sender android (uid 1001)
11-11 16:41:14.551  2071  2419 W BroadcastQueue: Permission Denial: receiving Intent { act=android.intent.action.SERVICE_STATE flg=0x1000010 (has extras) } to com.google.android.cellbroadcastreceiver/com.android.cellbroadcastreceiver.CellBroadcastReceiver requires android.permission.ACCESS_FINE_LOCATION due to sender android (uid 1001)
11-11 16:41:14.552  2071  3996 W ContextImpl: Calling a method in the system process without a qualified user: android.app.ContextImpl.sendBroadcastMultiplePermissions:1258 android.content.Context.sendBroadcastMultiplePermissions:2215 com.android.server.TelephonyRegistry.broadcastServiceStateChanged:2982 com.android.server.TelephonyRegistry.notifyServiceStateForPhoneId:1614 com.android.internal.telephony.ITelephonyRegistry$Stub.onTransact:455 
11-11 16:41:14.553  2071  3996 W ContextImpl: Calling a method in the system process without a qualified user: android.app.ContextImpl.sendBroadcastMultiplePermissions:1258 android.content.Context.sendBroadcastMultiplePermissions:2215 com.android.server.TelephonyRegistry.broadcastServiceStateChanged:2986 com.android.server.TelephonyRegistry.notifyServiceStateForPhoneId:1614 com.android.internal.telephony.ITelephonyRegistry$Stub.onTransact:455 
11-11 16:41:14.554  2071  2419 W BroadcastQueue: Permission Denial: receiving Intent { act=android.intent.action.SERVICE_STATE flg=0x1000010 (has extras) } to com.google.android.cellbroadcastreceiver/com.android.cellbroadcastreceiver.CellBroadcastReceiver requires android.permission.READ_PHONE_STATE due to sender android (uid 1001)
11-11 16:41:14.587  2071  3398 V OplusNPMS: getWarningNotification numWarningNotificaion10
11-11 16:41:14.587  2071  3398 V OplusNPMS: getWarningNotification numWarningNotificaion10
11-11 16:41:14.587  2071  3398 V OplusNPMS: getLimitNotificationState subID=1
11-11 16:41:14.587  2071  3398 V OplusNPMS: getLimitNotificationState mSubidToIccId != null
11-11 16:41:14.591  2071  4628 I OplusCustomizeService: pkg:com.ses.entitlement.o2 isPlatformSigned, return true drectly 
11-11 16:41:14.591  2071  4628 E OplusCustomizeRestrictionManagerService: getMobileDataMode error :s == null
11-11 16:41:14.591  2071  4628 I OplusCustomizeService: pkg:com.ses.entitlement.o2 isPlatformSigned, return true drectly 
11-11 16:41:14.592  2071  4222 I OplusCustomizeService: pkg:com.ses.entitlement.o2 isPlatformSigned, return true drectly 
11-11 16:41:14.594  2071  4222 I OplusCustomizeService: pkg:com.ses.entitlement.o2 isPlatformSigned, return true drectly 
11-11 16:41:14.594  2071  4222 E OplusCustomizeRestrictionManagerService: getMobileDataMode error :s == null
11-11 16:41:14.595  2071  4222 I OplusCustomizeService: pkg:com.ses.entitlement.o2 isPlatformSigned, return true drectly 
11-11 16:41:14.595  2071  4222 I OplusCustomizeService: pkg:com.ses.entitlement.o2 isPlatformSigned, return true drectly 
11-11 16:41:14.599  2071  4222 I OplusCustomizeService: pkg:com.ses.entitlement.o2 isPlatformSigned, return true drectly 
11-11 16:41:14.599  2071  4222 E OplusCustomizeRestrictionManagerService: getMobileDataMode error :s == null
11-11 16:41:14.599  2071  4222 I OplusCustomizeService: pkg:com.ses.entitlement.o2 isPlatformSigned, return true drectly 
11-11 16:41:14.599  2071  4222 I OplusCustomizeService: pkg:com.ses.entitlement.o2 isPlatformSigned, return true drectly 
11-11 16:41:14.609  2071  4628 I OplusCustomizeService: pkg:com.ses.entitlement.o2 isPlatformSigned, return true drectly 
11-11 16:41:14.609  2071  4628 E OplusCustomizeRestrictionManagerService: getMobileDataMode error :s == null
11-11 16:41:14.609  2071  4628 I OplusCustomizeService: pkg:com.ses.entitlement.o2 isPlatformSigned, return true drectly 
11-11 16:41:14.610  2071  4628 I OplusCustomizeService: pkg:com.ses.entitlement.o2 isPlatformSigned, return true drectly 
11-11 16:41:15.774  2071  2461 D OplusFeatureBrightnessBarController: mDarkLevel: 0
11-11 16:41:18.774  2071  2461 D OplusFeatureBrightnessBarController: mDarkLevel: 0
11-11 16:41:19.774  2071  2461 D OplusFeatureBrightnessBarController: mDarkLevel: 0
11-11 16:41:21.764  2071  4628 I ActivityManager: Killing 27234:com.myairtelapp/u0a263 (adj 975): empty #17
11-11 16:41:21.774  2071  4808 D OplusProxyWakeLock: remove uid: 10263 wiht all pids from wakelockUidInfo list
11-11 16:41:21.778  2071  4628 I ActivityManager: Killing 26800:com.google.android.apps.photos/u0a145 (adj 985): empty #18
11-11 16:41:21.977  2071  2461 D OplusFeatureBrightnessBarController: mDarkLevel: 0
11-11 16:41:24.176  2071  2461 D OplusFeatureBrightnessBarController: mDarkLevel: 0
11-11 16:41:26.261  2071  2461 D OplusFeatureBrightnessBarController: mDarkLevel: 0
11-11 16:41:27.174  2071  2461 D OplusFeatureBrightnessBarController: mDarkLevel: 0
11-11 16:41:28.376  2071  2461 D OplusFeatureBrightnessBarController: mDarkLevel: 0
11-11 16:41:29.776  2071  2461 D OplusFeatureBrightnessBarController: mDarkLevel: 0
11-11 16:41:32.574  2071  2461 D OplusFeatureBrightnessBarController: mDarkLevel: 0
11-11 16:41:34.574  2071  2461 D OplusFeatureBrightnessBarController: mDarkLevel: 0
11-11 16:41:36.481  2071  2419 D CompatibilityChangeReporter: Compat change id reported: 135634846; UID 10309; state: DISABLED
11-11 16:41:36.481  2071  2419 D CompatibilityChangeReporter: Compat change id reported: 177438394; UID 10309; state: DISABLED
11-11 16:41:36.482  2071  2419 D CompatibilityChangeReporter: Compat change id reported: 135772972; UID 10309; state: DISABLED
11-11 16:41:36.482  2071  2419 D CompatibilityChangeReporter: Compat change id reported: 135754954; UID 10309; state: ENABLED
11-11 16:41:36.482  2071  2413 D CompatibilityChangeReporter: Compat change id reported: 143937733; UID 10309; state: ENABLED
11-11 16:41:36.504  2071  2413 I ActivityManager: Start proc 28804:com.nis.app/u0a309 for broadcast {com.nis.app/com.google.firebase.iid.FirebaseInstanceIdReceiver}
11-11 16:41:36.578  2071  4628 D CompatibilityChangeReporter: Compat change id reported: 168419799; UID 10309; state: DISABLED
11-11 16:41:36.586 28804 28816 V ActivityThread: scheduleReceiver info = ActivityInfo{3065325 com.google.firebase.iid.FirebaseInstanceIdReceiver} intent = Intent { act=com.google.android.c2dm.intent.RECEIVE flg=0x11080010 pkg=com.nis.app cmp=com.nis.app/com.google.firebase.iid.FirebaseInstanceIdReceiver (has extras) } sync = true hasCode = 131046973
11-11 16:41:36.795  2071  6100 W PackageManager: package unknown uid 10309 pid 28804 call SetEnabledSetting(com.nis.app component = androidx.work.impl.background.systemjob.SystemJobService, 1, 0x1, 0)
11-11 16:41:37.038  2071  6100 I ActivityManager: Killing 27589:com.instagram.android/u0a244 (adj 985): empty #17
11-11 16:41:37.222  2071  2071 I OplusStatusBarManagerServiceExtImpl:  getTopIsFullscreen mTopIsFullscreen: false
11-11 16:41:37.223  2071  2071 D NotificationService: vibrateLinearmotorIfNeed, content://settings/system/notification_sound
11-11 16:41:37.227  2071  2071 W NotificationHistory: Attempted to add notif for locked/gone/disabled user 0
